******************************************************************************
                  TI ARM Linker PC v20.2.5                     
******************************************************************************
>> Linked Thu Mar  3 19:17:22 2022

OUTPUT FILE NAME:   <collector_LP_CC2652RB_tirtos7_ccs.out>
ENTRY POINT SYMBOL: "_c_int00"  address: 00011759


MEMORY CONFIGURATION

         name            origin    length      used     unused   attr    fill
----------------------  --------  ---------  --------  --------  ----  --------
  FLASH                 00000000   00056000  0001f204  00036dfc  R  X
  FLASH_LAST            00056000   00002000  00002000  00000000  R  X
  SRAM                  20000000   00014000  00004181  0000fe7f  RW X


SEGMENT ALLOCATION MAP

run origin  load origin   length   init length attrs members
----------  ----------- ---------- ----------- ----- -------
00000000    00000000    00016ecc   00016ecc    r-x
  00000000    00000000    0000003c   0000003c    r-- .resetVecs
  0000003c    0000003c    00000004   00000004    r-x .text.1
  00000040    00000040    0000232c   0000232c    r-- .const
  0000236c    0000236c    00014b60   00014b60    r-x .text.2
00016ecc    00016ecc    00000008   00000008    rw-
  00016ecc    00016ecc    00000008   00000008    rw- .args
00016ed8    00016ed8    00000330   00000330    r--
  00016ed8    00016ed8    00000330   00000330    r-- .cinit
0004e000    0004e000    00008000   00000000    rw-
  0004e000    0004e000    00008000   00000000    rw- .TI.bound:flashBuf0
00056000    00056000    00002000   00002000    r-x
  00056000    00056000    00001fa8   00001fa8    r-x .text.3
  00057fa8    00057fa8    00000058   00000058    r-- .ccfg
2000010c    2000010c    00000010   00000000    rw-
  2000010c    2000010c    00000010   00000000    rw- .data:RAM_MAC_BASE_ADDR
20001850    20001850    00000010   00000000    rw-
  20001850    20001850    00000010   00000000    rw- .TI.bound:dmaUart1RxControlTableEntry
20001860    20001860    00003b29   00000000    rw-
  20001860    20001860    00000010   00000000    rw- .TI.bound:dmaUart1TxControlTableEntry
  20001870    20001870    00002bc1   00000000    rw- .data
  20004438    20004438    00000f51   00000000    rw- .bss
20013aa0    20013aa0    00000560   00000000    rw-
  20013aa0    20013aa0    00000560   00000000    rw- .stack


SECTION ALLOCATION MAP

 output                                  attributes/
section   page    origin      length       input sections
--------  ----  ----------  ----------   ----------------
.resetVecs 
*          0    00000000    0000003c     
                  00000000    0000003c     ti_sysbios_config.obj (.resetVecs)

.vecs      0    20000000    000000d8     NOLOAD SECTION
                  20000000    000000d8     ti_sysbios_config.obj (.vecs)

.const     0    00000040    0000232c     
                  00000040    00000b40     ti_sysbios_config.obj (.const:$O2$$)
                  00000b80    00000568     maclib_secure_cc26x2_2_4g_tirtos7.a : hmac_rom_init.obj (.const:HMAC_ROM_Flash_JT)
                  000010e8    00000188     <whole-program> (.const:.string)
                  00001270    00000168     rf_multiMode_cc26x2.a : rf_patch_cpe_ieee_802_15_4.c.cc26x2.ccs.o (.const:patchImageIeee802154)
                  000013d8    00000150     driverlib.lib : osc.obj (.const:$O28$$)
                  00001528    00000101     rtsv7M4_T_le_v4SPD16_eabi.lib : ctype.c.obj (.const:.string:_ctypes_)
                  00001629    00000100     crc.obj (.const:.string:crc_table$14)
                  00001729    000000f8     mac_cfg.obj (.const:macPibTbl)
                  00001821    00000002     drivers_cc26x2.a : UART2CC26X2.oem4f (.const:.string:stopBits)
                  00001823    00000001     ti_drivers_config.obj (.const:TemperatureCC26X2_config)
                  00001824    000000cc     maclib_secure_cc26x2_2_4g_tirtos7.a : lmac_rom_init.obj (.const:LMAC_ROM_Flash_JT)
                  000018f0    000000b8     ti_radio_config.obj (.const:$O2$$)
                  000019a8    00000088     mac_cfg.obj (.const:macPibDefaults)
                  00001a30    00000084     drivers_cc26x2.a : Random.oem4f (.const:$P$T0$1)
                  00001ab4    00000084     ti_sysbios_config.obj (.const)
                  00001b38    00000078     cllc.obj (.const:$O7$$)
                  00001bb0    00000072     maclib_secure_cc26x2_2_4g_tirtos7.a : hmac_global.obj (.const:macAssociatingSt)
                  00001c22    00000072                                         : hmac_global.obj (.const:macIdleSt)
                  00001c94    00000072                                         : hmac_global.obj (.const:macPollingSt)
                  00001d06    00000072                                         : hmac_global.obj (.const:macScanningSt)
                  00001d78    00000072                                         : hmac_global.obj (.const:macStartingSt)
                  00001dea    00000002     cllc.obj (.const:keyUsageList$5)
                  00001dec    0000006c     maclib_secure_cc26x2_2_4g_tirtos7.a : icall_osal_rom_init.obj (.const:ICALL_OSAL_ROM_Flash_JT)
                  00001e58    0000006c     mac_user_config.obj (.const:macRfDriverTable)
                  00001ec4    00000058     mac_cfg.obj (.const:macSecurityPibTbl)
                  00001f1c    00000058     ti_drivers_config.obj (.const:uart2CC26X2HWAttrs)
                  00001f74    00000054     drivers_cc26x2.a : PowerCC26X2.oem4f (.const:resourceDB)
                  00001fc8    00000040     mac_user_config.obj (.const:macCryptoDriverTable)
                  00002008    00000040     maclib_secure_cc26x2_2_4g_tirtos7.a : hmac_global.obj (.const:macTimerRolloverValue)
                  00002048    00000038                                         : hmac_global.obj (.const:macCmdIncludeFHIe)
                  00002080    00000028     drivers_cc26x2.a : NVSCC26XX.oem4f (.const:NVSCC26XX_fxnTable)
                  000020a8    00000024     cui.obj (.const:$O9$$)
                  000020cc    00000024     mac_user_config.obj (.const:$P$T0$1$13)
                  000020f0    00000024     drivers_cc26x2.a : UART2.oem4f (.const:UART2_defaultParams)
                  00002114    00000020     ti_sysbios_config.obj (.const:.string)
                  00002134    00000020     rf_multiMode_cc26x2.a : RFCC26X2_multiMode.c.cc26x2.ccs.o (.const:RF_defaultParams)
                  00002154    00000020     cllc.obj (.const:keyDeviceList$5)
                  00002174    00000018     csf.obj (.const:$O5$$)
                  0000218c    00000018     drivers_cc26x2.a : PWM.oem4f (.const:PWM_defaultParams)
                  000021a4    00000018     maclib_secure_cc26x2_2_4g_tirtos7.a : hmac_global.obj (.const:macSendMsgBufSize)
                  000021bc    00000015     ti_drivers_config.obj (.const)
                  000021d1    00000001     ti_drivers_config.obj (.const:aesccmCC26XXHWAttrs)
                  000021d2    00000002     --HOLE-- [fill = 0]
                  000021d4    00000014     drivers_cc26x2.a : Button.oem4f (.const:Button_defaultParams)
                  000021e8    00000014     ti_drivers_config.obj (.const:PowerCC26X2_config)
                  000021fc    00000014     drivers_cc26x2.a : TRNG.oem4f (.const:TRNG_defaultParams)
                  00002210    00000013     macTask.obj (.const:.string:msacbackSizeTable)
                  00002223    00000001     --HOLE-- [fill = 0]
                  00002224    00000010     drivers_cc26x2.a : AESCCM.oem4f (.const:AESCCM_defaultParams)
                  00002234    00000010     ti_drivers_config.obj (.const:ButtonHWAttrs)
                  00002244    00000010     ti_drivers_config.obj (.const:Button_config)
                  00002254    00000010     ti_drivers_config.obj (.const:GPIO_config)
                  00002264    00000010     ti_drivers_config.obj (.const:LED_config)
                  00002274    00000010     maclib_secure_cc26x2_2_4g_tirtos7.a : hmac_global.obj (.const:macIEEEPhyTable)
                  00002284    0000000e                                         : hmac_global.obj (.const:.string:macCmdBufSize)
                  00002292    0000000e                                         : hmac_global.obj (.const:.string:macTxFrameFailed)
                  000022a0    0000000e                                         : hmac_global.obj (.const:.string:macTxFrameSuccess)
                  000022ae    00000002     --HOLE-- [fill = 0]
                  000022b0    0000000c     drivers_cc26x2.a : Random.oem4f (.const:$P$T1$2)
                  000022bc    0000000c     maclib_secure_cc26x2_2_4g_tirtos7.a : hmac_global.obj (.const:.string:macCbackEventTbl)
                  000022c8    0000000c                                         : hmac_global.obj (.const:.string:macSendMsgDataSize)
                  000022d4    0000000c     ti_drivers_config.obj (.const:NVS_config)
                  000022e0    0000000c     ti_drivers_config.obj (.const:RFCC26XX_hwAttrs)
                  000022ec    00000009     maclib_secure_cc26x2_2_4g_tirtos7.a : hmac_global.obj (.const:.string:macCmdLen)
                  000022f5    00000003     --HOLE-- [fill = 0]
                  000022f8    00000008                                         : mac_rx.obj (.const:$O21$$)
                  00002300    00000008     driverlib.lib : aux_sysif.obj (.const:$O29$$)
                  00002308    00000008     main.obj (.const:.string:dummyExtAddr$7)
                  00002310    00000008     maclib_secure_cc26x2_2_4g_tirtos7.a : hmac_global.obj (.const:.string:macAuthTagLen)
                  00002318    00000008     ti_drivers_config.obj (.const:AESCCM_config)
                  00002320    00000008     drivers_cc26x2.a : LED.oem4f (.const:LED_defaultParams)
                  00002328    00000008     ti_drivers_config.obj (.const:UART2_config)
                  00002330    00000008     ti_drivers_config.obj (.const:UDMACC26XX_config)
                  00002338    00000008     ti_drivers_config.obj (.const:nvsCC26XXHWAttrs)
                  00002340    00000008     ti_drivers_config.obj (.const:udmaCC26XXHWAttrs)
                  00002348    00000005     drivers_cc26x2.a : UART2CC26X2.oem4f (.const:.string:parityType)
                  0000234d    00000005                      : UART2CC26X2.oem4f (.const:.string:rxFifoThreshold)
                  00002352    00000005                      : UART2CC26X2.oem4f (.const:.string:txFifoThreshold)
                  00002357    00000004                      : UART2CC26X2.oem4f (.const:.string:dataLength)
                  0000235b    00000004     maclib_secure_cc26x2_2_4g_tirtos7.a : hmac_global.obj (.const:.string:macKeySourceLen)
                  0000235f    00000004     ti_drivers_config.obj (.const:LEDHWAttrs)
                  00002363    00000001     --HOLE-- [fill = 0]
                  00002364    00000004     drivers_cc26x2.a : NVS.oem4f (.const:NVS_defaultParams)
                  00002368    00000004     ti_sysbios_config.obj (.const:ti_sysbios_knl_Idle_funcList)

.cinit     0    00016ed8    00000330     
                  00016ed8    000002d5     (.cinit..data.load) [load image, compression = lzss]
                  000171ad    00000003     --HOLE-- [fill = 0]
                  000171b0    0000000c     (__TI_handler_table)
                  000171bc    00000004     --HOLE-- [fill = 0]
                  000171c0    00000008     (.cinit..TI.bound:dmaUart1RxControlTableEntry.load) [load image, compression = zero_init]
                  000171c8    00000008     (.cinit..TI.bound:dmaUart1TxControlTableEntry.load) [load image, compression = zero_init]
                  000171d0    00000008     (.cinit..bss.load) [load image, compression = zero_init]
                  000171d8    00000008     (.cinit..data:RAM_MAC_BASE_ADDR.load) [load image, compression = zero_init]
                  000171e0    00000028     (__TI_cinit_table)

.init_array 
*          0    00000000    00000000     UNINITIALIZED

.text.1    0    0000003c    00000004     
                  0000003c    00000004     ti_sysbios_config.obj (.text:CPUwfi)

.text.2    0    0000236c    00014b60     
                  0000236c    00000412     csf.obj (.text:Csf_processEvents)
                  0000277e    00000002     ti_sysbios_config.obj (.text:BIOS_nullFunc)
                  00002780    000003a0     csf.obj (.text:Csf_init)
                  00002b20    00000378     api_mac.obj (.text:processIncomingICallMsg$8)
                  00002e98    00000378     collector.obj (.text:processSensorData$3)
                  00003210    00000323     ti_sysbios_config.obj (.text:ti_sysbios_runtime_System_doPrint)
                  00003533    00000001     --HOLE-- [fill = 0]
                  00003534    000002cc     nvocmp.obj (.text:NVOCMP_compactPage$15)
                  00003800    00000298     rf_multiMode_cc26x2.a : RFCC26X2_multiMode.c.cc26x2.ccs.o (.text:RF_open)
                  00003a98    00000278     drivers_cc26x2.a : UART2.oem4f (.text:UART2_writeTimeout)
                  00003d10    00000274     nvocmp.obj (.text:NVOCMP_compact$15)
                  00003f84    0000025c     maclib_secure_cc26x2_2_4g_tirtos7.a : mac_pwr.obj (.text:macPwrVote)
                  000041e0    0000024c                                         : mac_radio_tx.obj (.text:macRadioCsmaTxCbIeee$29)
                  0000442c    00000244     collector.obj (.text:dataIndCB$3)
                  00004670    00000230     csf.obj (.text:setChMaskAction$4)
                  000048a0    0000021c     maclib_secure_cc26x2_2_4g_tirtos7.a : mac.obj (.text:macSendReceiveCmdIeee)
                  00004abc    00000210     rf_multiMode_cc26x2.a : RFCC26X2_multiMode.c.cc26x2.ccs.o (.text:RF_scheduleCmd)
                  00004ccc    00000208     nvocmp.obj (.text:NVOCMP_addItem$15)
                  00004ed4    00000200     drivers_cc26x2.a : UART2.oem4f (.text:UART2_readTimeout)
                  000050d4    000001f4                      : UART2CC26X2.oem4f (.text:UART2CC26X2_hwiIntFxn)
                  000052c8    000001f0     maclib_secure_cc26x2_2_4g_tirtos7.a : mac_tx.obj (.text:macTxFrame)
                  000054b8    000001e0                                         : mac_hl_patch.obj (.text:macWrapperAddKeyInitFCtr)
                  00005698    000001dc     rf_multiMode_cc26x2.a : RFCC26X2_multiMode.c.cc26x2.ccs.o (.text:RF_dispatchNextCmd)
                  00005874    000001dc     drivers_cc26x2.a : UART2CC26X2.oem4f (.text:UART2_open)
                  00005a50    000001c8     csf.obj (.text:setNwkKeyAction$4)
                  00005c18    000001c0     mac_user_config.obj (.text:rfSelect)
                  00005dd8    000001b0     maclib_secure_cc26x2_2_4g_tirtos7.a : mac_rx.obj (.text:rxPayloadIsr$22)
                  00005f88    000001ac                                         : mac_hl_patch.obj (.text:macRxBeaconCritical)
                  00006134    000001a4                                         : mac_hl_patch.obj (.text:macWrapperDeleteKeyAndAssociatedDevices)
                  000062d8    0000019c                                         : mac_hl_patch.obj (.text:macIncomingFrameSecurityMaterialRetrieval)
                  00006474    00000198     drivers_cc26x2.a : PowerCC26X2.oem4f (.text:Power_sleep)
                  0000660c    00000198     maclib_secure_cc26x2_2_4g_tirtos7.a : mac_hl_patch.obj (.text:macWrapperDeleteDevice)
                  000067a4    00000190     drivers_cc26x2.a : PowerCC26X2_calibrateRCOSC.oem4f (.text:calibrateRcoscHf1)
                  00006934    0000018c     maclib_secure_cc26x2_2_4g_tirtos7.a : mac_hl_patch.obj (.text:macIncomingFrameSecurity)
                  00006ac0    0000018c     drivers_cc26x2.a : PowerCC26X2_calibrateRCOSC.oem4f (.text:runCalibrateFsm)
                  00006c4c    00000188     maclib_secure_cc26x2_2_4g_tirtos7.a : mac_radio_tx.obj (.text:macRadioTxGoIeee$29)
                  00006dd4    00000180     csf.obj (.text:setPanIdAction$4)
                  00006f54    00000174     maclib_secure_cc26x2_2_4g_tirtos7.a : mac_tx.obj (.text:txCsmaDelay)
                  000070c8    0000016e     drivers_cc26x2.a : Button.oem4f (.text:Button_clockTimeoutHandler)
                  00007236    00000002     ti_drivers_config.obj (.text:Board_initHook)
                  00007238    0000016c     drivers_cc26x2.a : PowerCC26X2.oem4f (.text:Power_init)
                  000073a4    0000016c     driverlib.lib : osc.obj (.text:findHposcCoefficients$43)
                  00007510    00000164     collector.obj (.text:Collector_init)
                  00007674    00000164     maclib_secure_cc26x2_2_4g_tirtos7.a : mac_hl_patch.obj (.text:macWrapperDeleteAllDevices)
                  000077d8    0000015c                                         : mac_hl_patch.obj (.text:macScanNextChan)
                  00007934    00000158     driverlib.lib : sys_ctrl.obj (.text:NOROM_SysCtrlStandby)
                  00007a8c    00000154     nvocmp.obj (.text:NVOCMP_findItem$15)
                  00007be0    00000154     rf_multiMode_cc26x2.a : RFCC26X2_multiMode.c.cc26x2.ccs.o (.text:RF_radioOpDoneCb)
                  00007d34    00000148     collector.obj (.text:dataCnfCB$3)
                  00007e7c    00000144     rf_multiMode_cc26x2.a : RFCC26X2_multiMode.c.cc26x2.ccs.o (.text:RF_fsmSetupState)
                  00007fc0    00000144     csf.obj (.text:updateCollectorStatusLine$4)
                  00008104    00000140     csf.obj (.text:sensorSelectAction$4)
                  00008244    0000013c     drivers_cc26x2.a : AESCCMCC26XX.oem4f (.text:AESCCM_startOperation)
                  00008380    0000013c     cui.obj (.text:CUI_dispMenu$6)
                  000084bc    00000138     drivers_cc26x2.a : NVSCC26XX.oem4f (.text:NVSCC26XX_write)
                  000085f4    00000138     rf_multiMode_cc26x2.a : RFCC26X2_multiMode.c.cc26x2.ccs.o (.text:RF_abortCmd)
                  0000872c    00000138                           : RFCC26X2_multiMode.c.cc26x2.ccs.o (.text:RF_ratSetupChannel)
                  00008864    00000138     maclib_secure_cc26x2_2_4g_tirtos7.a : mac_hl_patch.obj (.text:macBuildDataFrame)
                  0000899c    0000012c     drivers_cc26x2.a : UART2CC26X2.oem4f (.text:UART2CC26X2_initHw)
                  00008ac8    00000128     ti_sysbios_config.obj (.text:ti_sysbios_family_arm_cc26xx_Timer_construct)
                  00008bf0    00000120     cui.obj (.text:CUI_statusLinePrintf)
                  00008d10    00000120     csf.obj (.text:Csf_deviceUpdate)
                  00008e30    00000120     rf_multiMode_cc26x2.a : RFCC26X2_multiMode.c.cc26x2.ccs.o (.text:RF_close)
                  00008f50    00000120     drivers_cc26x2.a : PowerCC26X2.oem4f (.text:configureXOSCHF)
                  00009070    00000120     collector.obj (.text:generateTrackingRequests$3)
                  00009190    00000118     maclib_secure_cc26x2_2_4g_tirtos7.a : mac.obj (.text:macSetupRATChanCompare)
                  000092a8    00000118     csf.obj (.text:sensorSetReportInterval$4)
                  000093c0    00000114     macTask.obj (.text:MAC_CbackEvent)
                  000094d4    00000114     maclib_secure_cc26x2_2_4g_tirtos7.a : mac_radio.obj (.text:macRadioInitIeee)
                  000095e8    00000110     cui.obj (.text:CUI_init)
                  000096f8    00000110     cui.obj (.text:CUI_menuActionHelp)
                  00009808    00000110     drivers_cc26x2.a : LED.oem4f (.text:LED_open)
                  00009918    00000104     rf_multiMode_cc26x2.a : RFCC26X2_multiMode.c.cc26x2.ccs.o (.text:RF_hwiCpe0Active)
                  00009a1c    00000100     cui.obj (.text:CUI_statusLineResourceRequest)
                  00009b1c    000000fc     driverlib.lib : setup.obj (.text:TrimAfterColdResetWakeupFromShutDown$42)
                  00009c18    000000fc     maclib_secure_cc26x2_2_4g_tirtos7.a : mac_hl_patch.obj (.text:macOutgoingFrameKeyDescRetrieval)
                  00009d14    000000f8     rf_multiMode_cc26x2.a : RFCC26X2_multiMode.c.cc26x2.ccs.o (.text:RF_decodeOverridePointers)
                  00009e0c    000000f8     ti_sysbios_config.obj (.text:ti_sysbios_knl_TaskSupport_buildTaskStack)
                  00009f04    000000f4     sysbios.a : Hwi_asm.obj (.text:ti_sysbios_family_arm_m3_Hwi_dispatch)
                  00009ff8    000000f0     rf_multiMode_cc26x2.a : RFCC26X2_multiMode.c.cc26x2.ccs.o (.text:RF_fsmPowerUpState)
                  0000a0e8    000000ec     nvocmp.obj (.text:NVOCMP_cleanPage$15)
                  0000a1d4    000000e8     drivers_cc26x2.a : GPIOCC26XX.oem4f (.text:GPIO_init)
                  0000a2bc    000000e8                      : UART2CC26X2.oem4f (.text:UART2Support_dmaStartRx)
                  0000a3a4    000000e8     main.obj (.text:main)
                  0000a48c    000000e4     maclib_secure_cc26x2_2_4g_tirtos7.a : mac_hl_patch.obj (.text:macOutgoingFrameSecurity)
                  0000a570    000000e4                                         : mac_hl_patch.obj (.text:macScanRxCoordRealign)
                  0000a654    000000e0     rf_multiMode_cc26x2.a : RFCC26X2_multiMode.c.cc26x2.ccs.o (.text:RF_control)
                  0000a734    000000dc     collector.obj (.text:Collector_sendConfigRequest)
                  0000a810    000000dc     driverlib.lib : aes.obj (.text:NOROM_AESWriteToKeyStore)
                  0000a8ec    000000dc     maclib_secure_cc26x2_2_4g_tirtos7.a : mac_hl_patch.obj (.text:macBuildHeaderIes)
                  0000a9c8    000000d8     rf_multiMode_cc26x2.a : RFCC26X2_multiMode.c.cc26x2.ccs.o (.text:RF_pendCmd)
                  0000aaa0    000000d8     maclib_secure_cc26x2_2_4g_tirtos7.a : mac_hl_patch.obj (.text:macCcmStarTransform)
                  0000ab78    000000d8                                         : mac_hl_patch.obj (.text:macEdScanISR)
                  0000ac50    000000d8     collector.obj (.text:sendMsg$3)
                  0000ad28    000000d8     maclib_secure_cc26x2_2_4g_tirtos7.a : mac_tx.obj (.text:txCsmaPrep$25)
                  0000ae00    000000d4                                         : mac_hl_patch.obj (.text:MAC_MlmeScanReq)
                  0000aed4    000000d4     ti_sysbios_config.obj (.text:ti_sysbios_knl_Task_Instance_init)
                  0000afa8    000000d2     rf_multiMode_cc26x2.a : RFCC26X2_multiMode.c.cc26x2.ccs.o (.text:RF_updatePaConfiguration)
                  0000b07a    00000002                           : rfc.c.cc26x2.ccs.o (.text:NOROM_RFCCpePatchReset)
                  0000b07c    000000d0     maclib_secure_cc26x2_2_4g_tirtos7.a : mac_low_level.obj (.text:macLowLevelBufferInit)
                  0000b14c    000000cc     drivers_cc26x2.a : Button.oem4f (.text:Button_open)
                  0000b218    000000cc     rf_multiMode_cc26x2.a : RFCC26X2_multiMode.c.cc26x2.ccs.o (.text:RF_swiHw)
                  0000b2e4    000000cc     maclib_secure_cc26x2_2_4g_tirtos7.a : mac_timer.obj (.text:macSymbolTimerTriggerCallback)
                  0000b3b0    000000c8     driverlib.lib : setup.obj (.text:NOROM_SetupTrimDevice)
                  0000b478    000000c4     cllc.obj (.text:Cllc_removeDevice)
                  0000b53c    000000c4     maclib_secure_cc26x2_2_4g_tirtos7.a : mac_autopend.obj (.text:MAC_SrcMatchAddEntry)
                  0000b600    000000c4                                         : mac_hl_patch.obj (.text:macApiStartReq)
                  0000b6c4    000000c4     ti_sysbios_config.obj (.text:ti_sysbios_knl_Semaphore_pend)
                  0000b788    000000c0     maclib_secure_cc26x2_2_4g_tirtos7.a : mac_pwr.obj (.text:MAC_PwrOffReq)
                  0000b848    000000c0     nvocmp.obj (.text:NVOCMP_erase$15)
                  0000b908    000000c0     drivers_cc26x2.a : PowerCC26X2.oem4f (.text:Power_releaseDependency)
                  0000b9c8    000000c0                      : TRNGCC26XX.oem4f (.text:TRNG_getRandom)
                  0000ba88    000000c0     maclib_secure_cc26x2_2_4g_tirtos7.a : mac_rx.obj (.text:rxPostRxUpdates$22)
                  0000bb48    000000bc     rf_multiMode_cc26x2.a : RFCC26X2_multiMode.c.cc26x2.ccs.o (.text:RF_initRadioSetup)
                  0000bc04    000000bc     maclib_secure_cc26x2_2_4g_tirtos7.a : mac_hl_patch.obj (.text:macAutoPoll)
                  0000bcc0    000000bc                                         : mac.obj (.text:macGetRFCmdDuration)
                  0000bd7c    000000b8     drivers_cc26x2.a : PowerCC26X2.oem4f (.text:Power_setDependency)
                  0000be34    000000b8     maclib_secure_cc26x2_2_4g_tirtos7.a : mac_hl_patch.obj (.text:macMgmtReset)
                  0000beec    000000b6     driverlib.lib : osc.obj (.text:multiplyColumns$43)
                  0000bfa2    00000002     rf_multiMode_cc26x2.a : RFCC26X2_multiMode.c.cc26x2.ccs.o (.text:RF_defaultCallback)
                  0000bfa4    000000b4     ti_sysbios_config.obj (.text:PowerCC26XX_standbyPolicy)
                  0000c058    000000b4     cllc.obj (.text:assocIndCb$5)
                  0000c10c    000000b0     maclib_secure_cc26x2_2_4g_tirtos7.a : mac_hl_patch.obj (.text:macDataTxComplete)
                  0000c1bc    000000b0                                         : mac_radio.obj (.text:macRadioUpdateTxPower)
                  0000c26c    000000b0     ti_sysbios_config.obj (.text:ti_sysbios_knl_Task_setPri)
                  0000c31c    000000ac     nvocmp.obj (.text:NVOCMP_readContItemApi$15)
                  0000c3c8    000000ac     drivers_cc26x2.a : UART2CC26X2.oem4f (.text:UART2Support_dmaStartTx)
                  0000c474    000000ac     maclib_secure_cc26x2_2_4g_tirtos7.a : mac_hl_patch.obj (.text:macApiBeaconStartReq)
                  0000c520    000000ac     api_mac.obj (.text:processBeaconNotifyInd$8)
                  0000c5cc    000000a8     maclib_secure_cc26x2_2_4g_tirtos7.a : mac_hl_patch.obj (.text:macBeaconCheckTxTime)
                  0000c674    000000a8                                         : mac_hl_patch.obj (.text:macTrackTimeoutCallback)
                  0000c71c    000000a8                                         : mac_tx.obj (.text:txComplete)
                  0000c7c4    000000a4     rf_multiMode_cc26x2.a : RFCC26X2_multiMode.c.cc26x2.ccs.o (.text:RF_ratRestartChannels)
                  0000c868    000000a4     driverlib.lib : osc.obj (.text:findHposcPc$43)
                  0000c90c    000000a4     maclib_secure_cc26x2_2_4g_tirtos7.a : mac_hl_patch.obj (.text:macCcmStarInverseTransform)
                  0000c9b0    000000a4                                         : mac.obj (.text:macSetupReceiveCmd)
                  0000ca54    000000a4     ti_sysbios_config.obj (.text:ti_sysbios_knl_Clock_workFuncDynamic)
                  0000caf8    000000a0     nvocmp.obj (.text:NVOCMP_initNvApi$15)
                  0000cb98    000000a0     rf_multiMode_cc26x2.a : RFCC26X2_multiMode.c.cc26x2.ccs.o (.text:RF_cmdDispatchTime)
                  0000cc38    000000a0                           : RFCC26X2_multiMode.c.cc26x2.ccs.o (.text:RF_requestAccess)
                  0000ccd8    000000a0     drivers_cc26x2.a : UART2CC26X2.oem4f (.text:UART2_close)
                  0000cd78    000000a0     maclib_secure_cc26x2_2_4g_tirtos7.a : mac_hl_patch.obj (.text:macBlacklistChecking)
                  0000ce18    000000a0                                         : mac_radio.obj (.text:scheduleNopWakeupCmd)
                  0000ceb8    000000a0     sysbios.a : auto_init.obj (.text)
                  0000cf58    0000009c     cllc.obj (.text:Cllc_init)
                  0000cff4    0000009c     nvocmp.obj (.text:NVOCMP_readHeader$15)
                  0000d090    0000009c     rf_multiMode_cc26x2.a : RFCC26X2_multiMode.c.cc26x2.ccs.o (.text:RF_hposcRfCompensateFxn)
                  0000d12c    0000009c     drivers_cc26x2.a : TRNGCC26XX.oem4f (.text:TRNG_construct)
                  0000d1c8    0000009c     maclib_secure_cc26x2_2_4g_tirtos7.a : mac_radio.obj (.text:macRadioUpdateChannel)
                  0000d264    0000009c                                         : mac_radio.obj (.text:macRadioUpdateChannelRx)
                  0000d300    0000009c                                         : mac_tx.obj (.text:macTxDoneCallback)
                  0000d39c    0000009c     rtsv7M4_T_le_v4SPD16_eabi.lib : memcpy_t2.asm.obj (.text)
                  0000d438    0000009c     ti_sysbios_config.obj (.text:ti_sysbios_knl_Task_Instance_finalize)
                  0000d4d4    00000098     driverlib.lib : osc.obj (.text:NOROM_OSC_HPOSCInitializeFrequencyOffsetParameters)
                  0000d56c    00000098     nvocmp.obj (.text:NVOCMP_updateItemApi$15)
                  0000d604    00000098     rf_multiMode_cc26x2.a : RFCC26X2_multiMode.c.cc26x2.ccs.o (.text:RF_calculateDispatchTime)
                  0000d69c    00000098     drivers_cc26x2.a : TRNGCC26XX.oem4f (.text:TRNGCC26XX_hwiFxn)
                  0000d734    00000098     maclib_secure_cc26x2_2_4g_tirtos7.a : mac_hl_patch.obj (.text:macAutoPendAddSrcMatchTableEntry)
                  0000d7cc    00000096     rtsv7M4_T_le_v4SPD16_eabi.lib : ull_div_t2.asm.obj (.text)
                  0000d862    00000002     drivers_cc26x2.a : UART2CC26X2.oem4f (.text:UART2CC26X2_eventCallback)
                  0000d864    00000094     csf.obj (.text:Csf_updateFrameCounter)
                  0000d8f8    00000094     nvocmp.obj (.text:NVOCMP_getDstPage$15)
                  0000d98c    00000094     maclib_secure_cc26x2_2_4g_tirtos7.a : mac_hl_patch.obj (.text:macIncomingSecurityLevelChecking)
                  0000da20    00000094                                         : mac.obj (.text:macRatCb_A)
                  0000dab4    00000092     driverlib.lib : osc.obj (.text:findDenominator$43)
                  0000db46    00000002     rtsv7M4_T_le_v4SPD16_eabi.lib : _lock.c.obj (.text:_nop)
                  0000db48    00000090     maclib_secure_cc26x2_2_4g_tirtos7.a : mac_hl_patch.obj (.text:MAC_ResumeReq)
                  0000dbd8    00000090     rf_multiMode_cc26x2.a : RFCC26X2_multiMode.c.cc26x2.ccs.o (.text:RF_discardPendCmd)
                  0000dc68    00000090                           : RFCC26X2_multiMode.c.cc26x2.ccs.o (.text:RF_getInfo)
                  0000dcf8    00000090     maclib_secure_cc26x2_2_4g_tirtos7.a : mac_hl_patch.obj (.text:macCcmDecrypt)
                  0000dd88    0000008e     driverlib.lib : osc.obj (.text:findNumerator$43)
                  0000de16    00000002     drivers_cc26x2.a : PowerCC26X2.oem4f (.text:emptyClockFunc)
                  0000de18    0000008c     maclib_osal_tirtos7_cc13x2_26x2.a : osal_port.obj (.text:OsalPort_heapMalloc$39)
                  0000dea4    0000008c     api_mac.obj (.text:copyDataInd$8)
                  0000df30    0000008c     maclib_secure_cc26x2_2_4g_tirtos7.a : mac_hl_patch.obj (.text:macCcmEncrypt)
                  0000dfbc    0000008c                                         : mac_radio_tx.obj (.text:macRadioTxPrepCsmaSlottedIeee)
                  0000e048    0000008c                                         : mac_autopend.obj (.text:macSrcMatchCheckSrcAddr$18)
                  0000e0d4    00000088     csf.obj (.text:Csf_getDeviceItem)
                  0000e15c    00000088     maclib_secure_cc26x2_2_4g_tirtos7.a : mac_autopend.obj (.text:MAC_SrcMatchEnable)
                  0000e1e4    00000088     driverlib.lib : osc.obj (.text:NOROM_OSCHF_AttemptToSwitchToXosc)
                  0000e26c    00000088     nvocmp.obj (.text:NVOCMP_deleteItemApi$15)
                  0000e2f4    00000088     rf_multiMode_cc26x2.a : RFCC26X2_multiMode.c.cc26x2.ccs.o (.text:RF_getTxPower)
                  0000e37c    00000088     drivers_cc26x2.a : PowerCC26X2_calibrateRCOSC.oem4f (.text:calibrateRcoscHf2)
                  0000e404    00000088                      : PowerCC26X2.oem4f (.text:disableLFClockQualifiers)
                  0000e48c    00000088     maclib_secure_cc26x2_2_4g_tirtos7.a : mac_hl_patch.obj (.text:macKeyDescriptorLookup)
                  0000e514    00000088                                         : mac_mcu.obj (.text:macMcuOverflowSetPeriod)
                  0000e59c    00000088                                         : mac_symbol_timer.obj (.text:macSymbolTimerInit)
                  0000e624    00000088     ti_sysbios_config.obj (.text:ti_sysbios_family_arm_m3_Hwi_initNVIC)
                  0000e6ac    00000088     drivers_cc26x2.a : PowerCC26X2_calibrateRCOSC.oem4f (.text:updateSubSecInc)
                  0000e734    00000084     cllc.obj (.text:Cllc_securityInit)
                  0000e7b8    00000084     nvocmp.obj (.text:NVOCMP_createItemApi$15)
                  0000e83c    00000084     rf_multiMode_cc26x2.a : RFCC26X2_multiMode.c.cc26x2.ccs.o (.text:RF_issueRadioFreeCb)
                  0000e8c0    00000084                           : RFCC26X2_multiMode.c.cc26x2.ccs.o (.text:RF_verifyGap)
                  0000e944    00000084     maclib_secure_cc26x2_2_4g_tirtos7.a : mac_radio.obj (.text:macRadioStartScan)
                  0000e9c8    00000084                                         : mac_timer.obj (.text:macTimerUpdateSymbolTimer)
                  0000ea4c    00000084     ti_sysbios_config.obj (.text:ti_sysbios_family_arm_m3_Hwi_Instance_init)
                  0000ead0    00000084     ti_sysbios_config.obj (.text:ti_sysbios_gates_GateMutexPri_enter)
                  0000eb54    00000080     cllc.obj (.text:Cllc_restoreNetwork)
                  0000ebd4    00000080     driverlib.lib : chipinfo.obj (.text:NOROM_ChipInfo_GetChipType)
                  0000ec54    00000080     drivers_cc26x2.a : NVSCC26XX.oem4f (.text:NVSCC26XX_open)
                  0000ecd4    00000080     maclib_osal_tirtos7_cc13x2_26x2.a : osal_port.obj (.text:OsalPort_setTimer)
                  0000ed54    00000080     cllc.obj (.text:beaconNotifyIndCb$5)
                  0000edd4    00000080     maclib_secure_cc26x2_2_4g_tirtos7.a : mac_mcu.obj (.text:macMcuOverflowSetCompare)
                  0000ee54    00000080                                         : mac_radio.obj (.text:macRadioWakeupCb)
                  0000eed4    00000080     cllc.obj (.text:scanCnfCb$5)
                  0000ef54    0000007c     nvocmp.obj (.text:NVOCMP_readItemApi$15)
                  0000efd0    0000007c     rf_multiMode_cc26x2.a : RFCC26X2_multiMode.c.cc26x2.ccs.o (.text:RF_ratFreeChannel)
                  0000f04c    0000007c     cllc.obj (.text:maintainAssocTable$5)
                  0000f0c8    0000007c     maclib_osal_tirtos7_cc13x2_26x2.a : osal_port.obj (.text:osalHeapInitFxn)
                  0000f144    0000007c     ti_sysbios_config.obj (.text:ti_sysbios_knl_Swi_restoreHwi)
                  0000f1c0    0000007a     rtsv7M4_T_le_v4SPD16_eabi.lib : memset_t2.asm.obj (.text)
                  0000f23a    00000002     drivers_cc26x2.a : CryptoResourceCC26XX.oem4f (.text:errorSpin)
                  0000f23c    00000078     nvocmp.obj (.text:NVOCMP_checkItem$15)
                  0000f2b4    00000078     maclib_secure_cc26x2_2_4g_tirtos7.a : mac_timer.obj (.text:macTimerSetRollover)
                  0000f32c    00000078                                         : mac_hl_patch.obj (.text:macTrackStartCallback)
                  0000f3a4    00000078     ti_sysbios_config.obj (.text:ti_sysbios_knl_Clock_walkQueueDynamic)
                  0000f41c    00000078     ti_sysbios_config.obj (.text:ti_sysbios_knl_Task_postInit)
                  0000f494    00000076     drivers_cc26x2.a : UART2CC26X2.oem4f (.text:UART2CC26X2_readCallback)
                  0000f50a    00000002     maclib_secure_cc26x2_2_4g_tirtos7.a : mac_pwr.obj (.text:macApiPwrOnReq)
                  0000f50c    00000074     csf.obj (.text:Csf_getDevice)
                  0000f580    00000074     nvocmp.obj (.text:NVOCMP_writeItemApi$15)
                  0000f5f4    00000074     drivers_cc26x2.a : PowerCC26X2_calibrateRCOSC.oem4f (.text:PowerCC26X2_auxISR)
                  0000f668    00000074     rf_multiMode_cc26x2.a : RFCC26X2_multiMode.c.cc26x2.ccs.o (.text:RF_ratDisableChannel)
                  0000f6dc    00000074                           : RFCC26X2_multiMode.c.cc26x2.ccs.o (.text:RF_yield)
                  0000f750    00000074     ti_sysbios_config.obj (.text:ti_sysbios_knl_Clock_startI)
                  0000f7c4    00000072     rf_multiMode_cc26x2.a : RFCC26X2_multiMode.c.cc26x2.ccs.o (.text:RF_detachOverrides)
                  0000f836    00000002     maclib_secure_cc26x2_2_4g_tirtos7.a : mac_radio.obj (.text:macRadioSetRE)
                  0000f838    00000070     drivers_cc26x2.a : AESCCMCC26XX.oem4f (.text:AESCCM_cleanup)
                  0000f8a8    00000070     rf_multiMode_cc26x2.a : rfc.c.cc26x2.ccs.o (.text:NOROM_RFCAnaDivTxOverride)
                  0000f918    00000070     nvocmp.obj (.text:NVOCMP_eraseNvApi$15)
                  0000f988    00000070     rf_multiMode_cc26x2.a : RFCC26X2_multiMode.c.cc26x2.ccs.o (.text:RF_getCurrentTime)
                  0000f9f8    00000070     drivers_cc26x2.a : Random.oem4f (.text:Random_seedAutomatic)
                  0000fa68    00000070                      : TemperatureCC26X2.oem4f (.text:Temperature_init)
                  0000fad8    00000070     collector.obj (.text:cllcStartedCB$3)
                  0000fb48    00000070     maclib_secure_cc26x2_2_4g_tirtos7.a : mac_radio_tx.obj (.text:macRadioTxBOBoundary)
                  0000fbb8    00000070     ti_sysbios_config.obj (.text:ti_sysbios_knl_Idle_init)
                  0000fc28    0000006e     rf_multiMode_cc26x2.a : RFCC26X2_multiMode.c.cc26x2.ccs.o (.text:RF_attachOverrides)
                  0000fc96    0000006e                           : RFCC26X2_multiMode.c.cc26x2.ccs.o (.text:RF_howToSchedule)
                  0000fd04    0000006e     rtsv7M4_T_le_v4SPD16_eabi.lib : ll_div_t2.asm.obj (.text)
                  0000fd72    00000002     maclib_secure_cc26x2_2_4g_tirtos7.a : mac_hl_patch.obj (.text:macSetDefaultsByPatch)
                  0000fd74    0000006d     ti_sysbios_config.obj (.text:ti_sysbios_runtime_System_formatNum)
                  0000fde1    00000001     --HOLE-- [fill = 0]
                  0000fde2    00000002     rtsv7M4_T_le_v4SPD16_eabi.lib : div0.asm.obj (.text)
                  0000fde4    0000006c     csf.obj (.text:Csf_sendDisassociateMsg)
                  0000fe50    0000006c     drivers_cc26x2.a : GPIOCC26XX.oem4f (.text:GPIO_setConfig)
                  0000febc    0000006c     rf_multiMode_cc26x2.a : RFCC26X2_multiMode.c.cc26x2.ccs.o (.text:RF_dispatchNextEvent)
                  0000ff28    0000006c     drivers_cc26x2.a : UART2CC26X2.oem4f (.text:UART2Support_dmaStopTx)
                  0000ff94    0000006c     maclib_secure_cc26x2_2_4g_tirtos7.a : mac_timer.obj (.text:macTimerRealign)
                  00010000    0000006c                                         : mac_hl_patch.obj (.text:macTrackPeriodCallback)
                  0001006c    0000006c     cllc.obj (.text:orphanIndCb$5)
                  000100d8    0000006c     collector.obj (.text:processIdentifyLedRequest$3)
                  00010144    0000006c     cllc.obj (.text:sendStartReq$5)
                  000101b0    0000006c     ti_sysbios_config.obj (.text:ti_sysbios_gates_GateMutexPri_leave)
                  0001021c    0000006c     ti_sysbios_config.obj (.text:ti_sysbios_knl_Swi_run)
                  00010288    00000068     csf.obj (.text:Csf_getDeviceExtAdd)
                  000102f0    00000068     driverlib.lib : osc.obj (.text:NOROM_OSCHF_SwitchToRcOscTurnOffXosc)
                  00010358    00000068                   : osc.obj (.text:NOROM_OSC_HPOSCRtcCompensate)
                  000103c0    00000068     nvocmp.obj (.text:NVOCMP_getFreeNvApi$15)
                  00010428    00000068     maclib_osal_tirtos7_cc13x2_26x2.a : osal_port.obj (.text:OsalPort_registerTask)
                  00010490    00000068     rf_multiMode_cc26x2.a : RFCC26X2_multiMode.c.cc26x2.ccs.o (.text:RF_hwiHw)
                  000104f8    00000068     rtsv7M4_T_le_v4SPD16_eabi.lib : copy_decompress_lzss.c.obj (.text:decompress:lzss:__TI_decompress_lzss)
                  00010560    00000068     csf.obj (.text:findDeviceListIndex$4)
                  000105c8    00000068     maclib_secure_cc26x2_2_4g_tirtos7.a : mac_radio_tx.obj (.text:macRadioTxPrepCsmaUnslottedIeee)
                  00010630    00000068                                         : mac_rx.obj (.text:macRxHaltCleanup)
                  00010698    00000068                                         : mac_rx_onoff.obj (.text:macRxOn)
                  00010700    00000068     ti_sysbios_config.obj (.text:ti_sysbios_knl_Swi_Instance_init)
                  00010768    00000068     ti_sysbios_config.obj (.text:ti_sysbios_knl_Task_startup)
                  000107d0    00000064     drivers_cc26x2.a : AESCCMCC26XX.oem4f (.text:AESCCM_waitForResult)
                  00010834    00000064                      : Button.oem4f (.text:Button_gpioCallbackFxn)
                  00010898    00000064     nvocmp.obj (.text:NVOCMP_findSignature$15)
                  000108fc    00000064     maclib_osal_tirtos7_cc13x2_26x2.a : osal_port.obj (.text:OsalPort_clearEvent)
                  00010960    00000064                                       : osal_port.obj (.text:OsalPort_pwrmgrTaskState)
                  000109c4    00000064     drivers_cc26x2.a : UART2CC26X2.oem4f (.text:UART2Support_dmaStopRx)
                  00010a28    00000064     csf.obj (.text:getTheFirstDevice$4)
                  00010a8c    00000064     maclib_secure_cc26x2_2_4g_tirtos7.a : mac.obj (.text:macRequestBackoff)
                  00010af0    00000064                                         : mac_timer.obj (.text:macSymbolTimerRolloverCallback)
                  00010b54    00000064                                         : mac_timer.obj (.text:macTimerAddTimer)
                  00010bb8    00000062     rf_multiMode_cc26x2.a : RFCC26X2_multiMode.c.cc26x2.ccs.o (.text:RF_syncCb)
                  00010c1a    00000002     ti_sysbios_config.obj (.text:ti_sysbios_runtime_SysCallback_defaultAbort)
                  00010c1c    00000060     drivers_cc26x2.a : AESCCMCC26XX.oem4f (.text:AESCCM_hwiFxn)
                  00010c7c    00000060                      : CryptoResourceCC26XX.oem4f (.text:CryptoResourceCC26XX_constructRTOSObjects)
                  00010cdc    00000060     rf_multiMode_cc26x2.a : RFCC26X2_multiMode.c.cc26x2.ccs.o (.text:RF_applyRfCorePatch)
                  00010d3c    00000060     drivers_cc26x2.a : TRNGCC26XX.oem4f (.text:TRNGCC26XX_startTrng)
                  00010d9c    00000060     maclib_secure_cc26x2_2_4g_tirtos7.a : mac_radio.obj (.text:macGetRadioTxPowerReg)
                  00010dfc    00000060                                         : mac_timer.obj (.text:macTimerCancel)
                  00010e5c    00000060                                         : mac_timer.obj (.text:macTimerGetNextTimer)
                  00010ebc    00000060     collector.obj (.text:orphanIndCb$3)
                  00010f1c    00000060     collector.obj (.text:processDataRetry$3)
                  00010f7c    00000060     ti_sysbios_config.obj (.text:ti_sysbios_knl_Task_schedule)
                  00010fdc    0000005e     api_mac.obj (.text:convertTxOptions)
                  0001103a    00000002     ti_sysbios_config.obj (.text:ti_sysbios_runtime_SysCallback_defaultExit)
                  0001103c    0000005c     nvocmp.obj (.text:NVOCMP_readItem$15)
                  00011098    0000005c     maclib_osal_tirtos7_cc13x2_26x2.a : osal_port.obj (.text:OsalPort_msgReceive)
                  000110f4    0000005c                                       : osal_port.obj (.text:OsalPort_setEvent)
                  00011150    0000005c     rf_multiMode_cc26x2.a : RFCC26X2_multiMode.c.cc26x2.ccs.o (.text:RF_hwiCpe0PowerFsm)
                  000111ac    0000005c     drivers_cc26x2.a : UART2.oem4f (.text:UART2_readCancel)
                  00011208    0000005c                      : NVSCC26XX.oem4f (.text:doErase)
                  00011264    0000005c     maclib_secure_cc26x2_2_4g_tirtos7.a : mac_radio.obj (.text:macRadioSetChannel)
                  000112c0    0000005c                                         : mac_radio.obj (.text:macRadioSetChannelRx)
                  0001131c    0000005c                                         : mac.obj (.text:macRequestSFDTimeout)
                  00011378    0000005c     collector.obj (.text:sendBroadcastMsg$3)
                  000113d4    0000005c     cllc.obj (.text:sendScanReq$5)
                  00011430    0000005c     ti_sysbios_config.obj (.text:ti_sysbios_family_arm_m3_Hwi_postInit)
                  0001148c    0000005c     ti_sysbios_config.obj (.text:ti_sysbios_knl_Swi_runLoop)
                  000114e8    0000005c     ti_sysbios_config.obj (.text:ti_sysbios_knl_Swi_schedule)
                  00011544    0000005a     drivers_cc26x2.a : UART2.oem4f (.text:UART2_writeCancel)
                  0001159e    00000002     ti_sysbios_config.obj (.text:ti_sysbios_runtime_SysCallback_defaultInit)
                  000115a0    00000058     nvocmp.obj (.text:NVOCMP_getItemLenApi$15)
                  000115f8    00000058     drivers_cc26x2.a : PowerCC26X2_calibrateRCOSC.oem4f (.text:PowerCC26X2_initiateCalibration)
                  00011650    00000058     rf_multiMode_cc26x2.a : RFCC26X2_multiMode.c.cc26x2.ccs.o (.text:RF_TxPowerTable_findValue)
                  000116a8    00000058     drivers_cc26x2.a : TRNGCC26XX.oem4f (.text:TRNG_init)
                  00011700    00000058     maclib_secure_cc26x2_2_4g_tirtos7.a : mac_sleep.obj (.text:macCanSleep)
                  00011758    00000058     sysbios.a : boot.obj (.text)
                  000117b0    00000058               : Hwi_asm_switch.obj (.text:ti_sysbios_family_arm_m3_Hwi_initStacks)
                  00011808    00000058     ti_sysbios_config.obj (.text:ti_sysbios_knl_Semaphore_post)
                  00011860    00000056     ti_drivers_config.obj (.text:Board_sendExtFlashByte)
                  000118b6    00000056     drivers_cc26x2.a : LED.oem4f (.text:LED_startBlinking)
                  0001190c    00000056     rf_multiMode_cc26x2.a : RFCC26X2_multiMode.c.cc26x2.ccs.o (.text:RF_defaultSubmitPolicy)
                  00011962    00000002     ti_sysbios_config.obj (.text:ti_sysbios_runtime_SysCallback_defaultPutch)
                  00011964    00000054     drivers_cc26x2.a : AESCCMCC26XX.oem4f (.text:AESCCM_construct)
                  000119b8    00000054     ti_drivers_config.obj (.text:Board_shutDownExtFlash)
                  00011a0c    00000054     cllc.obj (.text:Cllc_addSecDevice)
                  00011a60    00000054     driverlib.lib : prcm.obj (.text:NOROM_PRCMPowerDomainsAllOff)
                  00011ab4    00000054     nvocmp.obj (.text:NVOCMP_doNVCRC$15)
                  00011b08    00000054     drivers_cc26x2.a : NVSCC26XX.oem4f (.text:NVSCC26XX_init)
                  00011b5c    00000054     rf_multiMode_cc26x2.a : RFCC26X2_multiMode.c.cc26x2.ccs.o (.text:RF_fsmXOSCState)
                  00011bb0    00000054     drivers_cc26x2.a : StructRingBuf.oem4f (.text:StructRingBuf_put)
                  00011c04    00000054     maclib_secure_cc26x2_2_4g_tirtos7.a : mac_hl_patch.obj (.text:macIncomingKeyUsagePolicyChecking)
                  00011c58    00000054     api_mac.obj (.text:processScanCnf$8)
                  00011cac    00000054     csf.obj (.text:sendToggleAndUpdateUser$4)
                  00011d00    00000054     collector.obj (.text:sendTrackingRequest$3)
                  00011d54    00000054     ti_sysbios_config.obj (.text:ti_sysbios_family_arm_m3_Hwi_dispatchC)
                  00011da8    00000054     ti_sysbios_config.obj (.text:ti_sysbios_knl_Clock_init)
                  00011dfc    00000050     drivers_cc26x2.a : GPIOCC26XX.oem4f (.text:GPIO_hwiIntFxn)
                  00011e4c    00000050     nvocmp.obj (.text:NVOCMP_compactNvApi$15)
                  00011e9c    00000050     drivers_cc26x2.a : TRNGCC26XX.oem4f (.text:TRNGCC26XX_waitForResult)
                  00011eec    00000050                      : TemperatureCC26X2.oem4f (.text:Temperature_registerNotifyRange)
                  00011f3c    00000050                      : UART2CC26X2.oem4f (.text:UART2Support_dmaRefreshRx)
                  00011f8c    00000050                      : TemperatureCC26X2.oem4f (.text:degreesToCode)
                  00011fdc    00000050     maclib_secure_cc26x2_2_4g_tirtos7.a : mac_rx_onoff.obj (.text:macRxOffRequest)
                  0001202c    00000050                                         : mac_timer.obj (.text:macTimerStart)
                  0001207c    00000050     ti_sysbios_config.obj (.text:ti_sysbios_family_arm_cc26xx_Timer_dynamicMultiStub)
                  000120cc    00000050     ti_sysbios_config.obj (.text:ti_sysbios_runtime_Memory_alloc)
                  0001211c    00000050     drivers_cc26x2.a : TemperatureCC26X2.oem4f (.text:walkNotifyList)
                  0001216c    0000004c     cui.obj (.text:CUI_updateCursor$6)
                  000121b8    0000004c     cui.obj (.text:CUI_writeString$6)
                  00012204    0000004c     driverlib.lib : prcm.obj (.text:NOROM_PRCMPowerDomainsAllOn)
                  00012250    0000004c     nvocmp.obj (.text:NVOCMP_setItemInactive$15)
                  0001229c    0000004c     maclib_osal_tirtos7_cc13x2_26x2.a : osal_port.obj (.text:OsalPort_msgSend)
                  000122e8    0000004c     rf_multiMode_cc26x2.a : RFCC26X2_multiMode.c.cc26x2.ccs.o (.text:RF_wakeupNotification)
                  00012334    0000004c     drivers_cc26x2.a : StructRingBuf.oem4f (.text:StructRingBuf_get)
                  00012380    0000004c                      : UDMACC26XX.oem4f (.text:UDMACC26XX_open)
                  000123cc    0000004c     rtsv7M4_T_le_v4SPD16_eabi.lib : atoi.c.obj (.text:atoi)
                  00012418    0000004c                                   : cpy_tbl.c.obj (.text:copy_in)
                  00012464    0000004c     maclib_secure_cc26x2_2_4g_tirtos7.a : mac_low_level.obj (.text:macLowLevelYield)
                  000124b0    0000004c     maclib_osal_tirtos7_cc13x2_26x2.a : osal_port.obj (.text:osalHeapGetStatsFxn)
                  000124fc    0000004c     ti_sysbios_config.obj (.text:ti_sysbios_knl_Swi_post)
                  00012548    00000048     csf.obj (.text:Csf_getNumDeviceListEntries)
                  00012590    00000048     rf_multiMode_cc26x2.a : rfc.c.cc26x2.ccs.o (.text:NOROM_RFCSynthPowerDown)
                  000125d8    00000048     nvocmp.obj (.text:NVOCMP_write$15)
                  00012620    00000048     drivers_cc26x2.a : NVS.oem4f (.text:NVS_open)
                  00012668    00000048                      : PowerCC26X2_calibrateRCOSC.oem4f (.text:PowerCC26X2_RCOSC_clockFunc)
                  000126b0    00000048                      : PowerCC26X2.oem4f (.text:PowerCC26XX_switchXOSC_HF)
                  000126f8    00000048     rf_multiMode_cc26x2.a : RFCC26X2_multiMode.c.cc26x2.ccs.o (.text:RF_enableHPOSCTemperatureCompensation)
                  00012740    00000048     drivers_cc26x2.a : NVSCC26XX.oem4f (.text:disableFlashCache)
                  00012788    00000048     csf.obj (.text:formNwkAndUpdateUser$4)
                  000127d0    00000048     maclib_secure_cc26x2_2_4g_tirtos7.a : mac_radio.obj (.text:macRadioNeedAdjustPower)
                  00012818    00000048                                         : mac_timer.obj (.text:macTimerUpdActive)
                  00012860    00000048     drivers_cc26x2.a : PowerCC26X2.oem4f (.text:switchXOSCHF)
                  000128a8    00000048     csf.obj (.text:uintToString$4)
                  000128f0    00000046     drivers_cc26x2.a : RingBuf.oem4f (.text:RingBuf_put)
                  00012936    00000046     ti_sysbios_config.obj (.text:SwiP_construct)
                  0001297c    00000046     maclib_secure_cc26x2_2_4g_tirtos7.a : mac_hl_patch.obj (.text:macDeviceDescriptorLookup)
                  000129c2    00000002     ti_sysbios_config.obj (.text:ti_sysbios_runtime_System_abortSpin)
                  000129c4    00000046     ti_sysbios_config.obj (.text:ti_sysbios_runtime_Error_print)
                  00012a0a    00000002     ti_sysbios_config.obj (.text:ti_sysbios_runtime_System_exitSpin)
                  00012a0c    00000044     ti_sysbios_config.obj (.text:BIOS_startFunc)
                  00012a50    00000044     cllc.obj (.text:Cllc_sendDisassociationRequest)
                  00012a94    00000044     maclib_secure_cc26x2_2_4g_tirtos7.a : mac_timer.obj (.text:MAC_PwrNextTimeout)
                  00012ad8    00000044     driverlib.lib : chipinfo.obj (.text:NOROM_ChipInfo_GetHwRevision)
                  00012b1c    00000044     drivers_cc26x2.a : NVSCC26XX.oem4f (.text:NVSCC26XX_read)
                  00012b60    00000044                      : PWM.oem4f (.text:PWM_init)
                  00012ba4    00000044     rf_multiMode_cc26x2.a : RFCC26X2_multiMode.c.cc26x2.ccs.o (.text:RF_updateHpOscOverride)
                  00012be8    00000044     drivers_cc26x2.a : UART2CC26X2.oem4f (.text:UART2CC26X2_initIO)
                  00012c2c    00000044     maclib_secure_cc26x2_2_4g_tirtos7.a : mac_rx_onoff.obj (.text:macRxDisable)
                  00012c70    00000044                                         : mac_tx.obj (.text:macTxTimestampCallback)
                  00012cb4    00000044     ti_sysbios_config.obj (.text:ti_sysbios_family_arm_m3_Hwi_disableInterrupt)
                  00012cf8    00000044     ti_sysbios_config.obj (.text:ti_sysbios_family_arm_m3_Hwi_enableInterrupt)
                  00012d3c    00000044     ti_sysbios_config.obj (.text:ti_sysbios_family_arm_m3_Hwi_getStackInfo)
                  00012d80    00000042     api_mac.obj (.text:copyMacPanDescToApiMacPanDesc$8)
                  00012dc2    00000002     --HOLE-- [fill = 0]
                  00012dc4    00000040     csf.obj (.text:Csf_getNetworkInformation)
                  00012e04    00000040     driverlib.lib : osc.obj (.text:NOROM_OSC_HPOSCRelativeFrequencyOffsetGet)
                  00012e44    00000040     maclib_osal_tirtos7_cc13x2_26x2.a : osal_port.obj (.text:OsalPort_heapFree$39)
                  00012e84    00000040     drivers_cc26x2.a : PWM.oem4f (.text:PWM_open)
                  00012ec4    00000040                      : PowerCC26X2.oem4f (.text:PowerCC26XX_isStableXOSC_HF)
                  00012f04    00000040     rf_multiMode_cc26x2.a : RFCC26X2_multiMode.c.cc26x2.ccs.o (.text:RF_updatePowerupDuration)
                  00012f44    00000040     drivers_cc26x2.a : Random.oem4f (.text:Random_getNumber)
                  00012f84    00000040                      : TRNGCC26XX.oem4f (.text:TRNGCC26XX_copyToClient)
                  00012fc4    00000040                      : UART2.oem4f (.text:UART2_readFull)
                  00013004    00000040     maclib_osal_tirtos7_cc13x2_26x2.a : util_timer.obj (.text:UtilTimer_construct)
                  00013044    00000040     collector.obj (.text:cllcStateChangedCB$3)
                  00013084    00000040     maclib_secure_cc26x2_2_4g_tirtos7.a : mac.obj (.text:macRatCb_B)
                  000130c4    00000040                                         : mac_autopend.obj (.text:macSrcMatchSetEnableBit$18)
                  00013104    00000040                                         : mac_symbol_timer.obj (.text:macSymbolTimerRealignIeee)
                  00013144    00000040                                         : mac_symbol_timer.obj (.text:macSymbolTimerSetTrigger)
                  00013184    00000040     rtsv7M4_T_le_v4SPD16_eabi.lib : u_divt2.asm.obj (.text)
                  000131c4    00000040     drivers_cc26x2.a : TemperatureCC26X2.oem4f (.text:setNextThresholds)
                  00013204    00000040     ti_sysbios_config.obj (.text:ti_sysbios_family_arm_cc26xx_Timer_setThreshold)
                  00013244    00000040     ti_sysbios_config.obj (.text:ti_sysbios_family_arm_cc26xx_Timer_start)
                  00013284    00000040     ti_sysbios_config.obj (.text:ti_sysbios_knl_Task_blockI)
                  000132c4    0000003e     drivers_cc26x2.a : CryptoUtils.oem4f (.text:CryptoUtils_buffersMatch)
                  00013302    0000003e                      : LED.oem4f (.text:LED_setBrightnessLevel)
                  00013340    0000003e     maclib_osal_tirtos7_cc13x2_26x2.a : osal_port.obj (.text:OsalPort_msgEnqueueMax)
                  0001337e    0000003e     drivers_cc26x2.a : RingBuf.oem4f (.text:RingBuf_putAdvance)
                  000133bc    0000003e                      : TRNGCC26XX.oem4f (.text:TRNGCC26XX_serviceJob)
                  000133fa    0000003e                      : LED.oem4f (.text:clockTimeoutHandler)
                  00013438    0000003c     driverlib.lib : osc.obj (.text:InternCapArrayAdjustWithBaseline7001F$43)
                  00013474    0000003c     drivers_cc26x2.a : LED.oem4f (.text:LED_setOff)
                  000134b0    0000003c     maclib_secure_cc26x2_2_4g_tirtos7.a : mac_pwr.obj (.text:MAC_PwrOnReq)
                  000134ec    0000003c     nvocmp.obj (.text:NVOCMP_disableCache$15)
                  00013528    0000003c     rf_multiMode_cc26x2.a : RFCC26X2_multiMode.c.cc26x2.ccs.o (.text:RF_cmdGet)
                  00013564    0000003c                           : RFCC26X2_multiMode.c.cc26x2.ccs.o (.text:RF_cmdStoreEvents)
                  000135a0    0000003c     drivers_cc26x2.a : UART2CC26X2.oem4f (.text:UART2CC26X2_finalizeIO)
                  000135dc    0000003c                      : NVSCC26XX.oem4f (.text:checkEraseRange)
                  00013618    0000003c     collector.obj (.text:cllcDeviceJoiningCB$3)
                  00013654    0000003c     maclib_secure_cc26x2_2_4g_tirtos7.a : mac_radio.obj (.text:macRadioStopScan)
                  00013690    0000003c                                         : mac_timer.obj (.text:macTimerRecalcUnaligned)
                  000136cc    0000003c                                         : mac_tx.obj (.text:macTxDecrypt)
                  00013708    0000003c                                         : mac_tx.obj (.text:macTxUpdateIE)
                  00013744    0000003c     ti_sysbios_config.obj (.text:ti_sysbios_family_arm_m3_Hwi_construct2)
                  00013780    0000003c     ti_sysbios_config.obj (.text:ti_sysbios_heaps_HeapCallback_construct)
                  000137bc    0000003c     ti_sysbios_config.obj (.text:ti_sysbios_knl_Task_exit)
                  000137f8    00000038     cllc.obj (.text:Cllc_setJoinPermit)
                  00013830    00000038     ti_sysbios_config.obj (.text:ClockP_create)
                  00013868    00000038     collector.obj (.text:Collector_sendDeviceTypeRequest)
                  000138a0    00000038     collector.obj (.text:Collector_sendToggleLedRequest)
                  000138d8    00000038     ti_sysbios_config.obj (.text:HwiP_construct)
                  00013910    00000038     nvocmp.obj (.text:NVOCMP_findPage$15)
                  00013948    00000038     drivers_cc26x2.a : PowerCC26X2.oem4f (.text:PowerCC26X2_enableHposcRtcCompensation)
                  00013980    00000038     rf_multiMode_cc26x2.a : RFCC26X2_multiMode.c.cc26x2.ccs.o (.text:RF_checkCmdFsError)
                  000139b8    00000038     drivers_cc26x2.a : UART2CC26X2.oem4f (.text:UART2Support_sendData)
                  000139f0    00000038                      : UART2.oem4f (.text:UART2_rxEnable)
                  00013a28    00000038     collector.obj (.text:findDevice$3)
                  00013a60    00000038     maclib_secure_cc26x2_2_4g_tirtos7.a : mac_timer.obj (.text:macTimerAligned)
                  00013a98    00000038                                         : mac_timer.obj (.text:macTimerInit)
                  00013ad0    00000038                                         : mac_tx.obj (.text:macTxFrameRetransmit)
                  00013b08    00000038     drivers_cc26x2.a : PowerCC26X2.oem4f (.text:notify)
                  00013b40    00000038                      : TemperatureCC26X2.oem4f (.text:temperatureHwiFxn)
                  00013b78    00000038     ti_sysbios_config.obj (.text:ti_sysbios_family_arm_m3_Hwi_init)
                  00013bb0    00000038     ti_sysbios_config.obj (.text:ti_sysbios_knl_Swi_restore)
                  00013be8    00000038     ti_sysbios_config.obj (.text:ti_sysbios_knl_Task_getObjectCheckValue)
                  00013c20    00000038     ti_sysbios_config.obj (.text:ti_sysbios_knl_Task_processVitalTaskFlag)
                  00013c58    00000038     ti_sysbios_config.obj (.text:ti_sysbios_runtime_Startup_exec)
                  00013c90    00000036     api_mac.obj (.text:ApiMac_convertCapabilityInfo)
                  00013cc6    00000036     drivers_cc26x2.a : LED.oem4f (.text:LED_setOn)
                  00013cfc    00000036                      : UART2.oem4f (.text:UART2_rxDisable)
                  00013d32    00000036                      : UDMACC26XX.oem4f (.text:UDMACC26XX_close)
                  00013d68    00000034     ti_sysbios_config.obj (.text:ClockP_construct)
                  00013d9c    00000034     csf.obj (.text:Csf_setTrackingClock)
                  00013dd0    00000034     driverlib.lib : aes.obj (.text:NOROM_AESStartDMAOperation)
                  00013e04    00000034                   : sys_ctrl.obj (.text:NOROM_SysCtrlIdle)
                  00013e38    00000034     nvocmp.obj (.text:NVOCMP_verifyCRC$15)
                  00013e6c    00000034     rf_multiMode_cc26x2.a : RFCC26X2_multiMode.c.cc26x2.ccs.o (.text:RF_powerConstraintRelease)
                  00013ea0    00000034                           : RFCC26X2_multiMode.c.cc26x2.ccs.o (.text:RF_runDirectImmediateCmd)
                  00013ed4    00000034     drivers_cc26x2.a : RingBuf.oem4f (.text:RingBuf_getConsume)
                  00013f08    00000034                      : RingBuf.oem4f (.text:RingBuf_putPointer)
                  00013f3c    00000034     maclib_secure_cc26x2_2_4g_tirtos7.a : mac_hl_patch.obj (.text:macCheckPhyRate)
                  00013f70    00000034                                         : mac_low_level.obj (.text:macLowLevelDiags)
                  00013fa4    00000034                                         : mac.obj (.text:macRatDisableChannelB)
                  00013fd8    00000034                                         : mac_rx_onoff.obj (.text:macRxOff)
                  0001400c    00000034                                         : mac.obj (.text:macStopCmd)
                  00014040    00000034                                         : mac_symbol_timer.obj (.text:macSymbolTimerCount)
                  00014074    00000034                                         : mac_tx.obj (.text:macTxAckNotReceivedCallback)
                  000140a8    00000034     csf.obj (.text:saveNumDeviceListEntries$4)
                  000140dc    00000034     rtsv7M4_T_le_v4SPD16_eabi.lib : strncpy.c.obj (.text:strncpy)
                  00014110    00000034     ti_sysbios_config.obj (.text:ti_sysbios_family_arm_m3_Hwi_Instance_finalize)
                  00014144    00000034     ti_sysbios_config.obj (.text:ti_sysbios_knl_Task_unblockI)
                  00014178    00000034     ti_sysbios_config.obj (.text:ti_sysbios_runtime_Error_raiseX)
                  000141ac    00000034     ti_sysbios_config.obj (.text:ti_sysbios_runtime_System_atexit)
                  000141e0    00000034     ti_sysbios_config.obj (.text:ti_sysbios_runtime_System_processAtExit)
                  00014214    00000034     drivers_cc26x2.a : TemperatureCC26X2.oem4f (.text:updateThresholds)
                  00014248    00000032     maclib_osal_tirtos7_cc13x2_26x2.a : osal_port.obj (.text:OsalPort_msgExtract)
                  0001427a    00000032     ti_sysbios_config.obj (.text:ti_sysbios_family_arm_cc26xx_Timer_setNextTick)
                  000142ac    00000032     ti_sysbios_config.obj (.text:ti_sysbios_gates_GateMutexPri_insertPri)
                  000142de    00000002     --HOLE-- [fill = 0]
                  000142e0    00000030     ti_sysbios_config.obj (.text:BIOS_atExitFunc)
                  00014310    00000030     ti_drivers_config.obj (.text:Board_wakeUpExtFlash)
                  00014340    00000030     cllc.obj (.text:Cllc_getFormingPanId)
                  00014370    00000030     csf.obj (.text:Csf_setConfigClock)
                  000143a0    00000030     nvocmp.obj (.text:NVOCMP_changePageState$15)
                  000143d0    00000030     drivers_cc26x2.a : NVSCC26XX.oem4f (.text:NVSCC26XX_erase)
                  00014400    00000030                      : PowerCC26X2.oem4f (.text:Power_releaseConstraint)
                  00014430    00000030                      : PowerCC26X2.oem4f (.text:Power_setConstraint)
                  00014460    00000030     ti_sysbios_config.obj (.text:SemaphoreP_construct)
                  00014490    00000030     driverlib.lib : osc.obj (.text:SpecialCapArrayWorkaroundEnabledAndNeeded$43)
                  000144c0    00000030     drivers_cc26x2.a : TRNGCC26XX.oem4f (.text:TRNGCC26XX_fillEntropyPool)
                  000144f0    00000030                      : TRNGCC26XX.oem4f (.text:TRNG_generateKey)
                  00014520    00000030                      : TemperatureCC26X2.oem4f (.text:Temperature_unregisterNotify)
                  00014550    00000030     collector.obj (.text:getMsduHandle$3)
                  00014580    00000030     maclib_secure_cc26x2_2_4g_tirtos7.a : mac_radio.obj (.text:macRadioSetPanCoordinator)
                  000145b0    00000030                                         : mac_rx_onoff.obj (.text:macRxHardDisable)
                  000145e0    00000030                                         : mac_symbol_timer.obj (.text:macSymbolTimerBCWakeUp)
                  00014610    00000030                                         : mac_symbol_timer.obj (.text:macSymbolTimerICallTimerCback)
                  00014640    00000030                                         : mac_timer.obj (.text:macTimerCheckUnAlignedQ)
                  00014670    00000030     ti_sysbios_config.obj (.text:ti_sysbios_family_arm_cc26xx_Timer_getCurrentTick)
                  000146a0    00000030     ti_sysbios_config.obj (.text:ti_sysbios_knl_ClockSupport_init)
                  000146d0    00000030     ti_sysbios_config.obj (.text:ti_sysbios_knl_Clock_Instance_init)
                  00014700    00000030     ti_sysbios_config.obj (.text:ti_sysbios_knl_Clock_getTicksUntilInterrupt)
                  00014730    00000030     ti_sysbios_config.obj (.text:ti_sysbios_knl_Swi_init)
                  00014760    00000030     ti_sysbios_config.obj (.text:ti_sysbios_knl_Swi_setPri)
                  00014790    00000030     ti_sysbios_config.obj (.text:ti_sysbios_knl_TaskSupport_start)
                  000147c0    00000030     ti_sysbios_config.obj (.text:ti_sysbios_knl_Task_restore)
                  000147f0    0000002e     csf.obj (.text:Csf_getDeviceShort)
                  0001481e    0000002e     maclib_osal_tirtos7_cc13x2_26x2.a : osal_port.obj (.text:OsalPort_msgDequeue)
                  0001484c    0000002e                                       : osal_port.obj (.text:OsalPort_msgEnqueue)
                  0001487a    0000002e     rf_multiMode_cc26x2.a : RFCC26X2_multiMode.c.cc26x2.ccs.o (.text:RF_queueEnd)
                  000148a8    0000002e     drivers_cc26x2.a : UART2CC26X2.oem4f (.text:UART2Support_enableInts)
                  000148d6    0000002e     ti_sysbios_config.obj (.text:ti_sysbios_family_arm_m3_Hwi_initStack)
                  00014904    0000002c     drivers_cc26x2.a : GPIO.oem4f (.text:GPIO_resetConfig)
                  00014930    0000002c                      : GPIOCC26XX.oem4f (.text:GPIO_setInterruptConfig)
                  0001495c    0000002c     ti_sysbios_config.obj (.text:MemAlloc_alloc)
                  00014988    0000002c     drivers_cc26x2.a : NVS.oem4f (.text:NVS_init)
                  000149b4    0000002c     rf_multiMode_cc26x2.a : RFCC26X2_multiMode.c.cc26x2.ccs.o (.text:RF_executeDirectImmediateCmd)
                  000149e0    0000002c     drivers_cc26x2.a : TRNGCC26XX.oem4f (.text:TRNGCC26XX_stopTrng)
                  00014a0c    0000002c     rf_multiMode_cc26x2.a : rf_patch_cpe_ieee_802_15_4.c.cc26x2.ccs.o (.text:applyIeee802154Patch)
                  00014a38    0000002c     collector.obj (.text:findDeviceStatusBit$3)
                  00014a64    0000002c     drivers_cc26x2.a : PowerCC26X2.oem4f (.text:hposcRtcCompensateFxn)
                  00014a90    0000002c     maclib_secure_cc26x2_2_4g_tirtos7.a : mac_rx_onoff.obj (.text:macRxSoftDisable)
                  00014abc    0000002c                                         : mac_rx_onoff.obj (.text:macRxSoftEnable)
                  00014ae8    0000002c                                         : mac_symbol_timer.obj (.text:macSymbolTimerSetRollover)
                  00014b14    0000002c                                         : saddr.obj (.text:sAddrCmp)
                  00014b40    0000002c     ti_sysbios_config.obj (.text:ti_sysbios_knl_Semaphore_pendTimeout)
                  00014b6c    0000002c     ti_sysbios_config.obj (.text:ti_sysbios_knl_Task_init)
                  00014b98    0000002c     ti_sysbios_config.obj (.text:ti_sysbios_runtime_System_putchar)
                  00014bc4    0000002a     drivers_cc26x2.a : List.oem4f (.text:List_insert)
                  00014bee    0000002a     maclib_secure_cc26x2_2_4g_tirtos7.a : mac_autopend.obj (.text:MAC_SrcMatchDeleteEntry)
                  00014c18    0000002a     rf_multiMode_cc26x2.a : RFCC26X2_multiMode.c.cc26x2.ccs.o (.text:RF_searchAndReplacePAOverride)
                  00014c42    0000002a     drivers_cc26x2.a : RingBuf.oem4f (.text:RingBuf_getPointer)
                  00014c6c    0000002a     maclib_secure_cc26x2_2_4g_tirtos7.a : mac_radio.obj (.text:radioComputeED)
                  00014c96    0000002a     ti_sysbios_config.obj (.text:ti_sysbios_knl_Clock_getTimeout)
                  00014cc0    00000028     ti_sysbios_config.obj (.text:BIOS_init)
                  00014ce8    00000028     ti_sysbios_config.obj (.text:BIOS_rtsLock)
                  00014d10    00000028     cui.obj (.text:CUI_publicAPIChecks$6)
                  00014d38    00000028     drivers_cc26x2.a : GPIOCC26XX.oem4f (.text:GPIO_setMux)
                  00014d60    00000028     rf_multiMode_cc26x2.a : rfc.c.cc26x2.ccs.o (.text:NOROM_RFCOverrideSearch)
                  00014d88    00000028     nvocmp.obj (.text:NVOCMP_findDstPage$15)
                  00014db0    00000028     nvocmp.obj (.text:NVOCMP_setCompactHdr$15)
                  00014dd8    00000028     drivers_cc26x2.a : PowerCC26X2.oem4f (.text:Power_registerNotify)
                  00014e00    00000028     rf_multiMode_cc26x2.a : RFCC26X2_multiMode.c.cc26x2.ccs.o (.text:RF_calculateDeltaTimeUs)
                  00014e28    00000028     cui.obj (.text:UartWriteCallback$6)
                  00014e50    00000028     csf.obj (.text:getNumActiveDevices$4)
                  00014e78    00000028     maclib_secure_cc26x2_2_4g_tirtos7.a : mac_rx_onoff.obj (.text:macRxEnable)
                  00014ea0    00000028     drivers_cc26x2.a : PowerCC26X2.oem4f (.text:oscillatorISR)
                  00014ec8    00000028                      : NVSCC26XX.oem4f (.text:restoreFlashCache)
                  00014ef0    00000028     cllc.obj (.text:startCnfCb$5)
                  00014f18    00000028     ti_sysbios_config.obj (.text:ti_sysbios_family_arm_m3_Hwi_construct)
                  00014f40    00000028     sysbios.a : Hwi_asm.obj (.text:ti_sysbios_family_arm_m3_Hwi_excHandlerAsm)
                  00014f68    00000028     ti_sysbios_config.obj (.text:ti_sysbios_knl_Semaphore_Instance_init)
                  00014f90    00000028     ti_sysbios_config.obj (.text:ti_sysbios_knl_Task_moduleStateCheck)
                  00014fb8    00000028     ti_sysbios_config.obj (.text:ti_sysbios_knl_Task_restoreHwi)
                  00014fe0    00000026     ti_drivers_config.obj (.text:Board_init)
                  00015006    00000026     drivers_cc26x2.a : List.oem4f (.text:List_put)
                  0001502c    00000026                      : List.oem4f (.text:List_putHead)
                  00015052    00000026                      : List.oem4f (.text:List_remove)
                  00015078    00000026     rtsv7M4_T_le_v4SPD16_eabi.lib : strncat.c.obj (.text:strncat)
                  0001509e    00000026     sysbios.a : Hwi_asm.obj (.text:ti_sysbios_family_arm_m3_Hwi_pendSV)
                  000150c4    00000026     ti_sysbios_config.obj (.text:ti_sysbios_runtime_System_vprintf)
                  000150ea    00000002     --HOLE-- [fill = 0]
                  000150ec    00000024     ti_sysbios_config.obj (.text:BIOS_registerRTSLock)
                  00015110    00000024     driverlib.lib : osc.obj (.text:NOROM_OSCHF_TurnOnXosc)
                  00015134    00000024     rf_multiMode_cc26x2.a : rfc.c.cc26x2.ccs.o (.text:NOROM_RFCDoorbellSendTo)
                  00015158    00000024                           : RFCC26X2_multiMode.c.cc26x2.ccs.o (.text:RF_cmdAlloc)
                  0001517c    00000024                           : RFCC26X2_multiMode.c.cc26x2.ccs.o (.text:RF_invokeGlobalCallback)
                  000151a0    00000024     ti_sysbios_config.obj (.text:SemaphoreP_createBinary)
                  000151c4    00000024     cllc.obj (.text:disassocCnfCb$5)
                  000151e8    00000024     cllc.obj (.text:disassocIndCb$5)
                  0001520c    00000024     drivers_cc26x2.a : PowerCC26X2_calibrateRCOSC.oem4f (.text:getTdcSemaphore)
                  00015230    00000024     maclib_secure_cc26x2_2_4g_tirtos7.a : mac_radio.obj (.text:macRadioSwInit)
                  00015254    00000024                                         : mac.obj (.text:macSetupFsCmd)
                  00015278    00000024                                         : mac_symbol_timer.obj (.text:macSymbolTimerPowerDown)
                  0001529c    00000024                                         : mac_timer.obj (.text:macTimer)
                  000152c0    00000024     rtsv7M4_T_le_v4SPD16_eabi.lib : memcmp.c.obj (.text:memcmp)
                  000152e4    00000024     collector.obj (.text:processConfigRetry$3)
                  00015308    00000024     ti_sysbios_config.obj (.text:ti_sysbios_family_arm_cc26xx_Timer_getMaxTicks)
                  0001532c    00000024     ti_sysbios_config.obj (.text:ti_sysbios_family_arm_m3_Hwi_setPriority)
                  00015350    00000024     ti_sysbios_config.obj (.text:ti_sysbios_gates_GateMutexPri_Instance_init)
                  00015374    00000024     ti_sysbios_config.obj (.text:ti_sysbios_knl_Task_allBlockedFunction)
                  00015398    00000024     ti_sysbios_config.obj (.text:ti_sysbios_knl_Task_enter)
                  000153bc    00000024     maclib_secure_cc26x2_2_4g_tirtos7.a : mac_tx.obj (.text:txGo$25)
                  000153e0    00000022     drivers_cc26x2.a : LED.oem4f (.text:LED_stopBlinking)
                  00015402    00000022                      : List.oem4f (.text:List_get)
                  00015424    00000022     maclib_osal_tirtos7_cc13x2_26x2.a : osal_port.obj (.text:OsalPort_msgAllocate)
                  00015446    00000022     collector.obj (.text:pollIndCB$3)
                  00015468    00000020     ti_sysbios_config.obj (.text:BIOS_removeRTSLock)
                  00015488    00000020     ti_sysbios_config.obj (.text:BIOS_rtsUnlock)
                  000154a8    00000020     cui.obj (.text:CUI_getClientIndex$6)
                  000154c8    00000020     cui.obj (.text:CUI_updateRemLen$6)
                  000154e8    00000020     maclib_secure_cc26x2_2_4g_tirtos7.a : mac_autopend.obj (.text:MAC_SrcMatchAckAllPending)
                  00015508    00000020     nvocmp.obj (.text:NVOCMP_readByte$15)
                  00015528    00000020     maclib_osal_tirtos7_cc13x2_26x2.a : osal_port.obj (.text:OsalPort_memcmp)
                  00015548    00000020                                       : osal_port.obj (.text:OsalPort_msgDeallocate)
                  00015568    00000020     drivers_cc26x2.a : PowerCC26X2.oem4f (.text:Power_unregisterNotify)
                  00015588    00000020     rf_multiMode_cc26x2.a : RFCC26X2_multiMode.c.cc26x2.ccs.o (.text:RF_clkPowerUp)
                  000155a8    00000020                           : RFCC26X2_multiMode.c.cc26x2.ccs.o (.text:RF_hwiCpe0ChangePhy)
                  000155c8    00000020                           : RFCC26X2_multiMode.c.cc26x2.ccs.o (.text:RF_isStateTransitionAllowed)
                  000155e8    00000020                           : RFCC26X2_multiMode.c.cc26x2.ccs.o (.text:RF_ratIsRunning)
                  00015608    00000020                           : RFCC26X2_multiMode.c.cc26x2.ccs.o (.text:RF_setTxPower)
                  00015628    00000020     ti_sysbios_config.obj (.text:SemaphoreP_constructBinary)
                  00015648    00000020     drivers_cc26x2.a : UART2.oem4f (.text:UART2_read)
                  00015668    00000020     crc.obj (.text:crc_update)
                  00015688    00000020     maclib_secure_cc26x2_2_4g_tirtos7.a : mac_radio.obj (.text:macGetRadioState)
                  000156a8    00000020                                         : mac_radio.obj (.text:macRadioEnergyDetectStop)
                  000156c8    00000020                                         : mac_radio.obj (.text:macRadioSetIEEEAddr)
                  000156e8    00000020                                         : mac_rx.obj (.text:macRxSFDTimerExpiry)
                  00015708    00000020     csf.obj (.text:openCloseNwkAndUpdateUser$4)
                  00015728    00000020     csf.obj (.text:processBroadcastTimeoutCallback$4)
                  00015748    00000020     csf.obj (.text:processConfigTimeoutCallback$4)
                  00015768    00000020     csf.obj (.text:processKeyChangeCallback$4)
                  00015788    00000020     csf.obj (.text:processTrackingTimeoutCallback$4)
                  000157a8    00000020     drivers_cc26x2.a : TemperatureCC26X2.oem4f (.text:setTempLowerLimit)
                  000157c8    00000020                      : TemperatureCC26X2.oem4f (.text:setTempUpperLimit)
                  000157e8    00000020     ti_sysbios_config.obj (.text:ti_sysbios_knl_Clock_create)
                  00015808    00000020     ti_sysbios_config.obj (.text:ti_sysbios_knl_Task_construct)
                  00015828    0000001e     maclib_osal_tirtos7_cc13x2_26x2.a : osal_port.obj (.text:OsalPort_buildUint32)
                  00015846    0000001e     drivers_cc26x2.a : PowerCC26X2.oem4f (.text:Power_getTransitionLatency)
                  00015864    0000001e                      : UART2CC26X2.oem4f (.text:UART2Support_disableRx)
                  00015882    0000001e     rf_multiMode_cc26x2.a : rf_patch_cpe_ieee_802_15_4.c.cc26x2.ccs.o (.text:configureIeee802154Patch)
                  000158a0    0000001e     maclib_secure_cc26x2_2_4g_tirtos7.a : mac_hl_patch.obj (.text:macPibIndex)
                  000158be    0000001e     csf.obj (.text:moveCursorLeft$4)
                  000158dc    0000001e     csf.obj (.text:moveCursorRight$4)
                  000158fa    0000001e     drivers_cc26x2.a : Button.oem4f (.text:msToTicks)
                  00015918    0000001e                      : LED.oem4f (.text:msToTicks)
[...]
10039ec5  MAC_MlmeSetReq                                                  
1003a115  macMRFSKGetPhyDesc                                              
1003a169  MAC_MlmeGetReq                                                  
1003a1b9  MAC_GetPHYParamReq                                              
1003a1f9  MAC_SetPHYParamReq                                              
1003a239  macPibReset                                                     
1003a275  MAC_MlmeGetReqSize                                              
1003a29d  macIEEEGetPhyDesc                                               
1003a2ad  macApiScanReq                                                   
1003a599  macScanRxBeacon                                                 
1003a839  macScanComplete                                                 
1003a8b9  macScanStartTimer                                               
1003a931  macScanCnfInit                                                  
1003a96d  macScanFailedInProgress                                         
1003a99d  MAC_MlmeSetSecurityReq                                          
1003ac6d  macSecurityPibReset                                             
1003af09  MAC_MlmeGetSecurityReq                                          
1003b101  MAC_MlmeGetSecurityReqSize                                      
1003b159  MAC_MlmeGetPointerSecurityReq                                   
1003b199  macSecurityPibIndex                                             
1003b9f1  macUpdatePanId                                                  
1003ba75  macGetEUIIndex                                                  
1003bb81  macGetEUI                                                       
1003c6e9  macWrapperGetDefaultSourceKey                                   
20000000  ti_sysbios_family_arm_m3_Hwi_ramVectors                         
2000010c  RAM_MAC_BASE_ADDR                                               
20001873  AppTaskId                                                       
20001884  pMacCbackQueryRetransmit                                        
20001888  pMacCbackCheckPending                                           
2000188c  macSem                                                          
200018cc  macTask                                                         
20002125  Main_assertReason                                               
20002128  macUser0Cfg                                                     
2000213c  appTask                                                         
20002194  Main_user1Cfg                                                   
20002820  cuiMultiMenu                                                    
200029d0  menuBuff                                                        
20003284  Cllc_events                                                     
20003286  Cllc_devShortAddr                                               
200032d8  Cllc_statistics                                                 
20003360  Cllc_associatedDevList                                          
200035b8  ti_sysbios_knl_Idle_initDone                                    
200035bc  PowerCC26XX_taskKey                                             
200035c0  PowerCC26XX_swiKey                                              
200035c4  ti_sysbios_knl_Task_defaultStackHeap                            
200035c8  ti_sysbios_runtime_Memory_defaultHeapInstance                   
200035cc  ti_sysbios_gates_GateMutexPri_Module_state                      
200035d4  ti_sysbios_heaps_HeapCallback_Module_state                      
200035dc  ti_sysbios_knl_Semaphore_Module_state                           
200035ec  ti_sysbios_family_arm_cc26xx_Timer_Module_state                 
200035f8  ti_sysbios_runtime_Error_ignore                                 
20003604  ti_sysbios_runtime_System_Module_state                          
20003610  ti_sysbios_hal_Seconds_Module_state                             
20003624  BIOS_heapCallbackObject                                         
20003640  BIOS_rtsGate                                                    
2000365c  ti_sysbios_knl_Swi_Module_state                                 
20003684  BIOS_Module_state                                               
200036b0  ti_sysbios_family_arm_m3_Hwi_Module_state                       
200036ec  ti_sysbios_knl_Task_Module_state                                
20003728  ti_sysbios_knl_Idle_taskStruct                                  
20003780  ti_sysbios_knl_ClockSupport_timerStruct                         
200037e0  ti_sysbios_knl_Clock_Module_state                               
20003849  savedCllcState                                                  
2000384a  permitJoining                                                   
20003850  Csf_events                                                      
20003880  Csf_keys                                                        
20003894  csfCuiHndl                                                      
20003898  collectorStatusLine                                             
2000389c  deviceStatusLine                                                
200038a0  numJoinDevStatusLine                                            
200039f8  taskCnt                                                         
20003a08  heapmgrMemFreeTotal                                             
20003a0c  heapmgrMemFreeError                                             
20003a18  HEAPMGR_SIZE                                                    
20003a1c  taskTbl                                                         
20003b84  PowerCC26X2_module                                              
20003cf4  RF_cmdNop                                                       
20003d04  RF_cmdNopFg                                                     
20003d14  RF_cmdRxAckCmd                                                  
20003d28  RF_cmdFsRx                                                      
20003d40  RF_cmdFsTx                                                      
20003d58  RF_cmdIEEETx                                                    
20003d70  RF_cmdRadioSetup                                                
20003d90  RF_cmdIEEECsma                                                  
20003db0  RF_cmdIEEERx                                                    
20003df2  Collector_events                                                
20003e2c  Collector_statistics                                            
20003e68  Collector_macCallbacks                                          
20003eb0  gpioPinConfigs                                                  
20003f2e  gAction                                                         
20003f2f  NVOCMP_size                                                     
20003f5c  NVOCMP_nvHandle                                                 
20003fa4  fhObject                                                        
20004010  RF_prop_ieee154                                                 
20004020  txPowerTable_2400_pa5                                           
20004070  appSubMenu                                                      
200040c8  ieeeCoexEnabled                                                 
200040ca  rxCmdHandle                                                     
200040cc  macRfDrvTblPtr                                                  
200040d0  lastPostCmd                                                     
200040d4  macSfdDetectCback                                               
200040d8  macTxTimestamp                                                  
200040dc  pMacRadioConfig                                                 
200040f0  macRxOutputIeee                                                 
20004100  macFrmFilter                                                    
20004110  commissionSubMenu                                               
20004150  configureSubMenu                                                
20004190  csfMainMenu                                                     
200041d4  pRfMode                                                         
200041d8  pRfPowerTable                                                   
200041dc  pMaxPower                                                       
200041e0  RF_handle                                                       
200041e4  macPhyTxPower                                                   
200041ec  RF_params                                                       
2000420c  appTaskId                                                       
20004214  appEvents                                                       
2000421c  ApiMac_extAddr                                                  
20004224  appSem                                                          
20004240  macBeaconPayload                                                
20004274  pMacDataTx                                                      
20004278  macDataTxIndirect                                               
2000427c  macDataRequeueIndirect                                          
20004280  macDataRxBeaconCritical                                         
20004284  macDataTxBeaconComplete                                         
20004288  macDataSetSched                                                 
2000428c  macDataCheckSched                                               
20004290  macDataCheckTxTime                                              
20004294  macDataBeaconRequeue                                            
20004298  csmPhy                                                          
2000429c  macTimerRollover                                                
200042a0  macTimerNewRollover                                             
200042a4  macSpecUsecsPerSymbol                                           
200042a8  macPrevPeriodRatCount                                           
200042ac  macSymbolTimerRollover                                          
200042b0  macSymbolTimerTrigger                                           
200042cc  macTxSlottedDelayFactor                                         
200042cd  macTxType                                                       
200042ce  macTxBe                                                         
200042cf  macTxGpInterframeDelay                                          
200042d0  txAckReq                                                        
200042d3  txSeqn                                                          
200042d5  numTx                                                           
200042d6  macTxCsmaBackoffDelay                                           
200042d8  macCsmaRtcTimerId                                               
200042dc  macAckDbg                                                       
200042f0  _hposcCoeffs                                                    
20004314  macActionSet                                                    
20004358  macBeaconMargin                                                 
20004390  macStateTbl                                                     
200043b4  macCfg                                                          
200043c4  pOverrides_ieee154                                              
200043dc  pClockHandleEDScan                                              
200043e0  lastRatChanA                                                    
200043e1  lastRatChanB                                                    
200043e2  macRxCmdActive                                                  
200043e3  macTxCmdActive                                                  
200043e4  macFsCmdActive                                                  
200043e5  macRxPreempted                                                  
200043e6  numRfCmd                                                        
200043e7  numRxCmd                                                        
200043e8  numRxPostCmd                                                    
200043e9  CryptoResourceCC26XX_pollingFlag                                
200043ec  txCmdHandle                                                     
200043ee  macRadioAckIeeeFrame                                            
200043f4  _lock                                                           
200043f8  _unlock                                                         
200043fc  RFCC26XX_schedulerPolicy                                        
20004414  macSrcMatchIsAckAllPending                                      
20004415  macSrcResIndex                                                  
20004418  macTasksEvents                                                  
2000441c  macTxSlottedDelay                                               
2000441d  bInSwi                                                          
2000441e  macSrcMatchIsEnabled                                            
2000441f  macRadioYielded                                                 
20004424  errno                                                           
20004428  main_func_sp                                                    
2000442e  macSleepState                                                   
20004430  ti_sysbios_runtime_Startup_done                                 
20004438  ti_sysbios_knl_Idle_taskStack                                   
20004638  uart2CC26X2Objects                                              
20004930  enhancedAckBuf                                                  
20004a2c  ti_sysbios_family_arm_m3_Hwi_dispatchTable                      
20004b04  LEDObjects                                                      
20004bbc  macPib                                                          
20004c44  gpioCallbackFunctions                                           
20004cc0  gpioUserArgs                                                    
20004d3c  macScan                                                         
20004d90  CryptoResourceCC26XX_accessSemaphore                            
20004de0  CryptoResourceCC26XX_operationSemaphore                         
20004e30  cuiMultiMenuData                                                
20004e7c  ButtonObjects                                                   
20004ec4  macSecurityPib                                                  
20004f04  macBeaconCoord                                                  
20004f40  macDeviceAction1                                                
20004f78  macBeaconDevice                                                 
20004fac  macMgmtAction1                                                  
20004fdc  macSrcExtAddrList                                               
2000500c  ti_sysbios_knl_Swi_readyQs                                      
2000503c  ti_sysbios_knl_Task_readyQs                                     
2000506c  macCoord                                                        
20005098  macDevice                                                       
200050c4  macRxFilter                                                     
200050c5  rxPromiscuousMode                                               
200050c8  rxSeqNum                                                        
200050d0  macRxDataEntryOffset                                            
200050d4  rxRadioBufferPtr                                                
200050e0  macRxDataEntryQueue                                             
200050e8  coexMetricsStruct                                               
200050f4  macStatistics                                                   
20005148  macBeacon                                                       
20005168  udmaCC26XXObject                                                
200051f8  CryptoResourceCC26XX_hwi                                        
20005214  macCoordAction2                                                 
20005230  macReset                                                        
2000524c  macSrcShortAddrList                                             
20005268  aesccmCC26XXObjects                                             
20005280  macScanAction                                                   
200052c0  macDeviceAction2                                                
200052d4  macMgmtAction2                                                  
200052e8  macBeaconDeviceAction                                           
200052f8  macCoordAction3                                                 
20005308  macData                                                         
20005318  macDataTxDelay                                                  
20005334  macMain                                                         
20005348  macBeaconCoordAction1                                           
20005350  macCoordAction1                                                 
20005358  AESCCM_handle                                                   
2000535c  macCryptoDrvTblPtr                                              
20005360  macRxSymbol                                                     
20005364  macTimerActive                                                  
20005368  nvsCC26XXObjects                                                
2000536c  ti_sysbios_runtime_System_atexitHandlers                        
20005370  timerAlignedQ                                                   
20005374  timerUnalignedQ                                                 
2000537a  lastRxPriority                                                  
2000537b  lastTxPriority                                                  
2000537c  macAckTxActive                                                  
2000537d  macMgmt                                                         
2000537e  macPanCoordinator                                               
2000537f  macPhyChannel                                                   
20005380  macPwr                                                          
20005381  macRxActive                                                     
20005382  macRxEnableFlags                                                
20005383  macRxOutgoingAckFlag                                            
20005384  macSymbolTimerImpending                                         
20005385  macTaskId                                                       
20005386  macTxActive                                                     
20005387  macUnitBackoffPeriod                                            
20005388  rxFhRsl                                                         
20005389  heapStart                                                       
20013aa0  __stack                                                         
20013aa0  heapEnd                                                         
20014000  __STACK_END                                                     
20014000  __STACK_TOP                                                     
ffffffff  __TI_pprof_out_hndl                                             
ffffffff  __TI_prof_data_size                                             
ffffffff  __TI_prof_data_start                                            
ffffffff  __binit__                                                       
ffffffff  binit                                                           
UNDEFED   ITM_flush                                                       
UNDEFED   ITM_restore                                                     
UNDEFED   PIN_hwi_bypass                                                  
UNDEFED   PWM_config                                                      
UNDEFED   PWM_count                                                       
UNDEFED   SHT$$INIT_ARRAY$$Base                                           
UNDEFED   SHT$$INIT_ARRAY$$Limit                                          

[1466 symbols]
