******************************************************************************
                  TI ARM Linker PC v20.2.5                     
******************************************************************************
>> Linked Fri Mar 18 10:06:46 2022

OUTPUT FILE NAME:   <simple_central_LP_CC2652RB_tirtos_ccs.out>
ENTRY POINT SYMBOL: "ResetISR"  address: 00014451


MEMORY CONFIGURATION

         name            origin    length      used     unused   attr    fill
----------------------  --------  ---------  --------  --------  ----  --------
  FLASH                 00000000   00056000  00020816  000357ea  R  X
  FLASH_LAST_PAGE       00056000   00002000  00000058  00001fa8  R  X
  RTOS_SRAM             20000000   0000012c  000000e4  00000048  RW X
  SRAM                  20000fdf   00013021  00002b26  000104fb  RW X


SEGMENT ALLOCATION MAP

run origin  load origin   length   init length attrs members
----------  ----------- ---------- ----------- ----- -------
00000000    00000000    0001c818   0001c818    r-x
  00000000    00000000    0000003c   0000003c    r-- .resetVecs
  0000003c    0000003c    0001a110   0001a110    r-x .text
  0001a14c    0001a14c    00000004   00000004    r-- .rodata.1
  0001a150    0001a150    000020bc   000020bc    r-- .const
  0001c20c    0001c20c    0000015a   0000015a    r-- .rodata.2
  0001c368    0001c368    000004b0   000004b0    r-- .cinit
00048000    00048000    00004000   00000000    rw-
  00048000    00048000    00004000   00000000    rw- .TI.bound:flashBuf0
00057fa8    00057fa8    00000058   00000058    r--
  00057fa8    00057fa8    00000058   00000058    r-- .ccfg
20000100    20000100    0000000c   00000000    rw-
  20000100    20000100    00000004   00000000    rw- .data:xdcRomConstPtr
  20000104    20000104    00000004   00000000    rw- .data:xdcRomExternFuncPtr
  20000108    20000108    00000004   00000000    rw- .data:xdcRomStatePtr
20000fe0    20000fe0    00002726   00000000    rw-
  20000fe0    20000fe0    0000126d   00000000    rw- .data
  20002250    20002250    000014b6   00000000    rw- .bss
20013c00    20013c00    00000400   00000000    rw-
  20013c00    20013c00    00000400   00000000    rw- .stack


SECTION ALLOCATION MAP

 output                                  attributes/
section   page    origin      length       input sections
--------  ----  ----------  ----------   ----------------
.cinit     0    0001c368    000004b0     
                  0001c368    0000045c     (.cinit..data.load) [load image, compression = lzss]
                  0001c7c4    0000000c     (__TI_handler_table)
                  0001c7d0    00000008     (.cinit..bss.load) [load image, compression = zero_init]
                  0001c7d8    00000008     (.cinit..data:xdcRomConstPtr.load) [load image, compression = lzss]
                  0001c7e0    00000008     (.cinit..data:xdcRomExternFuncPtr.load) [load image, compression = lzss]
                  0001c7e8    00000008     (.cinit..data:xdcRomStatePtr.load) [load image, compression = lzss]
                  0001c7f0    00000028     (__TI_cinit_table)

.init_array 
*          0    00000000    00000000     UNINITIALIZED

.rodata.1 
*          0    0001a14c    00000004     
                  0001a14c    00000004     OneLib.a : ll_config.o (.rodata)

.ccfg      0    00057fa8    00000058     
                  00057fa8    00000058     ti_devices_config.obj (.ccfg:retain)

.data:xdcRomConstPtr 
*          0    20000100    00000004     UNINITIALIZED
                  20000100    00000004     simple_central_app_pem4f.oem4f (.data:xdcRomConstPtr)

.data:xdcRomExternFuncPtr 
*          0    20000104    00000004     UNINITIALIZED
                  20000104    00000004     simple_central_app_pem4f.oem4f (.data:xdcRomExternFuncPtr)

.data:xdcRomStatePtr 
*          0    20000108    00000004     UNINITIALIZED
                  20000108    00000004     simple_central_app_pem4f.oem4f (.data:xdcRomStatePtr)

.data      0    20000fe0    0000126d     UNINITIALIZED
                  20000fe0    00000508     rf_multiMode_cc26x2.a : RFCC26X2_multiMode.c.cc26x2.ccs.o (.data:$O1$$)
                  200014e8    00000184     simple_central.obj (.data:$O4$$)
                  2000166c    00000170     drivers_cc26x2.a : PowerCC26X2.oem4f (.data:PowerCC26X2_module)
                  200017dc    0000010c     simple_central_app_pem4f.oem4f (.data:ROM_stateStruct)
                  200018e8    000000f8     StackWrapper.a : gapbondmgr.o (.data)
                  200019e0    000000b0     OneLib.a : gapgattserver.o (.data)
                  20001a90    0000009c     icall.obj (.data:$O9$$)
                  20001b2c    0000007c     ti_drivers_config.obj (.data:gpioPinConfigs)
                  20001ba8    00000064     OneLib.a : ll_config.o (.data)
                  20001c0c    00000060     ti_radio_config.obj (.data:$O2$$)
                  20001c6c    00000060     nvocmp.obj (.data:$O8$$)
                  20001ccc    00000060     ti_radio_config.obj (.data:pOverrides_bleCommon)
                  20001d2c    0000004c     simple_central_app_pem4f.oem4f (.data:ti_sysbios_knl_Task_Object__table__V)
                  20001d78    00000048     board_key.obj (.data:$O3$$)
                  20001dc0    00000048     simple_central_app_pem4f.oem4f (.data:ti_sysbios_family_arm_cc26xx_Timer_Object__table__V)
                  20001e08    00000040     OneLib.a : gattservapp.o (.data)
                  20001e48    00000040              : sm_pairing.o (.data)
                  20001e88    0000003c     icall_user_config.obj (.data:nvintfFncStruct)
                  20001ec4    00000038     simple_central_app_pem4f.oem4f (.data:ti_sysbios_gates_GateMutex_Object__table__V)
                  20001efc    00000030     simple_central_app_pem4f.oem4f (.data:ti_sysbios_knl_Swi_Module_State_0_readyQ__A)
                  20001f2c    00000030     simple_central_app_pem4f.oem4f (.data:ti_sysbios_knl_Swi_Object__table__V)
                  20001f5c    00000030     simple_central_app_pem4f.oem4f (.data:ti_sysbios_knl_Task_Module_State_0_readyQ__A)
                  20001f8c    0000002c     ti_ble_config.obj (.data:$O1$$)
                  20001fb8    00000024     driverlib.lib : osc.obj (.data:$O13$$)
                  20001fdc    00000024     ble_user_config.obj (.data:eccParams_NISTP256)
                  20002000    00000020     drivers_cc26x2.a : TRNGCC26XX.oem4f (.data:entropyPoolBuffer)
                  20002020    00000020     simple_central_app_pem4f.oem4f (.data:ti_sysbios_knl_Clock_Object__table__V)
                  20002040    00000020     simple_central_app_pem4f.oem4f (.data:xdc_runtime_Error_IgnoreBlock)
                  20002060    0000001c     ti_radio_config.obj (.data:pOverrides_ble2Mbps)
                  2000207c    00000018     drivers_cc26x2.a : PowerCC26X2.oem4f (.data:PowerCC26X2_hposcRtcCompNotifyObj)
                  20002094    00000018     ti_radio_config.obj (.data:pOverrides_ble1Mbps)
                  200020ac    00000018     simple_central_app_pem4f.oem4f (.data:ti_sysbios_family_arm_m3_Hwi_Object__table__V)
                  200020c4    00000014     two_btn_menu.obj (.data:$O7$$)
                  200020d8    00000014     StackWrapper.a : osal.o (.data)
                  200020ec    00000014     ti_radio_config.obj (.data:pOverrides_bleCoded)
                  20002100    00000010     OneLib.a : gattservapp.o (.data)
                  20002110    00000010              : ll_data.o (.data)
                  20002120    00000010     icall_user_config.obj (.data:bleAppServiceInfoTable)
                  20002130    00000010     icall_api_lite.obj (.data)
                  20002140    00000010     main.obj (.data:user0Cfg)
                  20002150    0000000c     simple_central_app_pem4f.oem4f (.data:ti_sysbios_heaps_HeapCallback_Object__table__V)
                  2000215c    00000009     drivers_cc26x2.a : PINCC26XX.oem4f (.data)
                  20002165    00000001     OneLib.a : gapgattserver.o (.data)
                  20002166    00000002              : ll.o (.data)
                  20002168    00000008     icall_cc2650.obj (.data:$O11$$)
                  20002170    00000008     ble_user_config.obj (.data:$O12$$)
                  20002178    00000008     rtsv7M4_T_le_v4SPD16_eabi.lib : _lock.c.obj (.data:$O16$$)
                  20002180    00000008     OneLib.a : gapgattserver.o (.data)
                  20002188    00000008     rf_multiMode_cc26x2.a : RFCC26X2_multiMode.c.cc26x2.ccs.o (.data:RFCC26XX_schedulerPolicy)
                  20002190    00000008     drivers_cc26x2.a : TRNGCC26XX.oem4f (.data:jobList)
                  20002198    00000008     simple_central_app_pem4f.oem4f (.data:ti_sysbios_family_arm_m3_Hwi_Module__root__V)
                  200021a0    00000008     simple_central_app_pem4f.oem4f (.data:ti_sysbios_gates_GateHwi_Module__root__V)
                  200021a8    00000008     simple_central_app_pem4f.oem4f (.data:ti_sysbios_gates_GateMutexPri_Module__root__V)
                  200021b0    00000008     simple_central_app_pem4f.oem4f (.data:ti_sysbios_gates_GateMutex_Module__root__V)
                  200021b8    00000008     simple_central_app_pem4f.oem4f (.data:ti_sysbios_hal_Hwi_Module__root__V)
                  200021c0    00000008     simple_central_app_pem4f.oem4f (.data:ti_sysbios_heaps_HeapCallback_Module__root__V)
                  200021c8    00000008     simple_central_app_pem4f.oem4f (.data:ti_sysbios_heaps_HeapMem_Module__root__V)
                  200021d0    00000008     simple_central_app_pem4f.oem4f (.data:ti_sysbios_knl_Clock_Module__root__V)
                  200021d8    00000008     simple_central_app_pem4f.oem4f (.data:ti_sysbios_knl_Event_Module__root__V)
                  200021e0    00000008     simple_central_app_pem4f.oem4f (.data:ti_sysbios_knl_Mailbox_Module__root__V)
                  200021e8    00000008     simple_central_app_pem4f.oem4f (.data:ti_sysbios_knl_Queue_Module__root__V)
                  200021f0    00000008     simple_central_app_pem4f.oem4f (.data:ti_sysbios_knl_Semaphore_Module__root__V)
                  200021f8    00000008     simple_central_app_pem4f.oem4f (.data:ti_sysbios_knl_Swi_Module__root__V)
                  20002200    00000008     simple_central_app_pem4f.oem4f (.data:ti_sysbios_knl_Task_Module__root__V)
                  20002208    00000005     drivers_cc26x2.a : TemperatureCC26X2.oem4f (.data)
                  2000220d    00000001     OneLib.a : gapgattserver.o (.data)
                  2000220e    00000002              : ll_config.o (.data)
                  20002210    00000004              : ll_master_end_causes.o (.data)
                  20002214    00000004     StackWrapper.a : hal_assert.o (.data)
                  20002218    00000004     ble_user_config_stack.obj (.data)
                  2000221c    00000004     rtsv7M4_T_le_v4SPD16_eabi.lib : stkdepth_vars.c.obj (.data)
                  20002220    00000004     simple_central_app_pem4f.oem4f (.data:ti_sysbios_family_arm_m3_Hwi_Module_State_0_excContext__A)
                  20002224    00000004     simple_central_app_pem4f.oem4f (.data:ti_sysbios_family_arm_m3_Hwi_Module_State_0_excStack__A)
                  20002228    00000004     simple_central_app_pem4f.oem4f (.data:ti_sysbios_knl_Task_Module_State_0_idleTask__A)
                  2000222c    00000002     StackWrapper.a : osal_cbtimer.o (.data)
                  2000222e    00000002     drivers_cc26x2.a : CryptoResourceCC26XX.oem4f (.data)
                  20002230    00000002                      : PKAResourceCC26XX.oem4f (.data)
                  20002232    00000002                      : TRNGCC26XX.oem4f (.data)
                  20002234    00000002     simple_central_app_pem4f.oem4f (.data:ti_sysbios_family_arm_m3_Hwi_Module_State_0_excActive__A)
                  20002236    00000001     OneLib.a : gapgattserver.o (.data)
                  20002237    00000001              : gapgattserver.o (.data)
                  20002238    00000001              : gapgattserver.o (.data)
                  20002239    00000001              : gapgattserver.o (.data)
                  2000223a    00000001              : gattservapp.o (.data)
                  2000223b    00000001              : gattservapp.o (.data)
                  2000223c    00000001              : ll.o (.data)
                  2000223d    00000001              : ll_ae.o (.data)
                  2000223e    00000001              : ll_data.o (.data)
                  2000223f    00000001              : ll_scheduler.o (.data)
                  20002240    00000001              : sm_task.o (.data)
                  20002241    00000001     StackWrapper.a : gap.o (.data)
                  20002242    00000001                    : gap.o (.data)
                  20002243    00000001                    : hal_assert.o (.data)
                  20002244    00000001     drivers_cc26x2.a : AESCCMCC26XX.oem4f (.data)
                  20002245    00000001                      : AESCTRCC26XX.oem4f (.data)
                  20002246    00000001                      : AESCTRDRBGXX.oem4f (.data)
                  20002247    00000001                      : AESECBCC26XX.oem4f (.data)
                  20002248    00000001                      : ECDHCC26X2.oem4f (.data)
                  20002249    00000001                      : GPIOCC26XX.oem4f (.data)
                  2000224a    00000001                      : NVS.oem4f (.data)
                  2000224b    00000001                      : UART.oem4f (.data)
                  2000224c    00000001     rf_multiMode_cc26x2.a : rf_patch_cpe_bt5.c.cc26x2.ccs.o (.data)

.bss       0    20002250    000014b6     UNINITIALIZED
                  20002250    00000400     (.common:scTaskStack)
                  20002650    00000300     simple_central_app_pem4f.oem4f (.bss:taskStackSection)
                  20002950    000001ac     (.common:uartCC26XXObjects)
                  20002afc    00000004     OneLib.a : gapgattserver.o (.bss)
                  20002b00    00000100              : ll.o (.bss)
                  20002c00    000000d8     (.common:ti_sysbios_family_arm_m3_Hwi_dispatchTable)
                  20002cd8    000000a0     simple_central_menu.obj (.bss:$O6$$)
                  20002d78    000000a0     OneLib.a : ll_ae.o (.bss)
                  20002e18    00000084     (.common:trngCC26XXObjects)
                  20002e9c    00000080     ti_drivers_config.obj (.bss:displayUARTBuffer)
                  20002f1c    0000007c     (.common:gpioCallbackFunctions)
                  20002f98    0000007c     (.common:gpioUserArgs)
                  20003014    0000007c     (.common:pinHandleTable)
                  20003090    00000078     StackWrapper.a : osal_cbtimer.o (.bss)
                  20003108    00000058     (.common:aesctrdrbgXXObjects)
                  20003160    00000050     drivers_cc26x2.a : PINCC26XX.oem4f (.bss:pinSemaphore)
                  200031b0    00000050     (.common:CryptoResourceCC26XX_accessSemaphore)
                  20003200    00000050     (.common:CryptoResourceCC26XX_operationSemaphore)
                  20003250    00000050     (.common:PKAResourceCC26XX_accessSemaphore)
                  200032a0    00000050     (.common:PKAResourceCC26XX_operationSemaphore)
                  200032f0    00000044     (.common:aesctrCC26XXObjects)
                  20003334    0000003c     StackWrapper.a : osal_snv_wrapper.o (.bss)
                  20003370    0000003c     drivers_cc26x2.a : PINCC26XX.oem4f (.bss:pinSwi)
                  200033ac    00000028     (.common:aesecbCC26XXObjects)
                  200033d4    00000024     OneLib.a : ll.o (.bss)
                  200033f8    00000020              : gattservapp.o (.bss)
                  20003418    00000020     StackWrapper.a : gapbondmgr.o (.bss)
                  20003438    00000020                    : gapbondmgr.o (.bss)
                  20003458    00000020     drivers_cc26x2.a : PINCC26XX.oem4f (.bss:pinGpioConfigTable)
                  20003478    00000020     ti_drivers_config.obj (.bss:uartCC26XXRingBuffer0)
                  20003498    00000020     (.common:ecdhCC26X2Objects)
                  200034b8    0000001c     drivers_cc26x2.a : TRNGCC26XX.oem4f (.bss:TRNGCC26XX_hwi)
                  200034d4    0000001c                      : TemperatureCC26X2.oem4f (.bss:batmonHwi)
                  200034f0    0000001c                      : TRNGCC26XX.oem4f (.bss:entropyPool)
                  2000350c    0000001c                      : GPIOCC26XX.oem4f (.bss:gpioHwi)
                  20003528    0000001c                      : PINCC26XX.oem4f (.bss:pinHwi)
                  20003544    0000001c     (.common:CryptoResourceCC26XX_hwi)
                  20003560    0000001c     (.common:PKAResourceCC26XX_hwi)
                  2000357c    00000018     OneLib.a : gapgattserver.o (.bss)
                  20003594    00000018              : ll_common.o (.bss)
                  200035ac    00000018     (.common:aesccmCC26XXObjects)
                  200035c4    00000014     rf_multiMode_cc26x2.a : RFCC26X2_multiMode.c.cc26x2.ccs.o (.bss:RF_ratSyncCmd)
                  200035d8    00000014     drivers_cc26x2.a : Random.oem4f (.bss:state)
                  200035ec    00000010     OneLib.a : ll.o (.bss)
                  200035fc    00000010     util.obj (.bss:str$1$7)
                  2000360c    0000000c     OneLib.a : ll.o (.bss)
                  20003618    0000000c              : ll.o (.bss)
                  20003624    0000000c              : ll_scheduler.o (.bss)
                  20003630    0000000c     drivers_cc26x2.a : NVSCC26XX.oem4f (.bss)
                  2000363c    0000000c     (.common:displayUartObject)
                  20003648    00000008     OneLib.a : ll.o (.bss)
                  20003650    00000008              : ll.o (.bss)
                  20003658    00000008              : ll_ae.o (.bss)
                  20003660    00000008     drivers_cc26x2.a : TemperatureCC26X2.oem4f (.bss:notificationList)
                  20003668    00000004     OneLib.a : gattservapp.o (.bss)
                  2000366c    00000004              : linkdb.o (.bss)
                  20003670    00000004              : ll.o (.bss)
                  20003674    00000004              : ll.o (.bss)
                  20003678    00000004              : ll.o (.bss)
                  2000367c    00000004              : ll.o (.bss)
                  20003680    00000004              : ll.o (.bss)
                  20003684    00000004              : ll_ae.o (.bss)
                  20003688    00000004              : ll_common.o (.bss)
                  2000368c    00000004              : ll_enc.o (.bss)
                  20003690    00000004              : ll_privacy.o (.bss)
                  20003694    00000004     StackWrapper.a : gapbondmgr.o (.bss)
                  20003698    00000004                    : gapbondmgr.o (.bss)
                  2000369c    00000004                    : osal.o (.bss)
                  200036a0    00000004                    : osal.o (.bss)
                  200036a4    00000004                    : osal.o (.bss)
                  200036a8    00000004                    : osal.o (.bss)
                  200036ac    00000004                    : osal.o (.bss)
                  200036b0    00000004                    : osal.o (.bss)
                  200036b4    00000004                    : osal_bufmgr.o (.bss)
                  200036b8    00000004                    : osal_clock.o (.bss)
                  200036bc    00000004                    : osal_clock.o (.bss)
                  200036c0    00000004                    : osal_timers.o (.bss)
                  200036c4    00000004                    : osal_timers.o (.bss)
                  200036c8    00000004                    : osal_timers.o (.bss)
                  200036cc    00000004     drivers_cc26x2.a : ECDHCC26X2.oem4f (.bss)
                  200036d0    00000004                      : PINCC26XX.oem4f (.bss)
                  200036d4    00000004     (.common:PowerCC26XX_swiKey)
                  200036d8    00000004     (.common:PowerCC26XX_taskKey)
                  200036dc    00000004     (.common:nvsCC26XXObjects)
                  200036e0    00000004     (.common:tasksEvents)
                  200036e4    00000002     OneLib.a : gapgattserver.o (.bss)
                  200036e6    00000002              : ll.o (.bss)
                  200036e8    00000002              : ll_ae.o (.bss)
                  200036ea    00000002     StackWrapper.a : osal_pwrmgr.o (.bss)
                  200036ec    00000001     OneLib.a : gapgattserver.o (.bss)
                  200036ed    00000001              : gattservapp.o (.bss)
                  200036ee    00000001              : hci_tl.o (.bss)
                  200036ef    00000001              : hci_tl.o (.bss)
                  200036f0    00000001              : hci_tl.o (.bss)
                  200036f1    00000001              : hci_tl.o (.bss)
                  200036f2    00000001              : hci_tl.o (.bss)
                  200036f3    00000001              : hci_tl.o (.bss)
                  200036f4    00000001              : ll.o (.bss)
                  200036f5    00000001              : ll.o (.bss)
                  200036f6    00000001              : ll.o (.bss)
                  200036f7    00000001              : ll.o (.bss)
                  200036f8    00000001              : ll.o (.bss)
                  200036f9    00000001              : ll_ae.o (.bss)
                  200036fa    00000001              : ll_config.o (.bss)
                  200036fb    00000001              : ll_config.o (.bss)
                  200036fc    00000001              : ll_enc.o (.bss)
                  200036fd    00000001              : ll_isr.o (.bss)
                  200036fe    00000001              : sm_task.o (.bss)
                  200036ff    00000001     StackWrapper.a : ble_dispatch_lite.o (.bss)
                  20003700    00000001                    : gapbondmgr.o (.bss)
                  20003701    00000001                    : gapbondmgr.o (.bss)
                  20003702    00000001                    : hal_assert.o (.bss)
                  20003703    00000001                    : osal.o (.bss)
                  20003704    00000001                    : osal_pwrmgr.o (.bss)
                  20003705    00000001     rf_multiMode_cc26x2.a : RFCC26X2_multiMode.c.cc26x2.ccs.o (.bss)

.vtable    0    20003706    00000000     UNINITIALIZED

.vtable_ram 
*          0    20003706    00000000     UNINITIALIZED

vtable_ram 
*          0    20003706    00000000     UNINITIALIZED

.sysmem    0    20003706    00000000     UNINITIALIZED

.nonretenvar 
*          0    20003706    00000000     UNINITIALIZED

.stack     0    20013c00    00000400     UNINITIALIZED
                  20013c00    00000400     --HOLE--

.bootVecs 
*          0    00000000    00000008     DSECT
                  00000000    00000008     boot.aem4f : boot.oem4f (.bootVecs)

.resetVecs 
*          0    00000000    0000003c     
                  00000000    0000003c     simple_central_app_pem4f.oem4f (.resetVecs)

.vecs      0    20000000    000000d8     NOLOAD SECTION
                  20000000    000000d8     simple_central_app_pem4f.oem4f (.vecs)

xdc.meta   0    00000000    0000010d     COPY SECTION
                  00000000    0000010d     simple_central_app_pem4f.oem4f (xdc.meta)

xdc.noload 
*          0    00000000    00000000     COPY SECTION

.TI.bound:flashBuf0 
*          0    00048000    00004000     UNINITIALIZED
                  00048000    00004000     ti_drivers_config.obj (.TI.bound:flashBuf0)

.text      0    0000003c    0001a110     
                  0000003c    00001018     simple_central.obj (.text:SimpleCentral_taskFxn$4)
                  00001054    00000b60     StackWrapper.a : gapbondmgr.o (.text)
                  00001bb4    000007c0     OneLib.a : ll_scheduler.o (.text)
                  00002374    00000658     StackWrapper.a : gapbondmgr.o (.text)
                  000029cc    000005e4     simple_central.obj (.text:SimpleCentral_processGapMsg$4)
                  00002fb0    000004c0     rf_multiMode_cc26x2.a : RFCC26X2_multiMode.c.cc26x2.ccs.o (.text:RF_fsmActiveState)
                  00003470    00000470     OneLib.a : ll_isr.o (.text)
                  000038e0    00000448              : ll.o (.text)
                  00003d28    000003c8              : ble.o (.text)
                  000040f0    000003c8              : ll_scheduler.o (.text)
                  000044b8    000003bc              : ll_ae.o (.text)
                  00004874    00000348              : ll_ae.o (.text)
                  00004bbc    00000320              : ble.o (.text)
                  00004edc    00000320              : ll.o (.text)
                  000051fc    000002dc              : ll_master_end_causes.o (.text)
                  000054d8    000002c8              : ll_isr.o (.text)
                  000057a0    00000298     rf_multiMode_cc26x2.a : RFCC26X2_multiMode.c.cc26x2.ccs.o (.text:RF_open)
                  00005a38    00000298     StackWrapper.a : gapbondmgr.o (.text)
                  00005cd0    0000025c     nvocmp.obj (.text:NVOCMP_addItem$9)
                  00005f2c    0000025c     OneLib.a : ll_common.o (.text)
                  00006188    0000025c     StackWrapper.a : gapbondmgr.o (.text)
                  000063e4    00000248     OneLib.a : ll_data.o (.text)
                  0000662c    00000244              : ll_ae.o (.text)
                  00006870    0000022c     drivers_cc26x2.a : ECDHCC26X2.oem4f (.text:ECDHCC26X2_runFSM)
                  00006a9c    0000021c     nvocmp.obj (.text:NVOCMP_initNv$9)
                  00006cb8    00000218     drivers_cc26x2.a : PINCC26XX.oem4f (.text:PIN_init)
                  00006ed0    00000210     rf_multiMode_cc26x2.a : RFCC26X2_multiMode.c.cc26x2.ccs.o (.text:RF_scheduleCmd)
                  000070e0    00000204     OneLib.a : gattservapp.o (.text)
                  000072e4    00000204              : ll_master_end_causes.o (.text)
                  000074e8    000001f8     osal_icall_ble.obj (.text:stack_main)
                  000076e0    000001e8     OneLib.a : ll.o (.text)
                  000078c8    000001e0     StackWrapper.a : osal.o (.text)
                  00007aa8    000001dc     rf_multiMode_cc26x2.a : RFCC26X2_multiMode.c.cc26x2.ccs.o (.text:RF_dispatchNextCmd)
                  00007c84    000001d8     OneLib.a : ll_isr.o (.text)
                  00007e5c    000001c4     simple_central.obj (.text:SimpleCentral_processPairState$4)
                  00008020    00000198     drivers_cc26x2.a : PowerCC26X2.oem4f (.text:Power_sleep)
                  000081b8    00000196     OneLib.a : ll_common.o (.text)
                  0000834e    00000002     ti_drivers_config.obj (.text:Board_initHook)
                  00008350    00000190     drivers_cc26x2.a : PowerCC26X2_calibrateRCOSC.oem4f (.text:calibrateRcoscHf1)
                  000084e0    00000190     icall.obj (.text:icall_directAPI)
                  00008670    0000018c     drivers_cc26x2.a : PowerCC26X2_calibrateRCOSC.oem4f (.text:runCalibrateFsm)
                  000087fc    00000188     nvocmp.obj (.text:NVOCMP_compact$9)
                  00008984    0000017c     OneLib.a : ll_isr.o (.text)
                  00008b00    0000017c              : sm_intpairing.o (.text)
                  00008c7c    00000178              : ll_scheduler.o (.text)
                  00008df4    00000174              : gattservapp.o (.text)
                  00008f68    0000016c              : ll.o (.text)
                  000090d4    0000016c     drivers_cc26x2.a : PowerCC26X2.oem4f (.text:Power_init)
                  00009240    0000016c     driverlib.lib : osc.obj (.text:findHposcCoefficients$22)
                  000093ac    00000168     OneLib.a : ll_common.o (.text)
                  00009514    00000164     drivers_cc26x2.a : AESCTRCC26XX.oem4f (.text:AESCTR_processData)
                  00009678    00000162     StackWrapper.a : osal.o (.text)
                  000097da    00000002     ble_user_config.obj (.text:DefaultAssertCback)
                  000097dc    00000160     OneLib.a : ll_ae.o (.text)
                  0000993c    00000158     driverlib.lib : sys_ctrl.obj (.text:NOROM_SysCtrlStandby)
                  00009a94    00000158     OneLib.a : ll_common.o (.text)
                  00009bec    00000154              : ll_isr.o (.text)
                  00009d40    00000154     rf_multiMode_cc26x2.a : RFCC26X2_multiMode.c.cc26x2.ccs.o (.text:RF_radioOpDoneCb)
                  00009e94    00000154     drivers_cc26x2.a : UARTCC26XX.oem4f (.text:UARTCC26XX_hwiIntFxn)
                  00009fe8    00000150     OneLib.a : gap_task.o (.text)
                  0000a138    0000014c              : ll_isr.o (.text)
                  0000a284    0000014c     simple_central.obj (.text:SimpleCentral_doAutoConnect)
                  0000a3d0    00000148     drivers_cc26x2.a : AESECBCC26XX.oem4f (.text:AESECB_addDataInternal)
                  0000a518    00000144     rf_multiMode_cc26x2.a : RFCC26X2_multiMode.c.cc26x2.ccs.o (.text:RF_fsmSetupState)
                  0000a65c    00000144     StackWrapper.a : gap.o (.text)
                  0000a7a0    00000140     main.obj (.text:AssertHandler)
                  0000a8e0    00000140     OneLib.a : gattservapp.o (.text)
                  0000aa20    00000140     drivers_cc26x2.a : UARTCC26XX.oem4f (.text:UARTCC26XX_open)
                  0000ab60    0000013c                      : AESCCMCC26XX.oem4f (.text:AESCCM_startOperation)
                  0000ac9c    0000013a                      : UARTCC26XX.oem4f (.text:UARTCC26XX_read)
                  0000add6    00000002     display_cc26x2.a : DisplayUart.oem4f (.text:DisplayUartAnsi_init)
                  0000add8    00000138     drivers_cc26x2.a : ECDHCC26X2.oem4f (.text:ECDH_computeSharedSecret)
                  0000af10    00000138                      : NVSCC26XX.oem4f (.text:NVSCC26XX_write)
                  0000b048    00000138     rf_multiMode_cc26x2.a : RFCC26X2_multiMode.c.cc26x2.ccs.o (.text:RF_abortCmd)
                  0000b180    00000138                           : RFCC26X2_multiMode.c.cc26x2.ccs.o (.text:RF_ratSetupChannel)
                  0000b2b8    00000130     nvocmp.obj (.text:NVOCMP_compactPage$9)
                  0000b3e8    00000124     OneLib.a : ll_isr.o (.text)
                  0000b50c    00000124     simple_central.obj (.text:SimpleCentral_processGATTDiscEvent$4)
                  0000b630    00000120     OneLib.a : ll_common.o (.text)
                  0000b750    00000120              : ll_data.o (.text)
                  0000b870    00000120     rf_multiMode_cc26x2.a : RFCC26X2_multiMode.c.cc26x2.ccs.o (.text:RF_close)
                  0000b990    00000120     simple_central.obj (.text:SimpleCentral_menuSwitchCb$4)
                  0000bab0    00000120     drivers_cc26x2.a : PowerCC26X2.oem4f (.text:configureXOSCHF)
                  0000bbd0    00000114     OneLib.a : ll_common.o (.text)
                  0000bce4    00000114     drivers_cc26x2.a : PINCC26XX.oem4f (.text:PINCC26XX_setIoCfg)
                  0000bdf8    0000010c     OneLib.a : gatt_client.o (.text)
                  0000bf04    00000108              : ll_isr.o (.text)
                  0000c00c    00000106     simple_central_app_pem4f.oem4f (.text:xdc_runtime_System_printfExtend__I)
                  0000c112    00000002     rom_init.obj (.text:MAP_HCI_CteRequestFailedEvent)
                  0000c114    00000104     rf_multiMode_cc26x2.a : RFCC26X2_multiMode.c.cc26x2.ccs.o (.text:RF_hwiCpe0Active)
                  0000c218    00000100     nvocmp.obj (.text:NVOCMP_findItem$9)
                  0000c318    000000fe     OneLib.a : ll_scheduler.o (.text)
                  0000c416    00000002     rom_init.obj (.text:MAP_llClearPeriodicAdvSets)
                  0000c418    000000fc     OneLib.a : ll_scheduler.o (.text)
                  0000c514    000000fc     driverlib.lib : setup.obj (.text:TrimAfterColdResetWakeupFromShutDown$20)
                  0000c610    000000f8                   : setup.obj (.text:NOROM_SetupTrimDevice)
                  0000c708    000000f8     rf_multiMode_cc26x2.a : RFCC26X2_multiMode.c.cc26x2.ccs.o (.text:RF_decodeOverridePointers)
                  0000c800    000000f4     OneLib.a : ll_scheduler.o (.text)
                  0000c8f4    000000f4     two_btn_menu.obj (.text:tbm_displayItemPage)
                  0000c9e8    000000f0     OneLib.a : ll_ae.o (.text)
                  0000cad8    000000f0     rf_multiMode_cc26x2.a : RFCC26X2_multiMode.c.cc26x2.ccs.o (.text:RF_fsmPowerUpState)
                  0000cbc8    000000e8     drivers_cc26x2.a : GPIOCC26XX.oem4f (.text:GPIO_init)
                  0000ccb0    000000e8     StackWrapper.a : gapbondmgr.o (.text)
                  0000cd98    000000e4     OneLib.a : gapgattserver.o (.text)
                  0000ce7c    000000e4     simple_central.obj (.text:SimpleCentral_doConnUpdate)
                  0000cf60    000000e0     rf_multiMode_cc26x2.a : RFCC26X2_multiMode.c.cc26x2.ccs.o (.text:RF_control)
                  0000d040    000000e0     StackWrapper.a : osal_timers.o (.text)
                  0000d120    000000e0     drivers_cc26x2.a : UARTCC26XX.oem4f (.text:UARTCC26XX_write)
                  0000d200    000000dc     driverlib.lib : aes.obj (.text:NOROM_AESWriteToKeyStore)
                  0000d2dc    000000dc     OneLib.a : ll_ae.o (.text)
                  0000d3b8    000000d8              : ll_isr.o (.text)
                  0000d490    000000d8     rf_multiMode_cc26x2.a : RFCC26X2_multiMode.c.cc26x2.ccs.o (.text:RF_pendCmd)
                  0000d568    000000d4     drivers_cc26x2.a : ECDHCC26X2.oem4f (.text:ECDH_generatePublicKey)
                  0000d63c    000000d2     rf_multiMode_cc26x2.a : RFCC26X2_multiMode.c.cc26x2.ccs.o (.text:RF_updatePaConfiguration)
                  0000d70e    00000002     rom_init.obj (.text:MAP_llClearPeriodicScanSets)
                  0000d710    000000cc     OneLib.a : hci_event.o (.text)
                  0000d7dc    000000cc     rf_multiMode_cc26x2.a : RFCC26X2_multiMode.c.cc26x2.ccs.o (.text:RF_swiHw)
                  0000d8a8    000000cc     StackWrapper.a : osal.o (.text)
                  0000d974    000000cc     main.obj (.text:main)
                  0000da40    000000c8     OneLib.a : gap_scanner.o (.text)
                  0000db08    000000c8              : gapgattserver.o (.text)
                  0000dbd0    000000c8              : ll.o (.text)
                  0000dc98    000000c8     dpl_cc26x2.a : PowerCC26X2_tirtos.oem4f (.text:PowerCC26XX_standbyPolicy)
                  0000dd60    000000c4     drivers_cc26x2.a : AESCTRDRBGXX.oem4f (.text:AESCTRDRBG_getRandomBytes)
                  0000de24    000000c0     nvocmp.obj (.text:NVOCMP_erase$9)
                  0000dee4    000000c0     OneLib.a : ll.o (.text)
                  0000dfa4    000000c0     drivers_cc26x2.a : PowerCC26X2.oem4f (.text:Power_releaseDependency)
                  0000e064    000000c0                      : TRNGCC26XX.oem4f (.text:TRNG_getRandom)
                  0000e124    000000bc                      : AESCTRDRBGXX.oem4f (.text:AESCTRDRBG_construct)
                  0000e1e0    000000bc     OneLib.a : ble.o (.text)
                  0000e29c    000000bc              : ll_ecc.o (.text)
                  0000e358    000000bc              : ll_scheduler.o (.text)
                  0000e414    000000bc     rf_multiMode_cc26x2.a : RFCC26X2_multiMode.c.cc26x2.ccs.o (.text:RF_initRadioSetup)
                  0000e4d0    000000b8     OneLib.a : ll.o (.text)
                  0000e588    000000b8     drivers_cc26x2.a : PowerCC26X2.oem4f (.text:Power_setDependency)
                  0000e640    000000b8     StackWrapper.a : gapbondmgr.o (.text)
                  0000e6f8    000000b8                    : gattservapp_util.o (.text)
                  0000e7b0    000000b8     drivers_cc26x2.a : UARTCC26XX.oem4f (.text:UARTCC26XX_initHw)
                  0000e868    000000b6     driverlib.lib : osc.obj (.text:multiplyColumns$22)
                  0000e91e    000000b4     drivers_cc26x2.a : AESCTRDRBGXX.oem4f (.text:AESCTRDRBG_reseed)
                  0000e9d2    00000002     rom_init.obj (.text:MAP_llDmmDynamicFree)
                  0000e9d4    000000b0     OneLib.a : ll.o (.text)
                  0000ea84    000000b0              : ll_enc.o (.text)
                  0000eb34    000000ac     display_cc26x2.a : DisplayUart.oem4f (.text:DisplayUartAnsi_clearLines)
                  0000ebe0    000000ac     drivers_cc26x2.a : ECDHCC26X2.oem4f (.text:ECDHCC26X2_hwiFxn)
                  0000ec8c    000000ac     nvocmp.obj (.text:NVOCMP_initNvApi$9)
                  0000ed38    000000ac     OneLib.a : ll_ae.o (.text)
                  0000ede4    000000ac              : ll_scheduler.o (.text)
                  0000ee90    000000ac     drivers_cc26x2.a : PINCC26XX.oem4f (.text:PIN_open)
                  0000ef3c    000000ac     simple_central.obj (.text:SimpleCentral_autoConnect$4)
                  0000efe8    000000a8     OneLib.a : hci_data.o (.text)
                  0000f090    000000a8              : ll.o (.text)
                  0000f138    000000a8              : ll_common.o (.text)
                  0000f1e0    000000a8     StackWrapper.a : gapbondmgr.o (.text)
                  0000f288    000000a7     display_cc26x2.a : DisplayUart.oem4f (.text:DisplayUartAnsi_open)
                  0000f32f    00000001     --HOLE-- [fill = 0]
                  0000f330    000000a4     OneLib.a : ll_ae.o (.text)
                  0000f3d4    000000a4     rf_multiMode_cc26x2.a : RFCC26X2_multiMode.c.cc26x2.ccs.o (.text:RF_ratRestartChannels)
                  0000f478    000000a4     StackWrapper.a : gapbondmgr.o (.text)
                  0000f51c    000000a4                    : osal_cbtimer.o (.text)
                  0000f5c0    000000a4     driverlib.lib : osc.obj (.text:findHposcPc$22)
                  0000f664    000000a0     OneLib.a : gattservapp.o (.text)
                  0000f704    000000a0              : ll_common.o (.text)
                  0000f7a4    000000a0              : ll_master_end_causes.o (.text)
                  0000f844    000000a0              : ll_scheduler.o (.text)
                  0000f8e4    000000a0     rf_multiMode_cc26x2.a : RFCC26X2_multiMode.c.cc26x2.ccs.o (.text:RF_cmdDispatchTime)
                  0000f984    000000a0     auto_init.aem4f : auto_init.oem4f (.text)
                  0000fa24    000000a0     rom_sysbios.aem4f : rom_sysbios.obj (.text:ti_sysbios_knl_Task_setPri__E)
                  0000fac4    0000009f     display_cc26x2.a : DisplayUart.oem4f (.text:DisplayUartAnsi_vprintf)
                  0000fb63    00000001     --HOLE-- [fill = 0]
                  0000fb64    0000009c     nvocmp.obj (.text:NVOCMP_readHeader$9)
                  0000fc00    0000009c     OneLib.a : ll_common.o (.text)
                  0000fc9c    0000009c              : ll_ecc.o (.text)
                  0000fd38    0000009c     rf_multiMode_cc26x2.a : RFCC26X2_multiMode.c.cc26x2.ccs.o (.text:RF_hposcRfCompensateFxn)
                  0000fdd4    0000009c     drivers_cc26x2.a : TRNGCC26XX.oem4f (.text:TRNG_construct)
                  0000fe70    0000009c     rtsv7M4_T_le_v4SPD16_eabi.lib : memcpy_t2.asm.obj (.text)
                  0000ff0c    00000098     driverlib.lib : osc.obj (.text:NOROM_OSC_HPOSCInitializeFrequencyOffsetParameters)
                  0000ffa4    00000098     OneLib.a : gattservapp.o (.text)
                  0001003c    00000098              : hci_event.o (.text)
                  000100d4    00000098              : ll_ae.o (.text)
                  0001016c    00000098     rf_multiMode_cc26x2.a : RFCC26X2_multiMode.c.cc26x2.ccs.o (.text:RF_calculateDispatchTime)
                  00010204    00000098     drivers_cc26x2.a : TRNGCC26XX.oem4f (.text:TRNGCC26XX_hwiFxn)
                  0001029c    00000096     rtsv7M4_T_le_v4SPD16_eabi.lib : ull_div_t2.asm.obj (.text)
                  00010332    00000002     rom_init.obj (.text:MAP_llDmmSetThreshold)
                  00010334    00000094     icall.obj (.text:ICall_setTimer)
                  000103c8    00000094     OneLib.a : gatt_server.o (.text)
                  0001045c    00000094              : ll.o (.text)
                  000104f0    00000094              : ll_ae.o (.text)
                  00010584    00000094              : ll_common.o (.text)
                  00010618    00000094              : ll_scheduler.o (.text)
                  000106ac    00000092              : gap_task.o (.text)
                  0001073e    00000092     drivers_cc26x2.a : UARTCC26XX.oem4f (.text:UARTCC26XX_writeCancel)
                  000107d0    00000092     driverlib.lib : osc.obj (.text:findDenominator$22)
                  00010862    00000002     rom_init.obj (.text:MAP_llPeriodicScan_PostProcess)
                  00010864    00000090     OneLib.a : ll.o (.text)
                  000108f4    00000090              : ll_ae.o (.text)
                  00010984    00000090              : ll_common.o (.text)
                  00010a14    00000090     rf_multiMode_cc26x2.a : RFCC26X2_multiMode.c.cc26x2.ccs.o (.text:RF_discardPendCmd)
                  00010aa4    00000090                           : RFCC26X2_multiMode.c.cc26x2.ccs.o (.text:RF_getInfo)
                  00010b34    00000090     osal_icall_ble.obj (.text:osalInitTasks)
                  00010bc4    0000008e     drivers_cc26x2.a : CryptoUtils.oem4f (.text:CryptoUtils_reverseCopyPad)
                  00010c52    0000008e     driverlib.lib : osc.obj (.text:findNumerator$22)
                  00010ce0    0000008c     icall.obj (.text:ICall_heapMalloc)
                  00010d6c    0000008c     simple_central.obj (.text:SimpleCentral_doGattWrite)
                  00010df8    0000008c     rom_sysbios.aem4f : rom_sysbios.obj (.text:ti_sysbios_gates_GateMutexPri_enter__E)
                  00010e84    0000008a     drivers_cc26x2.a : AESCTRDRBGXX.oem4f (.text:AESCTRDRBGXX_updateState)
                  00010f0e    00000088                      : AESCTRCC26XX.oem4f (.text:AESCTR_startOneStepOperation)
                  00010f96    00000002     rom_init.obj (.text:MAP_llProcessPeriodicScanRxFIFO)
                  00010f98    00000088     driverlib.lib : osc.obj (.text:NOROM_OSCHF_AttemptToSwitchToXosc)
                  00011020    00000088     simple_central.obj (.text:SimpleCentral_doRssiRead)
                  000110a8    00000088     simple_central.obj (.text:SimpleCentral_doSelectConn)
                  00011130    00000088     StackWrapper.a : osal_cbtimer.o (.text)
                  000111b8    00000088     drivers_cc26x2.a : PowerCC26X2_calibrateRCOSC.oem4f (.text:calibrateRcoscHf2)
                  00011240    00000088                      : PowerCC26X2.oem4f (.text:disableLFClockQualifiers)
                  000112c8    00000088                      : PowerCC26X2_calibrateRCOSC.oem4f (.text:updateSubSecInc)
                  00011350    00000084     rf_multiMode_cc26x2.a : RFCC26X2_multiMode.c.cc26x2.ccs.o (.text:RF_issueRadioFreeCb)
                  000113d4    00000084                           : RFCC26X2_multiMode.c.cc26x2.ccs.o (.text:RF_verifyGap)
                  00011458    00000084     drivers_cc26x2.a : UARTCC26XX.oem4f (.text:UARTCC26XX_close)
                  000114dc    00000084                      : UARTCC26XX.oem4f (.text:writeTxFifoFlush)
                  00011560    00000080     driverlib.lib : chipinfo.obj (.text:NOROM_ChipInfo_GetChipType)
                  000115e0    00000080     drivers_cc26x2.a : NVSCC26XX.oem4f (.text:NVSCC26XX_open)
                  00011660    00000080     OneLib.a : ll_enc.o (.text)
                  000116e0    00000080     rom_sysbios.aem4f : rom_sysbios.obj (.text:ti_sysbios_family_arm_cc26xx_Timer_start__E)
                  00011760    0000007e     OneLib.a : gap_task.o (.text)
                  000117de    00000002     rom_init.obj (.text:MAP_llSetPeriodicSyncInfo)
                  000117e0    0000007c     drivers_cc26x2.a : AESCTRCC26XX.oem4f (.text:AESCTR_hwiFxn)
                  0001185c    0000007c     nvocmp.obj (.text:NVOCMP_readItemApi$9)
                  000118d8    0000007c     OneLib.a : ll_common.o (.text)
                  00011954    0000007c     rf_multiMode_cc26x2.a : RFCC26X2_multiMode.c.cc26x2.ccs.o (.text:RF_ratFreeChannel)
                  000119d0    0000007c     StackWrapper.a : gapbondmgr.o (.text)
                  00011a4c    0000007a     OneLib.a : gattservapp.o (.text)
                  00011ac6    0000007a     rtsv7M4_T_le_v4SPD16_eabi.lib : memset_t2.asm.obj (.text)
                  00011b40    00000078     icall.obj (.text:ICall_heapInit)
                  00011bb8    00000078     nvocmp.obj (.text:NVOCMP_checkItem$9)
                  00011c30    00000078     OneLib.a : ll_common.o (.text)
                  00011ca8    00000078     StackWrapper.a : osal_cbtimer.o (.text)
                  00011d20    00000078     rom_sysbios.aem4f : rom_sysbios.obj (.text:ti_sysbios_heaps_HeapMem_allocUnprotected__E)
                  00011d98    00000076     OneLib.a : ll_common.o (.text)
                  00011e0e    00000076     StackWrapper.a : gap.o (.text)
                  00011e84    00000074     nvocmp.obj (.text:NVOCMP_writeItemApi$9)
                  00011ef8    00000074     OneLib.a : ll_enc.o (.text)
                  00011f6c    00000074     drivers_cc26x2.a : PowerCC26X2_calibrateRCOSC.oem4f (.text:PowerCC26X2_auxISR)
                  00011fe0    00000074     rf_multiMode_cc26x2.a : RFCC26X2_multiMode.c.cc26x2.ccs.o (.text:RF_ratDisableChannel)
                  00012054    00000074     simple_central.obj (.text:SimpleCentral_doConnect)
                  000120c8    00000074     rom_sysbios.aem4f : rom_sysbios.obj (.text:ti_sysbios_gates_GateMutexPri_leave__E)
                  0001213c    00000072     rf_multiMode_cc26x2.a : RFCC26X2_multiMode.c.cc26x2.ccs.o (.text:RF_detachOverrides)
                  000121ae    00000002     rom_init.obj (.text:MAP_llSlave_TaskEnd)
                  000121b0    00000070     drivers_cc26x2.a : AESCCMCC26XX.oem4f (.text:AESCCM_cleanup)
                  00012220    00000070     icall.obj (.text:ICall_heapGetStats)
                  00012290    00000070     rf_multiMode_cc26x2.a : rfc.c.cc26x2.ccs.o (.text:NOROM_RFCAnaDivTxOverride)
                  00012300    00000070     nvocmp.obj (.text:NVOCMP_eraseNvApi$9)
                  00012370    00000070     OneLib.a : gatt_server.o (.text)
                  000123e0    00000070              : ll_ae.o (.text)
                  00012450    00000070              : ll_common.o (.text)
                  000124c0    00000070              : ll_enc.o (.text)
                  00012530    00000070     rf_multiMode_cc26x2.a : RFCC26X2_multiMode.c.cc26x2.ccs.o (.text:RF_getCurrentTime)
                  000125a0    00000070     drivers_cc26x2.a : Random.oem4f (.text:Random_seedAutomatic)
                  00012610    00000070     StackWrapper.a : osal.o (.text)
                  00012680    00000070     drivers_cc26x2.a : TemperatureCC26X2.oem4f (.text:Temperature_init)
                  000126f0    0000006e     OneLib.a : gatt_server.o (.text)
                  0001275e    0000006e     rf_multiMode_cc26x2.a : RFCC26X2_multiMode.c.cc26x2.ccs.o (.text:RF_attachOverrides)
                  000127cc    0000006e                           : RFCC26X2_multiMode.c.cc26x2.ccs.o (.text:RF_howToSchedule)
                  0001283a    0000006e     rtsv7M4_T_le_v4SPD16_eabi.lib : ll_div_t2.asm.obj (.text)
                  000128a8    0000006d     rom_sysbios.aem4f : rom_sysbios.obj (.text:xdc_runtime_System_formatNum__I)
                  00012915    00000001     --HOLE-- [fill = 0]
                  00012916    00000002     rom_init.obj (.text:MAP_llTerminatePeriodicScan)
                  00012918    0000006c     drivers_cc26x2.a : AESCTRCC26XX.oem4f (.text:AESCTR_construct)
                  00012984    0000006c                      : AESECBCC26XX.oem4f (.text:AESECB_construct)
                  000129f0    0000006c                      : AESECBCC26XX.oem4f (.text:AESECB_hwiFxn)
                  00012a5c    0000006c                      : GPIOCC26XX.oem4f (.text:GPIO_setConfig)
                  00012ac8    0000006c     nvocmp.obj (.text:NVOCMP_getDstPage$9)
                  00012b34    0000006c     OneLib.a : ll_isr.o (.text)
                  00012ba0    0000006c              : ll_scheduler.o (.text)
                  00012c0c    0000006c     rf_multiMode_cc26x2.a : RFCC26X2_multiMode.c.cc26x2.ccs.o (.text:RF_dispatchNextEvent)
                  00012c78    0000006c     simple_central.obj (.text:SimpleCentral_doSetScanPhy)
                  00012ce4    0000006c     StackWrapper.a : osal_cbtimer.o (.text)
                  00012d50    0000006c     drivers_cc26x2.a : UARTCC26XX.oem4f (.text:UARTCC26XX_initIO)
                  00012dbc    00000068                      : AESECBCC26XX.oem4f (.text:AESECB_waitForResult)
                  00012e24    00000068                      : CryptoUtils.oem4f (.text:CryptoUtils_copyPad)
                  00012e8c    00000068     icall.obj (.text:ICall_send)
                  00012ef4    00000068     icall.obj (.text:ICall_sendServiceComplete)
                  00012f5c    00000068     driverlib.lib : osc.obj (.text:NOROM_OSCHF_SwitchToRcOscTurnOffXosc)
                  00012fc4    00000068                   : osc.obj (.text:NOROM_OSC_HPOSCRtcCompensate)
                  0001302c    00000068     OneLib.a : gap_task.o (.text)
                  00013094    00000068              : gattservapp.o (.text)
                  000130fc    00000068              : ll.o (.text)
                  00013164    00000068              : ll_ae.o (.text)
                  000131cc    00000068     rf_multiMode_cc26x2.a : RFCC26X2_multiMode.c.cc26x2.ccs.o (.text:RF_hwiHw)
                  00013234    00000068     simple_central.obj (.text:SimpleCentral_doSetConnPhy)
                  0001329c    00000068     StackWrapper.a : osal_timers.o (.text)
                  00013304    00000068     rtsv7M4_T_le_v4SPD16_eabi.lib : copy_decompress_lzss.c.obj (.text:decompress:lzss:__TI_decompress_lzss)
                  0001336c    00000066     OneLib.a : ll_common.o (.text)
                  000133d2    00000066     StackWrapper.a : icall_lite_translation.o (.text)
                  00013438    00000064     drivers_cc26x2.a : AESCCMCC26XX.oem4f (.text:AESCCM_waitForResult)
                  0001349c    00000064     nvocmp.obj (.text:NVOCMP_findSignature$9)
                  00013500    00000064     OneLib.a : gapgattserver.o (.text)
                  00013564    00000064              : gattservapp.o (.text)
                  000135c8    00000064              : ll_isr.o (.text)
                  0001362c    00000064              : ll_scheduler.o (.text)
                  00013690    00000064     drivers_cc26x2.a : UARTCC26XX.oem4f (.text:UARTCC26XX_control)
                  000136f4    00000062     rf_multiMode_cc26x2.a : RFCC26X2_multiMode.c.cc26x2.ccs.o (.text:RF_syncCb)
                  00013756    00000062     drivers_cc26x2.a : UARTCC26XX.oem4f (.text:UARTCC26XX_swiIntFxn)
                  000137b8    00000060                      : AESCCMCC26XX.oem4f (.text:AESCCM_hwiFxn)
                  00013818    00000060                      : CryptoResourceCC26XX.oem4f (.text:CryptoResourceCC26XX_constructRTOSObjects)
                  00013878    00000060     icall.obj (.text:ICall_createRemoteTasksAtRuntime)
                  000138d8    00000060     icall.obj (.text:ICall_enrollService)
                  00013938    00000060     OneLib.a : ll_common.o (.text)
                  00013998    00000060              : sm_pairing.o (.text)
                  000139f8    00000060     drivers_cc26x2.a : PKAResourceCC26XX.oem4f (.text:PKAResourceCC26XX_constructRTOSObjects)
                  00013a58    00000060     rf_multiMode_cc26x2.a : RFCC26X2_multiMode.c.cc26x2.ccs.o (.text:RF_applyRfCorePatch)
                  00013ab8    00000060     StackWrapper.a : gapbondmgr.o (.text)
                  00013b18    00000060     drivers_cc26x2.a : TRNGCC26XX.oem4f (.text:TRNGCC26XX_startTrng)
                  00013b78    0000005e     icall.obj (.text:ICall_fetchMsg)
                  00013bd6    0000005e     OneLib.a : ll_common.o (.text)
                  00013c34    0000005c     display_cc26x2.a : Display.oem4f (.text:Display_doOpen)
                  00013c90    0000005c     icall.obj (.text:ICall_pwrUpdActivityCounter)
                  00013cec    0000005c     nvocmp.obj (.text:NVOCMP_readItem$9)
                  00013d48    0000005c     OneLib.a : gap_perilinkmgr.o (.text)
                  00013da4    0000005c              : ll_isr.o (.text)
                  00013e00    0000005c              : ll_scheduler.o (.text)
                  00013e5c    0000005c              : sm_intpairing.o (.text)
                  00013eb8    0000005c              : sm_rsppairing.o (.text)
                  00013f14    0000005c     rf_multiMode_cc26x2.a : RFCC26X2_multiMode.c.cc26x2.ccs.o (.text:RF_hwiCpe0PowerFsm)
                  00013f70    0000005c     simple_central.obj (.text:SimpleCentral_enqueueMsg$4)
                  00013fcc    0000005c     drivers_cc26x2.a : NVSCC26XX.oem4f (.text:doErase)
                  00014028    0000005c                      : UARTCC26XX.oem4f (.text:startTxFifoEmptyClk)
                  00014084    0000005c     simple_central_app_pem4f.oem4f (.text:xdc_runtime_Startup_getState__I)
                  000140e0    00000058     drivers_cc26x2.a : ECDHCC26X2.oem4f (.text:ECDH_construct)
                  00014138    00000058     icall.obj (.text:ICall_wait)
                  00014190    00000058     OneLib.a : ll_ae.o (.text)
                  000141e8    00000058              : ll_common.o (.text)
                  00014240    00000058              : ll_enc.o (.text)
                  00014298    00000058              : sm_pairing.o (.text)
                  000142f0    00000058     drivers_cc26x2.a : PowerCC26X2_calibrateRCOSC.oem4f (.text:PowerCC26X2_initiateCalibration)
                  00014348    00000058     simple_central.obj (.text:SimpleCentral_CancelRssi$4)
                  000143a0    00000058     StackWrapper.a : sm_ecc.o (.text)
                  000143f8    00000058     drivers_cc26x2.a : TRNGCC26XX.oem4f (.text:TRNG_init)
                  00014450    00000058     boot.aem4f : boot.oem4f (.text)
                  000144a8    00000058     rom_sysbios.aem4f : rom_sysbios.obj (.text:ti_sysbios_heaps_HeapMem_alloc__E)
                  00014500    00000056     ti_drivers_config.obj (.text:Board_sendExtFlashByte)
                  00014556    00000056     rf_multiMode_cc26x2.a : RFCC26X2_multiMode.c.cc26x2.ccs.o (.text:RF_defaultSubmitPolicy)
                  000145ac    00000054     drivers_cc26x2.a : AESCCMCC26XX.oem4f (.text:AESCCM_construct)
                  00014600    00000054     ti_drivers_config.obj (.text:Board_shutDownExtFlash)
                  00014654    00000054     driverlib.lib : prcm.obj (.text:NOROM_PRCMPowerDomainsAllOff)
                  000146a8    00000054     nvocmp.obj (.text:NVOCMP_doNVCRC$9)
                  000146fc    00000054     drivers_cc26x2.a : NVSCC26XX.oem4f (.text:NVSCC26XX_init)
                  00014750    00000054     OneLib.a : gattservapp.o (.text)
                  000147a4    00000054              : hci_event.o (.text)
                  000147f8    00000054              : ll.o (.text)
                  0001484c    00000054              : ll_ae.o (.text)
                  000148a0    00000054     rf_multiMode_cc26x2.a : RFCC26X2_multiMode.c.cc26x2.ccs.o (.text:RF_fsmXOSCState)
                  000148f4    00000054     StackWrapper.a : osal_bufmgr.o (.text)
                  00014948    00000054     drivers_cc26x2.a : StructRingBuf.oem4f (.text:StructRingBuf_put)
                  0001499c    00000054     dpl_cc26x2.a : SwiP_tirtos.oem4f (.text:SwiP_construct)
                  000149f0    00000054     util.obj (.text:Util_convertBdAddr2Str)
                  00014a44    00000054     rf_multiMode_cc26x2.a : rf_patch_cpe_bt5.c.cc26x2.ccs.o (.text:configureBt5Patch)
                  00014a98    00000052     OneLib.a : gap_centlinkmgr.o (.text)
                  00014aea    00000050     drivers_cc26x2.a : AESCTRDRBGXX.oem4f (.text:AESCTRDRBGXX_addBigendCounter)
                  00014b3a    00000002     rom_init.obj (.text:MAP_llUpdateCteState)
                  00014b3c    00000050     drivers_cc26x2.a : GPIOCC26XX.oem4f (.text:GPIO_hwiIntFxn)
                  00014b8c    00000050     nvocmp.obj (.text:NVOCMP_compactNvApi$9)
                  00014bdc    00000050     OneLib.a : gap_perilinkmgr.o (.text)
                  00014c2c    00000050              : hci_tl.o (.text)
                  00014c7c    00000050              : ll_enc.o (.text)
                  00014ccc    00000050     StackWrapper.a : gattservapp_util.o (.text)
                  00014d1c    00000050                    : osal.o (.text)
                  00014d6c    00000050                    : osal_clock.o (.text)
                  00014dbc    00000050     drivers_cc26x2.a : TRNGCC26XX.oem4f (.text:TRNGCC26XX_waitForResult)
                  00014e0c    00000050                      : TemperatureCC26X2.oem4f (.text:Temperature_registerNotifyRange)
                  00014e5c    00000050                      : TemperatureCC26X2.oem4f (.text:degreesToCode)
                  00014eac    00000050                      : TemperatureCC26X2.oem4f (.text:walkNotifyList)
                  00014efc    0000004e     StackWrapper.a : gap.o (.text)
                  00014f4a    00000002     rom_init.obj (.text:MAP_llUpdateExtScanAcceptSyncInfo)
                  00014f4c    0000004c     icall.obj (.text:ICall_newTask$13)
                  00014f98    0000004c     driverlib.lib : prcm.obj (.text:NOROM_PRCMPowerDomainsAllOn)
                  00014fe4    0000004c     nvocmp.obj (.text:NVOCMP_loadApiPtrsMin)
                  00015030    0000004c     nvocmp.obj (.text:NVOCMP_setItemInactive$9)
                  0001507c    0000004c     OneLib.a : ble.o (.text)
                  000150c8    0000004c              : gap_scanner.o (.text)
                  00015114    0000004c              : ll_scheduler.o (.text)
                  00015160    0000004c              : ll_scheduler.o (.text)
                  000151ac    0000004c     rf_multiMode_cc26x2.a : RFCC26X2_multiMode.c.cc26x2.ccs.o (.text:RF_wakeupNotification)
                  000151f8    0000004c     drivers_cc26x2.a : StructRingBuf.oem4f (.text:StructRingBuf_get)
                  00015244    0000004c                      : UARTCC26XX.oem4f (.text:UARTCC26XX_readCancel)
                  00015290    0000004c     util.obj (.text:Util_constructClock)
                  000152dc    0000004c     rtsv7M4_T_le_v4SPD16_eabi.lib : cpy_tbl.c.obj (.text:copy_in)
                  00015328    00000048     rf_multiMode_cc26x2.a : rfc.c.cc26x2.ccs.o (.text:NOROM_RFCSynthPowerDown)
                  00015370    00000048     nvocmp.obj (.text:NVOCMP_write$9)
                  000153b8    00000048     drivers_cc26x2.a : NVS.oem4f (.text:NVS_open)
                  00015400    00000048     OneLib.a : att_util.o (.text)
                  00015448    00000048              : gattservapp.o (.text)
                  00015490    00000048              : ll.o (.text)
                  000154d8    00000048              : ll.o (.text)
                  00015520    00000048              : ll_common.o (.text)
                  00015568    00000048              : ll_isr.o (.text)
                  000155b0    00000048              : ll_isr.o (.text)
                  000155f8    00000048     drivers_cc26x2.a : PowerCC26X2_calibrateRCOSC.oem4f (.text:PowerCC26X2_RCOSC_clockFunc)
                  00015640    00000048                      : PowerCC26X2.oem4f (.text:PowerCC26XX_switchXOSC_HF)
                  00015688    00000048     rf_multiMode_cc26x2.a : RFCC26X2_multiMode.c.cc26x2.ccs.o (.text:RF_enableHPOSCTemperatureCompensation)
                  000156d0    00000048     simple_central.obj (.text:SimpleCentral_doGattRead)
                  00015718    00000048     drivers_cc26x2.a : NVSCC26XX.oem4f (.text:disableFlashCache)
                  00015760    00000048                      : PowerCC26X2.oem4f (.text:switchXOSCHF)
                  000157a8    00000048                      : UARTCC26XX.oem4f (.text:writeFinishedDoCallback)
                  000157f0    00000046                      : RingBuf.oem4f (.text:RingBuf_put)
                  00015836    00000002     rom_init.obj (.text:MAP_llUpdatePeriodicAdvChainPacket)
                  00015838    00000044     drivers_cc26x2.a : ECDHCC26X2.oem4f (.text:ECDHCC26X2_waitForResult)
                  0001587c    00000044     nvocmp.obj (.text:NVOCMP_getFreeNvApi$9)
                  000158c0    00000044     drivers_cc26x2.a : NVSCC26XX.oem4f (.text:NVSCC26XX_read)
                  00015904    00000044     OneLib.a : ll.o (.text)
                  00015948    00000044              : ll.o (.text)
                  0001598c    00000044              : ll_common.o (.text)
                  000159d0    00000044     drivers_cc26x2.a : PINCC26XX.oem4f (.text:PIN_swi)
                  00015a14    00000044     rf_multiMode_cc26x2.a : RFCC26X2_multiMode.c.cc26x2.ccs.o (.text:RF_updateHpOscOverride)
                  00015a58    00000044     StackWrapper.a : osal.o (.text)
                  00015a9c    00000044                    : osal_timers.o (.text)
                  00015ae0    00000044     drivers_cc26x2.a : UART.oem4f (.text:UART_init)
                  00015b24    00000042     OneLib.a : ll.o (.text)
                  00015b66    00000042              : ll_common.o (.text)
                  00015ba8    00000040     dpl_cc26x2.a : ClockP_tirtos.oem4f (.text:ClockP_construct)
                  00015be8    00000040     drivers_cc26x2.a : ECDHCC26X2.oem4f (.text:ECDHCC26X2_convertReturnValue)
                  00015c28    00000040                      : ECDHCC26X2.oem4f (.text:ECDHCC26X2_getPublicKeyResult)
                  00015c68    00000040     driverlib.lib : osc.obj (.text:NOROM_OSC_HPOSCRelativeFrequencyOffsetGet)
                  00015ca8    00000040     OneLib.a : gap_configmgr.o (.text)
                  00015ce8    00000040              : gattservapp.o (.text)
                  00015d28    00000040              : linkdb.o (.text)
                  00015d68    00000040              : ll_common.o (.text)
                  00015da8    00000040              : ll_common.o (.text)
                  00015de8    00000040              : sm_intpairing.o (.text)
                  00015e28    00000040     drivers_cc26x2.a : PowerCC26X2.oem4f (.text:PowerCC26XX_isStableXOSC_HF)
                  00015e68    00000040     rf_multiMode_cc26x2.a : RFCC26X2_multiMode.c.cc26x2.ccs.o (.text:RF_updatePowerupDuration)
                  00015ea8    00000040     drivers_cc26x2.a : Random.oem4f (.text:Random_getNumber)
                  00015ee8    00000040                      : RingBuf.oem4f (.text:RingBuf_get)
                  00015f28    00000040     simple_central.obj (.text:SimpleCentral_passcodeCb$4)
                  00015f68    00000040     StackWrapper.a : osal.o (.text)
                  00015fa8    00000040                    : osal_bufmgr.o (.text)
                  00015fe8    00000040                    : osal_bufmgr.o (.text)
                  00016028    00000040                    : osal_timers.o (.text)
                  00016068    00000040     drivers_cc26x2.a : TRNGCC26XX.oem4f (.text:TRNGCC26XX_copyToClient)
                  000160a8    00000040                      : UART.oem4f (.text:UART_open)
                  000160e8    00000040     rtsv7M4_T_le_v4SPD16_eabi.lib : u_divt2.asm.obj (.text)
                  00016128    00000040     drivers_cc26x2.a : TemperatureCC26X2.oem4f (.text:setNextThresholds)
                  00016168    00000040     rom_sysbios.aem4f : rom_sysbios.obj (.text:ti_sysbios_family_arm_cc26xx_Timer_setThreshold__I)
                  000161a8    00000040                       : rom_sysbios.obj (.text:ti_sysbios_heaps_HeapCallback_Module_startup__E)
                  000161e8    0000003e     drivers_cc26x2.a : AESECBCC26XX.oem4f (.text:AESECB_startOperation)
                  00016226    0000003e                      : CryptoUtils.oem4f (.text:CryptoUtils_buffersMatch)
                  00016264    0000003e     dpl_cc26x2.a : HwiP_tirtos.oem4f (.text:HwiP_construct)
                  000162a2    0000003e     OneLib.a : ll_common.o (.text)
                  000162e0    0000003e     drivers_cc26x2.a : TRNGCC26XX.oem4f (.text:TRNGCC26XX_serviceJob)
                  0001631e    00000002     rf_multiMode_cc26x2.a : rfc.c.cc26x2.ccs.o (.text:NOROM_RFCCpePatchReset)
                  00016320    0000003c     driverlib.lib : osc.obj (.text:InternCapArrayAdjustWithBaseline7001F$22)
                  0001635c    0000003c     nvocmp.obj (.text:NVOCMP_disableCache$9)
                  00016398    0000003c     OneLib.a : gap_linkmgr.o (.text)
                  000163d4    0000003c              : gattservapp.o (.text)
                  00016410    0000003c              : gattservapp.o (.text)
                  0001644c    0000003c              : gattservapp.o (.text)
                  00016488    0000003c              : linkdb.o (.text)
                  000164c4    0000003c              : ll_ae.o (.text)
                  00016500    0000003c     rf_multiMode_cc26x2.a : RFCC26X2_multiMode.c.cc26x2.ccs.o (.text:RF_cmdGet)
                  0001653c    0000003c                           : RFCC26X2_multiMode.c.cc26x2.ccs.o (.text:RF_cmdStoreEvents)
                  00016578    0000003c     simple_central.obj (.text:SimpleCentral_createTask)
                  000165b4    0000003c     StackWrapper.a : osal.o (.text)
                  000165f0    0000003c                    : osal.o (.text)
                  0001662c    0000003c                    : osal.o (.text)
                  00016668    0000003c                    : osal_timers.o (.text)
                  000166a4    0000003c                    : sm_ecc.o (.text)
                  000166e0    0000003c     drivers_cc26x2.a : UARTCC26XX.oem4f (.text:UARTCC26XX_finalizeIO)
                  0001671c    0000003c                      : NVSCC26XX.oem4f (.text:checkEraseRange)
                  00016758    0000003c     rom_sysbios.aem4f : rom_sysbios.obj (.text:ti_sysbios_family_arm_m3_Hwi_construct2__E)
                  00016794    0000003a     StackWrapper.a : osal.o (.text)
                  000167ce    00000002     rf_multiMode_cc26x2.a : RFCC26X2_multiMode.c.cc26x2.ccs.o (.text:RF_defaultCallback)
                  000167d0    00000038     drivers_cc26x2.a : AESCTRCC26XX.oem4f (.text:AESCTR_cleanup)
                  00016808    00000038     board_key.obj (.text:Board_keyCallback$3)
                  00016840    00000038     OneLib.a : hci.o (.text)
                  00016878    00000038              : linkdb.o (.text)
                  000168b0    00000038              : ll_ae.o (.text)
                  000168e8    00000038              : ll_ae.o (.text)
                  00016920    00000038              : ll_common.o (.text)
                  00016958    00000038              : ll_enc.o (.text)
                  00016990    00000038              : ll_scheduler.o (.text)
                  000169c8    00000038              : sm_rsppairing.o (.text)
                  00016a00    00000038     drivers_cc26x2.a : PINCC26XX.oem4f (.text:PIN_setConfig)
                  00016a38    00000038                      : PowerCC26X2.oem4f (.text:PowerCC26X2_enableHposcRtcCompensation)
                  00016a70    00000038     rf_multiMode_cc26x2.a : RFCC26X2_multiMode.c.cc26x2.ccs.o (.text:RF_checkCmdFsError)
                  00016aa8    00000038     StackWrapper.a : gattservapp_util.o (.text)
                  00016ae0    00000038                    : osal_timers.o (.text)
                  00016b18    00000038     drivers_cc26x2.a : PowerCC26X2.oem4f (.text:notify)
                  00016b50    00000038                      : UARTCC26XX.oem4f (.text:readData)
                  00016b88    00000038     two_btn_menu.obj (.text:tbm_findActiveItem)
                  00016bc0    00000038     two_btn_menu.obj (.text:tbm_goTo)
                  00016bf8    00000038     drivers_cc26x2.a : TemperatureCC26X2.oem4f (.text:temperatureHwiFxn)
                  00016c30    00000038     rom_sysbios.aem4f : rom_sysbios.obj (.text:ti_sysbios_family_arm_cc26xx_Timer_getCurrentTick__E)
                  00016c68    00000038     drivers_cc26x2.a : UARTCC26XX.oem4f (.text:writeData)
                  00016ca0    00000036     StackWrapper.a : ble_dispatch_lite.o (.text)
                  00016cd6    00000002                    : common_rom_init.o (.text)
                  00016cd8    00000034     drivers_cc26x2.a : AESECBCC26XX.oem4f (.text:AESECB_cleanup)
                  00016d0c    00000034     ti_drivers_config.obj (.text:Board_init)
                  00016d40    00000034     icall.obj (.text:ICall_heapFree)
                  00016d74    00000034     icall.obj (.text:ICall_searchServiceEntity)
                  00016da8    00000034     driverlib.lib : aes.obj (.text:NOROM_AESStartDMAOperation)
                  00016ddc    00000034                   : sys_ctrl.obj (.text:NOROM_SysCtrlIdle)
                  00016e10    00000034     nvocmp.obj (.text:NVOCMP_verifyCRC$9)
                  00016e44    00000034     OneLib.a : hci.o (.text)
                  00016e78    00000034              : hci_tl.o (.text)
                  00016eac    00000034              : ll_scheduler.o (.text)
                  00016ee0    00000034              : ll_scheduler.o (.text)
                  00016f14    00000034     rf_multiMode_cc26x2.a : RFCC26X2_multiMode.c.cc26x2.ccs.o (.text:RF_powerConstraintRelease)
                  00016f48    00000034                           : RFCC26X2_multiMode.c.cc26x2.ccs.o (.text:RF_runDirectImmediateCmd)
                  00016f7c    00000034     simple_central.obj (.text:SimpleCentral_doDiscoverDevices)
                  00016fb0    00000034     simple_central.obj (.text:SimpleCentral_scanCb$4)
                  00016fe4    00000034     driverlib.lib : osc.obj (.text:SpecialCapArrayWorkaroundEnabledAndNeeded$22)
                  00017018    00000034     StackWrapper.a : gapbondmgr.o (.text)
                  0001704c    00000034                    : icall_startup.o (.text)
                  00017080    00000034     drivers_cc26x2.a : UARTCC26XX.oem4f (.text:readData2RingBuf)
                  000170b4    00000034     rom_sysbios.aem4f : rom_sysbios.obj (.text:ti_sysbios_knl_Swi_setPri__E)
                  000170e8    00000034     drivers_cc26x2.a : TemperatureCC26X2.oem4f (.text:updateThresholds)
                  0001711c    00000032     rom_sysbios.aem4f : rom_sysbios.obj (.text:ti_sysbios_family_arm_cc26xx_Timer_setNextTick__E)
                  0001714e    00000032                       : rom_sysbios.obj (.text:ti_sysbios_gates_GateMutexPri_insertPri__I)
                  00017180    00000030     ti_drivers_config.obj (.text:Board_wakeUpExtFlash)
                  000171b0    00000030     icall.obj (.text:ICall_dispatch$13)
                  000171e0    00000030     icall.obj (.text:ICall_msecs2Ticks$13)
                  00017210    00000030     icall.obj (.text:ICall_primEntityId2ServiceId$13)
                  00017240    00000030     icall.obj (.text:ICall_searchTask$13)
                  00017270    00000030     nvocmp.obj (.text:NVOCMP_changePageState$9)
                  000172a0    00000030     drivers_cc26x2.a : NVSCC26XX.oem4f (.text:NVSCC26XX_erase)
                  000172d0    00000030     OneLib.a : gap_scanner.o (.text)
                  00017300    00000030              : gattservapp.o (.text)
                  00017330    00000030              : ll_ae.o (.text)
                  00017360    00000030              : ll_scheduler.o (.text)
                  00017390    00000030     drivers_cc26x2.a : PowerCC26X2.oem4f (.text:Power_releaseConstraint)
                  000173c0    00000030                      : PowerCC26X2.oem4f (.text:Power_setConstraint)
                  000173f0    00000030     simple_central.obj (.text:SimpleCentral_clockHandler$4)
                  00017420    00000030     StackWrapper.a : osal_timers.o (.text)
                  00017450    00000030     drivers_cc26x2.a : TRNGCC26XX.oem4f (.text:TRNGCC26XX_fillEntropyPool)
                  00017480    00000030                      : TRNGCC26XX.oem4f (.text:TRNG_generateKey)
                  000174b0    00000030                      : TemperatureCC26X2.oem4f (.text:Temperature_unregisterNotify)
                  000174e0    00000030     rf_multiMode_cc26x2.a : rf_patch_cpe_bt5.c.cc26x2.ccs.o (.text:applyBt5Patch)
                  00017510    00000030     simple_central_app_pem4f.oem4f (.text:ti_sysbios_BIOS_atExitFunc__I)
                  00017540    00000030     simple_central_app_pem4f.oem4f (.text:ti_sysbios_BIOS_startFunc__I)
                  00017570    00000030     rom_sysbios.aem4f : rom_sysbios.obj (.text:ti_sysbios_family_arm_cc26xx_Timer_initDevice__I)
                  000175a0    00000030     simple_central_app_pem4f.oem4f (.text:ti_sysbios_gates_GateMutexPri_Object__create__S)
                  000175d0    00000030     simple_central_app_pem4f.oem4f (.text:ti_sysbios_gates_GateMutexPri_create)
                  00017600    00000030     simple_central_app_pem4f.oem4f (.text:ti_sysbios_heaps_HeapCallback_Object__create__S)
                  00017630    00000030     rom_sysbios.aem4f : rom_sysbios.obj (.text:ti_sysbios_knl_Clock_getTimeout__E)
                  00017660    0000002e     icall_cc2650.obj (.text:ICallPlatform_pwrDispenseImpl$14)
                  0001768e    0000002e     icall_cc2650.obj (.text:ICallPlatform_pwrRequireImpl$14)
                  000176bc    0000002e     OneLib.a : gattservapp.o (.text)
                  000176ea    0000002e     rf_multiMode_cc26x2.a : RFCC26X2_multiMode.c.cc26x2.ccs.o (.text:RF_queueEnd)
                  00017718    0000002c     drivers_cc26x2.a : GPIO.oem4f (.text:GPIO_resetConfig)
                  00017744    0000002c     icall.obj (.text:ICall_msgEnqueue$13)
                  00017770    0000002c     drivers_cc26x2.a : NVS.oem4f (.text:NVS_init)
                  0001779c    0000002c     OneLib.a : gatt_task.o (.text)
                  000177c8    0000002c              : gattservapp.o (.text)
                  000177f4    0000002c     rf_multiMode_cc26x2.a : RFCC26X2_multiMode.c.cc26x2.ccs.o (.text:RF_executeDirectImmediateCmd)
                  00017820    0000002c     rom_init.obj (.text:ROM_Init)
                  0001784c    0000002c     dpl_cc26x2.a : SemaphoreP_tirtos.oem4f (.text:SemaphoreP_constructBinary)
                  00017878    0000002c                  : SemaphoreP_tirtos.oem4f (.text:SemaphoreP_createBinary)
                  000178a4    0000002c     StackWrapper.a : hal_assert.o (.text)
                  000178d0    0000002c                    : osal_bufmgr.o (.text)
                  000178fc    0000002c     drivers_cc26x2.a : TRNGCC26XX.oem4f (.text:TRNGCC26XX_stopTrng)
                  00017928    0000002c                      : PowerCC26X2.oem4f (.text:hposcRtcCompensateFxn)
                  00017954    0000002c     simple_central_app_pem4f.oem4f (.text:ti_sysbios_gates_GateMutexPri_Handle__label__S)
                  00017980    0000002c     simple_central_app_pem4f.oem4f (.text:ti_sysbios_heaps_HeapCallback_Handle__label__S)
                  000179ac    0000002c     rom_sysbios.aem4f : rom_sysbios.obj (.text:ti_sysbios_knl_Clock_getTicksUntilInterrupt__E)
                  000179d8    0000002a     display_cc26x2.a : DisplayUart.oem4f (.text:DisplayUartAnsi_clear)
                  00017a02    0000002a                      : Display.oem4f (.text:Display_doPrintf)
                  00017a2c    0000002a     drivers_cc26x2.a : List.oem4f (.text:List_insert)
                  00017a56    0000002a     OneLib.a : ll_isr.o (.text)
                  00017a80    0000002a     rf_multiMode_cc26x2.a : RFCC26X2_multiMode.c.cc26x2.ccs.o (.text:RF_searchAndReplacePAOverride)
                  00017aaa    0000002a     simple_central.obj (.text:SimpleCentral_pairStateCb$4)
                  00017ad4    00000028     drivers_cc26x2.a : GPIOCC26XX.oem4f (.text:GPIO_setMux)
                  00017afc    00000028     icall.obj (.text:ICall_getLocalMsgEntityId)
                  00017b24    00000028     rf_multiMode_cc26x2.a : rfc.c.cc26x2.ccs.o (.text:NOROM_RFCOverrideSearch)
                  00017b4c    00000028     nvocmp.obj (.text:NVOCMP_setCompactHdr$9)
                  00017b74    00000028     OneLib.a : gattservapp.o (.text)
                  00017b9c    00000028              : ll_common.o (.text)
                  00017bc4    00000028     drivers_cc26x2.a : PowerCC26X2.oem4f (.text:Power_registerNotify)
                  00017bec    00000028     rf_multiMode_cc26x2.a : RFCC26X2_multiMode.c.cc26x2.ccs.o (.text:RF_calculateDeltaTimeUs)
                  00017c14    00000028                           : RFCC26X2_multiMode.c.cc26x2.ccs.o (.text:RF_runScheduleCmd)
                  00017c3c    00000028     StackWrapper.a : osal.o (.text)
                  00017c64    00000028                    : osal_snv_wrapper.o (.text)
                  00017c8c    00000028                    : osal_snv_wrapper.o (.text)
                  00017cb4    00000028                    : osal_snv_wrapper.o (.text)
                  00017cdc    00000028     drivers_cc26x2.a : PowerCC26X2.oem4f (.text:oscillatorISR)
                  00017d04    00000028                      : NVSCC26XX.oem4f (.text:restoreFlashCache)
                  00017d2c    00000028     two_btn_menu.obj (.text:tbm_setItemStatus)
                  00017d54    00000026     drivers_cc26x2.a : AESCTRCC26XX.oem4f (.text:AESCTR_setOperationInProgress)
                  00017d7a    00000026                      : List.oem4f (.text:List_put)
                  00017da0    00000026                      : List.oem4f (.text:List_putHead)
                  00017dc6    00000026                      : List.oem4f (.text:List_remove)
                  00017dec    00000026     StackWrapper.a : gattservapp_util.o (.text)
                  00017e12    00000024     drivers_cc26x2.a : AESCTRDRBGXX.oem4f (.text:AESCTRDRBG_uninstantiate)
                  00017e36    00000002     StackWrapper.a : hal_assert.o (.text)
                  00017e38    00000024     driverlib.lib : osc.obj (.text:NOROM_OSCHF_TurnOnXosc)
                  00017e5c    00000024     rf_multiMode_cc26x2.a : rfc.c.cc26x2.ccs.o (.text:NOROM_RFCDoorbellSendTo)
                  00017e80    00000024     OneLib.a : gapgattserver.o (.text)
                  00017ea4    00000024              : gatt_server.o (.text)
                  00017ec8    00000024              : ll_ae.o (.text)
                  00017eec    00000024     rf_multiMode_cc26x2.a : RFCC26X2_multiMode.c.cc26x2.ccs.o (.text:RF_cmdAlloc)
[...]
20000fca  curTxPowerVal                                                   
20000fcb  maxTxPwrForDTM                                                  
20000fcc  onePktPerEvt                                                    
20000fcd  numComplPkts                                                    
20000fce  numComplPktsLimit                                               
20000fcf  numComplPktsFlush                                               
20000fd0  fastTxRespTime                                                  
20000fd1  slOverride                                                      
20000fd2  rxFifoFlowCtrl                                                  
20000fd3  numTxDataBufs                                                   
20000fd4  maxNumConns                                                     
20000fd5  aeCurHandle                                                     
20000fd6  aeCurAdvEnableHandle                                            
20000fd7  aeCurConnHandle                                                 
20000fd8  extScanIndex                                                    
20000fd9  extInitIndex                                                    
20000fda  scanState                                                       
20000fdb  lastPrimPhy                                                     
20000fdc  lastScanRsp                                                     
20000fdd  smTaskID                                                        
20000fde  SM_appExpectingKey                                              
200014ef  autoConnect                                                     
200014fc  dispHandle                                                      
2000159c  scTask                                                          
2000166c  PowerCC26X2_module                                              
200017dc  ROM_stateStruct                                                 
200017dc  ti_sysbios_knl_Clock_Module__state__V                           
20001808  ti_sysbios_family_arm_cc26xx_TimestampProvider_Module__state__V 
2000180c  xdc_runtime_Startup_Module__state__V                            
20001814  xdc_runtime_Registry_Module__state__V                           
2000181c  ti_sysbios_BIOS_Module__state__V                                
20001840  ti_sysbios_knl_Swi_Module__state__V                             
2000185c  ti_sysbios_knl_Task_Module__state__V                            
200018a0  xdc_runtime_Memory_Module__state__V                             
200018a4  xdc_runtime_System_Module__state__V                             
200018ac  ti_sysbios_family_arm_m3_Hwi_Module__state__V                   
200018e0  ti_sysbios_family_arm_cc26xx_Timer_Module__state__V             
200019e0  gapAttrTbl                                                      
20001a94  ICall_enterCriticalSection                                      
20001a98  ICall_leaveCriticalSection                                      
20001a9c  ICall_dispatcher                                                
20001ab0  heapmgrMemFreeTotal                                             
20001abc  HEAPMGR_SIZE                                                    
20001b2c  gpioPinConfigs                                                  
20001ba8  llUserConfig                                                    
20001c0c  RF_modeBle                                                      
20001c1c  txPowerTable_2400_pa5                                           
20001c6e  gAction                                                         
20001c6f  NVOCMP_size                                                     
20001c9c  NVOCMP_nvHandle                                                 
20001ccc  pOverrides_bleCommon                                            
20001d2c  ti_sysbios_knl_Task_Object__table__V                            
20001d7c  appKeyChangeHandler                                             
20001d80  hKeyPins                                                        
20001d84  keyPinsCfg                                                      
20001d90  keyPins                                                         
20001dc0  ti_sysbios_family_arm_cc26xx_Timer_Object__table__V             
20001e08  gattAttrTbl                                                     
20001e48  sm_eccKeys_sc_host_debug                                        
20001e88  nvintfFncStruct                                                 
20001ec4  ti_sysbios_gates_GateMutex_Object__table__V                     
20001efc  ti_sysbios_knl_Swi_Module_State_0_readyQ__A                     
20001f2c  ti_sysbios_knl_Swi_Object__table__V                             
20001f5c  ti_sysbios_knl_Task_Module_State_0_readyQ__A                    
20001f8c  pairMode                                                        
20001f8d  mitm                                                            
20001f8e  ioCap                                                           
20001f8f  bonding                                                         
20001f90  secureConnection                                                
20001f91  authenPairingOnly                                               
20001f92  autoSyncWL                                                      
20001f93  eccReGenPolicy                                                  
20001f94  KeySize                                                         
20001f95  removeLRUBond                                                   
20001f96  bondFailAction                                                  
20001f97  KeyDistList                                                     
20001f98  eccDebugKeys                                                    
20001f99  allowDebugKeys                                                  
20001f9a  eraseBondWhileInConn                                            
20001f9c  pRandomAddress                                                  
20001fa0  attDeviceName                                                   
20001fb8  _hposcCoeffs                                                    
20001fdc  eccParams_NISTP256                                              
20002020  ti_sysbios_knl_Clock_Object__table__V                           
20002040  xdc_runtime_Error_IgnoreBlock                                   
20002060  pOverrides_ble2Mbps                                             
20002094  pOverrides_ble1Mbps                                             
200020ac  ti_sysbios_family_arm_m3_Hwi_Object__table__V                   
200020c4  tbmRowItemLast                                                  
200020ec  pOverrides_bleCoded                                             
20002100  gattAttrTbl_gatt_no_service_changed                             
20002110  sizeInfo                                                        
20002120  bleAppServiceInfoTable                                          
20002130  pfnBMAlloc                                                      
20002134  pfnBMFree                                                       
20002138  pRfErrCb                                                        
2000213c  lastAppOpcodeIdxSent                                            
20002140  user0Cfg                                                        
20002150  ti_sysbios_heaps_HeapCallback_Object__table__V                  
2000215c  pinUpperBound                                                   
20002160  pinLowerBound                                                   
20002165  deviceNameCharProps                                             
20002166  disconnectImmedConnId                                           
20002170  bleUserCfg_maxPduSize                                           
20002174  appAssertCback                                                  
20002178  _lock                                                           
2000217c  _unlock                                                         
20002180  periConnParameters                                              
20002188  RFCC26XX_schedulerPolicy                                        
20002198  ti_sysbios_family_arm_m3_Hwi_Module__root__V                    
200021a0  ti_sysbios_gates_GateHwi_Module__root__V                        
200021a8  ti_sysbios_gates_GateMutexPri_Module__root__V                   
200021b0  ti_sysbios_gates_GateMutex_Module__root__V                      
200021b8  ti_sysbios_hal_Hwi_Module__root__V                              
200021c0  ti_sysbios_heaps_HeapCallback_Module__root__V                   
200021c8  ti_sysbios_heaps_HeapMem_Module__root__V                        
200021d0  ti_sysbios_knl_Clock_Module__root__V                            
200021d8  ti_sysbios_knl_Event_Module__root__V                            
200021e0  ti_sysbios_knl_Mailbox_Module__root__V                          
200021e8  ti_sysbios_knl_Queue_Module__root__V                            
200021f0  ti_sysbios_knl_Semaphore_Module__root__V                        
200021f8  ti_sysbios_knl_Swi_Module__root__V                              
20002200  ti_sysbios_knl_Task_Module__root__V                             
2000220d  appearanceCharProps                                             
2000220e  llUserConfig_maxPduSize                                         
20002210  patchedMasterCtrlPktList                                        
20002214  halAssertCback                                                  
20002218  icallServiceTblPtr                                              
2000221c  main_func_sp                                                    
20002220  ti_sysbios_family_arm_m3_Hwi_Module_State_0_excContext__A       
20002224  ti_sysbios_family_arm_m3_Hwi_Module_State_0_excStack__A         
20002228  ti_sysbios_knl_Task_Module_State_0_idleTask__A                  
2000222c  baseTaskID                                                      
2000222e  CryptoResourceCC26XX_pollingFlag                                
20002230  PKAResourceCC26XX_pollingFlag                                   
20002234  ti_sysbios_family_arm_m3_Hwi_Module_State_0_excActive__A        
20002236  periConnParamCharProps                                          
20002237  centAddrResCharProps                                            
20002238  centAddrRes                                                     
20002239  resolvablePrivateAddressOnlyCharProps                           
2000223a  GATTServApp_gatt_no_service_changed                             
2000223c  qosDefaultPriorityConnParameter                                 
2000223d  extScanChanMap                                                  
2000223e  sizeOfAllExtConnParam                                           
2000223f  rfRatHandle                                                     
20002240  smAllowDebugKeysMode                                            
20002241  gapEndAppTaskID                                                 
20002242  gapAppTaskID                                                    
20002243  legacyMode                                                      
20002250  scTaskStack                                                     
20002650  ti_sysbios_knl_Task_Instance_State_0_stack__A                   
20002950  uartCC26XXObjects                                               
20002afc  ggs_AppCBs                                                      
20002b00  rfObject                                                        
20002c00  ti_sysbios_family_arm_m3_Hwi_dispatchTable                      
20002cd8  scMenuMain                                                      
20002cec  scMenuConnect                                                   
20002d00  scMenuScanPhy                                                   
20002d14  scMenuConnPhy                                                   
20002d28  scMenuSelectConn                                                
20002d3c  scMenuPerConn                                                   
20002d50  scMenuAutoConnect                                               
20002d64  scMenuGattWrite                                                 
20002d78  extScanReportState                                              
20002e18  trngCC26XXObjects                                               
20002f1c  gpioCallbackFunctions                                           
20002f98  gpioUserArgs                                                    
20003014  pinHandleTable                                                  
20003090  cbTimers                                                        
20003108  aesctrdrbgXXObjects                                             
200031b0  CryptoResourceCC26XX_accessSemaphore                            
20003200  CryptoResourceCC26XX_operationSemaphore                         
20003250  PKAResourceCC26XX_accessSemaphore                               
200032a0  PKAResourceCC26XX_operationSemaphore                            
200032f0  aesctrCC26XXObjects                                             
20003334  nvFptrs                                                         
200033ac  aesecbCC26XXObjects                                             
200033d4  llCteSamples                                                    
200033f8  req                                                             
20003418  gapBond_remoteOobData                                           
20003438  gapBond_localOobData                                            
20003498  ecdhCC26X2Objects                                               
20003544  CryptoResourceCC26XX_hwi                                        
20003560  PKAResourceCC26XX_hwi                                           
2000357c  deviceName                                                      
20003594  llCoex                                                          
200035ac  aesccmCC26XXObjects                                             
200035ec  rfMode                                                          
2000360c  llCteTest                                                       
20003618  cteAntennaProp                                                  
20003624  llTaskList                                                      
2000363c  displayUartObject                                               
20003648  defaultChannelMap                                               
20003650  secondaryAdvChannelMap                                          
20003658  llRfCmdPreemption                                               
2000366c  BDAddrPerConnHandle                                             
20003670  llCte                                                           
20003674  extStackSettings                                                
20003678  llConnExtParam                                                  
2000367c  trngHandle                                                      
20003680  LSTORecoveryArr                                                 
20003684  pNextAdvSet                                                     
20003688  llCurrentMappedChan                                             
2000368c  drbgHandle                                                      
20003690  pRpaCfg                                                         
20003694  gapBond_lruBondList                                             
20003698  gapBondStateNodeHead                                            
2000369c  osal_syncHandle                                                 
200036a0  osal_tickperiod                                                 
200036a4  osal_max_msecs                                                  
200036a8  osal_icallMsg_hook                                              
200036ac  osal_qHead                                                      
200036b0  osal_eventloop_hook                                             
200036bc  OSAL_timeSeconds                                                
200036c0  timerHead                                                       
200036c8  osal_last_timestamp                                             
200036d4  PowerCC26XX_swiKey                                              
200036d8  PowerCC26XX_taskKey                                             
200036dc  nvsCC26XXObjects                                                
200036e0  tasksEvents                                                     
200036e4  appearance                                                      
200036e6  maximumPduSize                                                  
200036e8  extScanNumMissed                                                
200036ea  pwrmgr_attribute                                                
200036ec  resolvablePrivateAddressOnly                                    
200036ed  GATTServApp_att_delayed_req                                     
200036ee  hciTaskID                                                       
200036ef  hciL2capTaskID                                                  
200036f0  hciGapTaskID                                                    
200036f1  hciSmpTaskID                                                    
200036f2  hciTestTaskID                                                   
200036f3  hciVsEvtMask                                                    
200036f4  qosDefaultPriorityScnParameter                                  
200036f5  scanReqRpt                                                      
200036f6  secondaryAdvChannelMapPopCount                                  
200036f7  qosDefaultPriorityInitParameter                                 
200036f8  maxNumCteDataBufs                                               
200036f9  numActiveAdvSets                                                
200036fa  wlSize                                                          
200036fb  rlSize                                                          
200036fc  decryptResult                                                   
200036fd  llUnhandleNextIntFlag                                           
200036fe  smAuthenPairingOnlyMode                                         
200036ff  icall_liteTaskId                                                
20003700  gapBond_removeLRUBond                                           
20003701  gapBond_syncRL                                                  
20003702  assertSubcause                                                  
20003703  osal_entity                                                     
20003704  pwrmgr_initialized                                              
20003706  heapStart                                                       
20013c00  __stack                                                         
20013c00  heapEnd                                                         
20014000  __STACK_END                                                     
20014000  __STACK_TOP                                                     
20014000  __UNUSED_SRAM_end__                                             
e000e000  ti_sysbios_family_arm_m3_Hwi_nvic                               
ffffffff  __TI_pprof_out_hndl                                             
ffffffff  __TI_prof_data_size                                             
ffffffff  __TI_prof_data_start                                            
ffffffff  __binit__                                                       
ffffffff  __c_args__                                                      
ffffffff  binit                                                           
UNDEFED   ITM_flush                                                       
UNDEFED   ITM_restore                                                     
UNDEFED   SHT$$INIT_ARRAY$$Base                                           
UNDEFED   SHT$$INIT_ARRAY$$Limit                                          

[3025 symbols]
