******************************************************************************
                  TI ARM Linker PC v20.2.5                     
******************************************************************************
>> Linked Thu Mar  3 20:15:31 2022

OUTPUT FILE NAME:   <sensor_LP_CC2652RB_tirtos7_ccs.out>
ENTRY POINT SYMBOL: "_c_int00"  address: 00010939


MEMORY CONFIGURATION

         name            origin    length      used     unused   attr    fill
----------------------  --------  ---------  --------  --------  ----  --------
  FLASH                 00000000   00056000  00019fbc  0003c044  R  X
  FLASH_LAST            00056000   00002000  00002000  00000000  R  X
  SRAM                  20000000   00014000  00004089  0000ff77  RW X


SEGMENT ALLOCATION MAP

run origin  load origin   length   init length attrs members
----------  ----------- ---------- ----------- ----- -------
00000000    00000000    00015cac   00015cac    r-x
  00000000    00000000    0000003c   0000003c    r-- .resetVecs
  0000003c    0000003c    00000004   00000004    r-x .text.1
  00000040    00000040    0000227c   0000227c    r-- .const
  000022bc    000022bc    000139f0   000139f0    r-x .text.2
00015cac    00015cac    00000008   00000008    rw-
  00015cac    00015cac    00000008   00000008    rw- .args
00015cb8    00015cb8    00000308   00000308    r--
  00015cb8    00015cb8    00000308   00000308    r-- .cinit
00052000    00052000    00004000   00000000    rw-
  00052000    00052000    00004000   00000000    rw- .TI.bound:flashBuf0
00056000    00056000    00002000   00002000    r-x
  00056000    00056000    00001fa8   00001fa8    r-x .text.3
  00057fa8    00057fa8    00000058   00000058    r-- .ccfg
2000010c    2000010c    00000010   00000000    rw-
  2000010c    2000010c    00000010   00000000    rw- .data:RAM_MAC_BASE_ADDR
20001850    20001850    00000010   00000000    rw-
  20001850    20001850    00000010   00000000    rw- .TI.bound:dmaUart1RxControlTableEntry
20001860    20001860    00003a31   00000000    rw-
  20001860    20001860    00000010   00000000    rw- .TI.bound:dmaUart1TxControlTableEntry
  20001870    20001870    00002ac9   00000000    rw- .data
  20004340    20004340    00000f51   00000000    rw- .bss
20013aa0    20013aa0    00000560   00000000    rw-
  20013aa0    20013aa0    00000560   00000000    rw- .stack


SECTION ALLOCATION MAP

 output                                  attributes/
section   page    origin      length       input sections
--------  ----  ----------  ----------   ----------------
.resetVecs 
*          0    00000000    0000003c     
                  00000000    0000003c     ti_sysbios_config.obj (.resetVecs)

.vecs      0    20000000    000000d8     NOLOAD SECTION
                  20000000    000000d8     ti_sysbios_config.obj (.vecs)

.const     0    00000040    0000227c     
                  00000040    00000b40     ti_sysbios_config.obj (.const:$O2$$)
                  00000b80    00000568     maclib_secure_cc26x2_2_4g_tirtos7.a : hmac_rom_init.obj (.const:HMAC_ROM_Flash_JT)
                  000010e8    00000168     rf_multiMode_cc26x2.a : rf_patch_cpe_ieee_802_15_4.c.cc26x2.ccs.o (.const:patchImageIeee802154)
                  00001250    00000150     driverlib.lib : osc.obj (.const:$O28$$)
                  000013a0    0000010c     <whole-program> (.const:.string)
                  000014ac    00000101     rtsv7M4_T_le_v4SPD16_eabi.lib : ctype.c.obj (.const:.string:_ctypes_)
                  000015ad    00000100     crc.obj (.const:.string:crc_table$14)
                  000016ad    000000f8     mac_cfg.obj (.const:macPibTbl)
                  000017a5    00000002     drivers_cc26x2.a : UART2CC26X2.oem4f (.const:.string:stopBits)
                  000017a7    00000001     ti_drivers_config.obj (.const:TemperatureCC26X2_config)
                  000017a8    000000cc     maclib_secure_cc26x2_2_4g_tirtos7.a : lmac_rom_init.obj (.const:LMAC_ROM_Flash_JT)
                  00001874    000000b8     ti_radio_config.obj (.const:$O2$$)
                  0000192c    00000088     mac_cfg.obj (.const:macPibDefaults)
                  000019b4    00000084     drivers_cc26x2.a : Random.oem4f (.const:$P$T0$1)
                  00001a38    00000084     ti_sysbios_config.obj (.const)
                  00001abc    00000072     maclib_secure_cc26x2_2_4g_tirtos7.a : hmac_global.obj (.const:macAssociatingSt)
                  00001b2e    00000072                                         : hmac_global.obj (.const:macIdleSt)
                  00001ba0    00000072                                         : hmac_global.obj (.const:macPollingSt)
                  00001c12    00000072                                         : hmac_global.obj (.const:macScanningSt)
                  00001c84    00000072                                         : hmac_global.obj (.const:macStartingSt)
                  00001cf6    00000002     jdllc.obj (.const:keyUsageList$5)
                  00001cf8    0000006c     maclib_secure_cc26x2_2_4g_tirtos7.a : icall_osal_rom_init.obj (.const:ICALL_OSAL_ROM_Flash_JT)
                  00001d64    0000006c     mac_user_config.obj (.const:macRfDriverTable)
                  00001dd0    00000058     mac_cfg.obj (.const:macSecurityPibTbl)
                  00001e28    00000058     ti_drivers_config.obj (.const:uart2CC26X2HWAttrs)
                  00001e80    00000054     drivers_cc26x2.a : PowerCC26X2.oem4f (.const:resourceDB)
                  00001ed4    00000040     mac_user_config.obj (.const:macCryptoDriverTable)
                  00001f14    00000040     maclib_secure_cc26x2_2_4g_tirtos7.a : hmac_global.obj (.const:macTimerRolloverValue)
                  00001f54    00000038     jdllc.obj (.const:$O7$$)
                  00001f8c    00000038     maclib_secure_cc26x2_2_4g_tirtos7.a : hmac_global.obj (.const:macCmdIncludeFHIe)
                  00001fc4    00000028     drivers_cc26x2.a : NVSCC26XX.oem4f (.const:NVSCC26XX_fxnTable)
                  00001fec    00000024     ssf.obj (.const:$O10$$)
                  00002010    00000024     cui.obj (.const:$O4$$)
                  00002034    00000024     mac_user_config.obj (.const:$P$T0$1$13)
                  00002058    00000024     drivers_cc26x2.a : UART2.oem4f (.const:UART2_defaultParams)
                  0000207c    00000020     ti_sysbios_config.obj (.const:.string)
                  0000209c    00000020     rf_multiMode_cc26x2.a : RFCC26X2_multiMode.c.cc26x2.ccs.o (.const:RF_defaultParams)
                  000020bc    00000020     jdllc.obj (.const:keyDeviceList$5)
                  000020dc    00000018     drivers_cc26x2.a : PWM.oem4f (.const:PWM_defaultParams)
                  000020f4    00000018     maclib_secure_cc26x2_2_4g_tirtos7.a : hmac_global.obj (.const:macSendMsgBufSize)
                  0000210c    00000015     ti_drivers_config.obj (.const)
                  00002121    00000001     ti_drivers_config.obj (.const:aesccmCC26XXHWAttrs)
                  00002122    00000002     --HOLE-- [fill = 0]
                  00002124    00000014     drivers_cc26x2.a : Button.oem4f (.const:Button_defaultParams)
                  00002138    00000014     ti_drivers_config.obj (.const:PowerCC26X2_config)
                  0000214c    00000014     drivers_cc26x2.a : TRNG.oem4f (.const:TRNG_defaultParams)
                  00002160    00000013     macTask.obj (.const:.string:msacbackSizeTable)
                  00002173    00000001     --HOLE-- [fill = 0]
                  00002174    00000010     drivers_cc26x2.a : AESCCM.oem4f (.const:AESCCM_defaultParams)
                  00002184    00000010     ti_drivers_config.obj (.const:ButtonHWAttrs)
                  00002194    00000010     ti_drivers_config.obj (.const:Button_config)
                  000021a4    00000010     ti_drivers_config.obj (.const:GPIO_config)
                  000021b4    00000010     ti_drivers_config.obj (.const:LED_config)
                  000021c4    00000010     maclib_secure_cc26x2_2_4g_tirtos7.a : hmac_global.obj (.const:macIEEEPhyTable)
                  000021d4    0000000e                                         : hmac_global.obj (.const:.string:macCmdBufSize)
                  000021e2    0000000e                                         : hmac_global.obj (.const:.string:macTxFrameFailed)
                  000021f0    0000000e                                         : hmac_global.obj (.const:.string:macTxFrameSuccess)
                  000021fe    00000002     --HOLE-- [fill = 0]
                  00002200    0000000c     drivers_cc26x2.a : Random.oem4f (.const:$P$T1$2)
                  0000220c    0000000c     maclib_secure_cc26x2_2_4g_tirtos7.a : hmac_global.obj (.const:.string:macCbackEventTbl)
                  00002218    0000000c                                         : hmac_global.obj (.const:.string:macSendMsgDataSize)
                  00002224    0000000c     ti_drivers_config.obj (.const:NVS_config)
                  00002230    0000000c     ti_drivers_config.obj (.const:RFCC26XX_hwAttrs)
                  0000223c    00000009     maclib_secure_cc26x2_2_4g_tirtos7.a : hmac_global.obj (.const:.string:macCmdLen)
                  00002245    00000003     --HOLE-- [fill = 0]
                  00002248    00000008                                         : mac_rx.obj (.const:$O21$$)
                  00002250    00000008     driverlib.lib : aux_sysif.obj (.const:$O29$$)
                  00002258    00000008     main.obj (.const:.string:dummyExtAddr$4)
                  00002260    00000008     maclib_secure_cc26x2_2_4g_tirtos7.a : hmac_global.obj (.const:.string:macAuthTagLen)
                  00002268    00000008     ti_drivers_config.obj (.const:AESCCM_config)
                  00002270    00000008     drivers_cc26x2.a : LED.oem4f (.const:LED_defaultParams)
                  00002278    00000008     ti_drivers_config.obj (.const:UART2_config)
                  00002280    00000008     ti_drivers_config.obj (.const:UDMACC26XX_config)
                  00002288    00000008     ti_drivers_config.obj (.const:nvsCC26XXHWAttrs)
                  00002290    00000008     ti_drivers_config.obj (.const:udmaCC26XXHWAttrs)
                  00002298    00000005     drivers_cc26x2.a : UART2CC26X2.oem4f (.const:.string:parityType)
                  0000229d    00000005                      : UART2CC26X2.oem4f (.const:.string:rxFifoThreshold)
                  000022a2    00000005                      : UART2CC26X2.oem4f (.const:.string:txFifoThreshold)
                  000022a7    00000004                      : UART2CC26X2.oem4f (.const:.string:dataLength)
                  000022ab    00000004     maclib_secure_cc26x2_2_4g_tirtos7.a : hmac_global.obj (.const:.string:macKeySourceLen)
                  000022af    00000004     ti_drivers_config.obj (.const:LEDHWAttrs)
                  000022b3    00000001     --HOLE-- [fill = 0]
                  000022b4    00000004     drivers_cc26x2.a : NVS.oem4f (.const:NVS_defaultParams)
                  000022b8    00000004     ti_sysbios_config.obj (.const:ti_sysbios_knl_Idle_funcList)

.cinit     0    00015cb8    00000308     
                  00015cb8    000002b4     (.cinit..data.load) [load image, compression = lzss]
                  00015f6c    0000000c     (__TI_handler_table)
                  00015f78    00000008     (.cinit..TI.bound:dmaUart1RxControlTableEntry.load) [load image, compression = zero_init]
                  00015f80    00000008     (.cinit..TI.bound:dmaUart1TxControlTableEntry.load) [load image, compression = zero_init]
                  00015f88    00000008     (.cinit..bss.load) [load image, compression = zero_init]
                  00015f90    00000008     (.cinit..data:RAM_MAC_BASE_ADDR.load) [load image, compression = zero_init]
                  00015f98    00000028     (__TI_cinit_table)

.init_array 
*          0    00000000    00000000     UNINITIALIZED

.text.1    0    0000003c    00000004     
                  0000003c    00000004     api_mac.obj (.text:ApiMac_mlmeGetReqArray)

.text.2    0    000022bc    000139f0     
                  000022bc    00000438     maclib_secure_cc26x2_2_4g_tirtos7.a : mac_hl_patch.obj (.text:macWrapperAddDevice)
                  000026f4    00000378     api_mac.obj (.text:processIncomingICallMsg$8)
                  00002a6c    00000323     ti_sysbios_config.obj (.text:ti_sysbios_runtime_System_doPrint)
                  00002d8f    00000001     --HOLE-- [fill = 0]
                  00002d90    000002d8     sensor.obj (.text:dataIndCB$6)
                  00003068    00000278     drivers_cc26x2.a : UART2.oem4f (.text:UART2_writeTimeout)
                  000032e0    0000025c     maclib_secure_cc26x2_2_4g_tirtos7.a : mac_pwr.obj (.text:macPwrVote)
                  0000353c    0000024c                                         : mac_radio_tx.obj (.text:macRadioCsmaTxCbIeee$29)
                  00003788    0000024c     sensor.obj (.text:processSensorMsgEvt$6)
                  000039d4    00000230     ssf.obj (.text:setChMaskAction$7)
                  00003c04    0000021c     nvocmp.obj (.text:NVOCMP_initNv$15)
                  00003e20    0000021c     maclib_secure_cc26x2_2_4g_tirtos7.a : mac.obj (.text:macSendReceiveCmdIeee)
                  0000403c    00000210     rf_multiMode_cc26x2.a : RFCC26X2_multiMode.c.cc26x2.ccs.o (.text:RF_scheduleCmd)
                  0000424c    00000208     nvocmp.obj (.text:NVOCMP_addItem$15)
                  00004454    00000200     drivers_cc26x2.a : UART2.oem4f (.text:UART2_readTimeout)
                  00004654    000001f4                      : UART2CC26X2.oem4f (.text:UART2CC26X2_hwiIntFxn)
                  00004848    000001f0     maclib_secure_cc26x2_2_4g_tirtos7.a : mac_tx.obj (.text:macTxFrame)
                  00004a38    000001e0                                         : mac_hl_patch.obj (.text:macWrapperAddKeyInitFCtr)
                  00004c18    000001dc     rf_multiMode_cc26x2.a : RFCC26X2_multiMode.c.cc26x2.ccs.o (.text:RF_dispatchNextCmd)
                  00004df4    000001dc     drivers_cc26x2.a : UART2CC26X2.oem4f (.text:UART2_open)
                  00004fd0    000001c4     ssf.obj (.text:setNwkKeyAction$7)
                  00005194    000001c0     mac_user_config.obj (.text:rfSelect)
                  00005354    000001b0     maclib_secure_cc26x2_2_4g_tirtos7.a : mac_rx.obj (.text:rxPayloadIsr$22)
                  00005504    000001ac                                         : mac_hl_patch.obj (.text:macRxBeaconCritical)
                  000056b0    000001a4     sensor.obj (.text:Sensor_init)
                  00005854    000001a4     maclib_secure_cc26x2_2_4g_tirtos7.a : mac_hl_patch.obj (.text:macWrapperDeleteKeyAndAssociatedDevices)
                  000059f8    0000019c                                         : mac_hl_patch.obj (.text:macIncomingFrameSecurityMaterialRetrieval)
                  00005b94    00000198     drivers_cc26x2.a : PowerCC26X2.oem4f (.text:Power_sleep)
                  00005d2c    00000198     maclib_secure_cc26x2_2_4g_tirtos7.a : mac_hl_patch.obj (.text:macWrapperDeleteDevice)
                  00005ec4    00000190     ssf.obj (.text:Ssf_networkUpdate)
                  00006054    00000190     drivers_cc26x2.a : PowerCC26X2_calibrateRCOSC.oem4f (.text:calibrateRcoscHf1)
                  000061e4    0000018c     maclib_secure_cc26x2_2_4g_tirtos7.a : mac_hl_patch.obj (.text:macIncomingFrameSecurity)
                  00006370    0000018c     drivers_cc26x2.a : PowerCC26X2_calibrateRCOSC.oem4f (.text:runCalibrateFsm)
                  000064fc    00000188     nvocmp.obj (.text:NVOCMP_compact$15)
                  00006684    00000188     maclib_secure_cc26x2_2_4g_tirtos7.a : mac_radio_tx.obj (.text:macRadioTxGoIeee$29)
                  0000680c    00000180     ssf.obj (.text:setPanIdAction$7)
                  0000698c    00000174     maclib_secure_cc26x2_2_4g_tirtos7.a : mac_tx.obj (.text:txCsmaDelay)
                  00006b00    0000016e     drivers_cc26x2.a : Button.oem4f (.text:Button_clockTimeoutHandler)
                  00006c6e    00000002     ti_sysbios_config.obj (.text:BIOS_nullFunc)
                  00006c70    0000016c     drivers_cc26x2.a : PowerCC26X2.oem4f (.text:Power_init)
                  00006ddc    0000016c     driverlib.lib : osc.obj (.text:findHposcCoefficients$43)
                  00006f48    00000164     maclib_secure_cc26x2_2_4g_tirtos7.a : mac_hl_patch.obj (.text:macWrapperDeleteAllDevices)
                  000070ac    0000015c                                         : mac_hl_patch.obj (.text:macScanNextChan)
                  00007208    00000158     driverlib.lib : sys_ctrl.obj (.text:NOROM_SysCtrlStandby)
                  00007360    00000154     rf_multiMode_cc26x2.a : RFCC26X2_multiMode.c.cc26x2.ccs.o (.text:RF_radioOpDoneCb)
                  000074b4    00000144                           : RFCC26X2_multiMode.c.cc26x2.ccs.o (.text:RF_fsmSetupState)
                  000075f8    0000013c     drivers_cc26x2.a : AESCCMCC26XX.oem4f (.text:AESCCM_startOperation)
                  00007734    0000013c     cui.obj (.text:CUI_dispMenu$3)
                  00007870    00000138     drivers_cc26x2.a : NVSCC26XX.oem4f (.text:NVSCC26XX_write)
                  000079a8    00000138     rf_multiMode_cc26x2.a : RFCC26X2_multiMode.c.cc26x2.ccs.o (.text:RF_abortCmd)
                  00007ae0    00000138                           : RFCC26X2_multiMode.c.cc26x2.ccs.o (.text:RF_ratSetupChannel)
                  00007c18    00000138     maclib_secure_cc26x2_2_4g_tirtos7.a : mac_hl_patch.obj (.text:macBuildDataFrame)
                  00007d50    00000130     nvocmp.obj (.text:NVOCMP_compactPage$15)
                  00007e80    00000130     sensor.obj (.text:dataCnfCB$6)
                  00007fb0    00000130     rtsv7M4_T_le_v4SPD16_eabi.lib : strtol.c.obj (.text:strtol)
                  000080e0    0000012c     drivers_cc26x2.a : UART2CC26X2.oem4f (.text:UART2CC26X2_initHw)
                  0000820c    00000128     ti_sysbios_config.obj (.text:ti_sysbios_family_arm_cc26xx_Timer_construct)
                  00008334    00000124     ssf.obj (.text:Ssf_stateChangeUpdate)
                  00008458    00000120     cui.obj (.text:CUI_statusLinePrintf)
                  00008578    00000120     rf_multiMode_cc26x2.a : RFCC26X2_multiMode.c.cc26x2.ccs.o (.text:RF_close)
                  00008698    00000120     sensor.obj (.text:Sensor_sendMsg)
                  000087b8    00000120     drivers_cc26x2.a : PowerCC26X2.oem4f (.text:configureXOSCHF)
                  000088d8    0000011c     jdllc.obj (.text:assocCnfCb$5)
                  000089f4    00000118     maclib_secure_cc26x2_2_4g_tirtos7.a : mac.obj (.text:macSetupRATChanCompare)
                  00008b0c    00000114     macTask.obj (.text:MAC_CbackEvent)
                  00008c20    00000114     maclib_secure_cc26x2_2_4g_tirtos7.a : mac_radio.obj (.text:macRadioInitIeee)
                  00008d34    00000110     cui.obj (.text:CUI_init)
                  00008e44    00000110     cui.obj (.text:CUI_menuActionHelp)
                  00008f54    00000110     drivers_cc26x2.a : LED.oem4f (.text:LED_open)
                  00009064    00000104     rf_multiMode_cc26x2.a : RFCC26X2_multiMode.c.cc26x2.ccs.o (.text:RF_hwiCpe0Active)
                  00009168    00000100     nvocmp.obj (.text:NVOCMP_findItem$15)
                  00009268    000000fc     driverlib.lib : setup.obj (.text:TrimAfterColdResetWakeupFromShutDown$42)
                  00009364    000000fc     maclib_secure_cc26x2_2_4g_tirtos7.a : mac_hl_patch.obj (.text:macOutgoingFrameKeyDescRetrieval)
                  00009460    000000f8     rf_multiMode_cc26x2.a : RFCC26X2_multiMode.c.cc26x2.ccs.o (.text:RF_decodeOverridePointers)
                  00009558    000000f8     ti_sysbios_config.obj (.text:ti_sysbios_knl_TaskSupport_buildTaskStack)
                  00009650    000000f4     sysbios.a : Hwi_asm.obj (.text:ti_sysbios_family_arm_m3_Hwi_dispatch)
                  00009744    000000f0     rf_multiMode_cc26x2.a : RFCC26X2_multiMode.c.cc26x2.ccs.o (.text:RF_fsmPowerUpState)
                  00009834    000000e8     drivers_cc26x2.a : GPIOCC26XX.oem4f (.text:GPIO_init)
                  0000991c    000000e8                      : UART2CC26X2.oem4f (.text:UART2Support_dmaStartRx)
                  00009a04    000000e8     main.obj (.text:main)
                  00009aec    000000e4     maclib_secure_cc26x2_2_4g_tirtos7.a : mac_hl_patch.obj (.text:macOutgoingFrameSecurity)
                  00009bd0    000000e4                                         : mac_hl_patch.obj (.text:macScanRxCoordRealign)
                  00009cb4    000000e0     rf_multiMode_cc26x2.a : RFCC26X2_multiMode.c.cc26x2.ccs.o (.text:RF_control)
                  00009d94    000000dc     driverlib.lib : aes.obj (.text:NOROM_AESWriteToKeyStore)
                  00009e70    000000dc     main.obj (.text:appTaskFxn)
                  00009f4c    000000dc     maclib_secure_cc26x2_2_4g_tirtos7.a : mac_hl_patch.obj (.text:macBuildHeaderIes)
                  0000a028    000000d8     rf_multiMode_cc26x2.a : RFCC26X2_multiMode.c.cc26x2.ccs.o (.text:RF_pendCmd)
                  0000a100    000000d8     maclib_secure_cc26x2_2_4g_tirtos7.a : mac_hl_patch.obj (.text:macCcmStarTransform)
                  0000a1d8    000000d8                                         : mac_hl_patch.obj (.text:macEdScanISR)
                  0000a2b0    000000d8                                         : mac_tx.obj (.text:txCsmaPrep$25)
                  0000a388    000000d4                                         : mac_hl_patch.obj (.text:MAC_MlmeScanReq)
                  0000a45c    000000d4     ti_sysbios_config.obj (.text:ti_sysbios_knl_Task_Instance_init)
                  0000a530    000000d2     rf_multiMode_cc26x2.a : RFCC26X2_multiMode.c.cc26x2.ccs.o (.text:RF_updatePaConfiguration)
                  0000a602    00000002     ti_drivers_config.obj (.text:Board_initHook)
                  0000a604    000000d0     maclib_secure_cc26x2_2_4g_tirtos7.a : mac_low_level.obj (.text:macLowLevelBufferInit)
                  0000a6d4    000000cc     drivers_cc26x2.a : Button.oem4f (.text:Button_open)
                  0000a7a0    000000cc     rf_multiMode_cc26x2.a : RFCC26X2_multiMode.c.cc26x2.ccs.o (.text:RF_swiHw)
                  0000a86c    000000cc     maclib_secure_cc26x2_2_4g_tirtos7.a : mac_timer.obj (.text:macSymbolTimerTriggerCallback)
                  0000a938    000000c8     driverlib.lib : setup.obj (.text:NOROM_SetupTrimDevice)
                  0000aa00    000000c4     jdllc.obj (.text:Jdllc_init)
                  0000aac4    000000c4     maclib_secure_cc26x2_2_4g_tirtos7.a : mac_autopend.obj (.text:MAC_SrcMatchAddEntry)
                  0000ab88    000000c4                                         : mac_hl_patch.obj (.text:macApiStartReq)
                  0000ac4c    000000c4     ti_sysbios_config.obj (.text:ti_sysbios_knl_Semaphore_pend)
                  0000ad10    000000c0     maclib_secure_cc26x2_2_4g_tirtos7.a : mac_pwr.obj (.text:MAC_PwrOffReq)
                  0000add0    000000c0     nvocmp.obj (.text:NVOCMP_erase$15)
                  0000ae90    000000c0     drivers_cc26x2.a : PowerCC26X2.oem4f (.text:Power_releaseDependency)
                  0000af50    000000c0                      : TRNGCC26XX.oem4f (.text:TRNG_getRandom)
                  0000b010    000000c0     maclib_secure_cc26x2_2_4g_tirtos7.a : mac_rx.obj (.text:rxPostRxUpdates$22)
                  0000b0d0    000000bc     rf_multiMode_cc26x2.a : RFCC26X2_multiMode.c.cc26x2.ccs.o (.text:RF_initRadioSetup)
                  0000b18c    000000bc     maclib_secure_cc26x2_2_4g_tirtos7.a : mac_hl_patch.obj (.text:macAutoPoll)
                  0000b248    000000bc                                         : mac.obj (.text:macGetRFCmdDuration)
                  0000b304    000000bc     jdllc.obj (.text:pollCnfCb$5)
                  0000b3c0    000000bc     jdllc.obj (.text:processCoordRealign$5)
                  0000b47c    000000b8     drivers_cc26x2.a : PowerCC26X2.oem4f (.text:Power_setDependency)
                  0000b534    000000b8     maclib_secure_cc26x2_2_4g_tirtos7.a : mac_hl_patch.obj (.text:macMgmtReset)
                  0000b5ec    000000b6     driverlib.lib : osc.obj (.text:multiplyColumns$43)
                  0000b6a2    00000002     drivers_cc26x2.a : LED.oem4f (.text:LED_init)
                  0000b6a4    000000b4     ti_sysbios_config.obj (.text:PowerCC26XX_standbyPolicy)
                  0000b758    000000b0     maclib_secure_cc26x2_2_4g_tirtos7.a : mac_hl_patch.obj (.text:macDataTxComplete)
                  0000b808    000000b0                                         : mac_radio.obj (.text:macRadioUpdateTxPower)
                  0000b8b8    000000b0     ti_sysbios_config.obj (.text:ti_sysbios_knl_Task_setPri)
                  0000b968    000000ac     nvocmp.obj (.text:NVOCMP_readContItemApi$15)
                  0000ba14    000000ac     drivers_cc26x2.a : UART2CC26X2.oem4f (.text:UART2Support_dmaStartTx)
                  0000bac0    000000ac     maclib_secure_cc26x2_2_4g_tirtos7.a : mac_hl_patch.obj (.text:macApiBeaconStartReq)
                  0000bb6c    000000ac     api_mac.obj (.text:processBeaconNotifyInd$8)
                  0000bc18    000000a8     jdllc.obj (.text:beaconNotifyIndCb$5)
                  0000bcc0    000000a8     maclib_secure_cc26x2_2_4g_tirtos7.a : mac_hl_patch.obj (.text:macBeaconCheckTxTime)
                  0000bd68    000000a8                                         : mac_hl_patch.obj (.text:macTrackTimeoutCallback)
                  0000be10    000000a8                                         : mac_tx.obj (.text:txComplete)
                  0000beb8    000000a4     rf_multiMode_cc26x2.a : RFCC26X2_multiMode.c.cc26x2.ccs.o (.text:RF_ratRestartChannels)
                  0000bf5c    000000a4     driverlib.lib : osc.obj (.text:findHposcPc$43)
                  0000c000    000000a4     sensor.obj (.text:jdllcJoinedCb$6)
                  0000c0a4    000000a4     maclib_secure_cc26x2_2_4g_tirtos7.a : mac_hl_patch.obj (.text:macCcmStarInverseTransform)
                  0000c148    000000a4                                         : mac.obj (.text:macSetupReceiveCmd)
                  0000c1ec    000000a4     ti_sysbios_config.obj (.text:ti_sysbios_knl_Clock_workFuncDynamic)
                  0000c290    000000a0     nvocmp.obj (.text:NVOCMP_initNvApi$15)
                  0000c330    000000a0     rf_multiMode_cc26x2.a : RFCC26X2_multiMode.c.cc26x2.ccs.o (.text:RF_cmdDispatchTime)
                  0000c3d0    000000a0                           : RFCC26X2_multiMode.c.cc26x2.ccs.o (.text:RF_requestAccess)
                  0000c470    000000a0     drivers_cc26x2.a : UART2CC26X2.oem4f (.text:UART2_close)
                  0000c510    000000a0     maclib_secure_cc26x2_2_4g_tirtos7.a : mac_hl_patch.obj (.text:macBlacklistChecking)
                  0000c5b0    000000a0                                         : mac_radio.obj (.text:scheduleNopWakeupCmd)
                  0000c650    000000a0     sysbios.a : auto_init.obj (.text)
                  0000c6f0    0000009c     nvocmp.obj (.text:NVOCMP_readHeader$15)
                  0000c78c    0000009c     rf_multiMode_cc26x2.a : RFCC26X2_multiMode.c.cc26x2.ccs.o (.text:RF_hposcRfCompensateFxn)
                  0000c828    0000009c     drivers_cc26x2.a : TRNGCC26XX.oem4f (.text:TRNG_construct)
                  0000c8c4    0000009c     maclib_secure_cc26x2_2_4g_tirtos7.a : mac_radio.obj (.text:macRadioUpdateChannel)
                  0000c960    0000009c                                         : mac_radio.obj (.text:macRadioUpdateChannelRx)
                  0000c9fc    0000009c                                         : mac_tx.obj (.text:macTxDoneCallback)
                  0000ca98    0000009c     rtsv7M4_T_le_v4SPD16_eabi.lib : memcpy_t2.asm.obj (.text)
                  0000cb34    0000009c     ti_sysbios_config.obj (.text:ti_sysbios_knl_Task_Instance_finalize)
                  0000cbd0    00000098     driverlib.lib : osc.obj (.text:NOROM_OSC_HPOSCInitializeFrequencyOffsetParameters)
                  0000cc68    00000098     nvocmp.obj (.text:NVOCMP_updateItemApi$15)
                  0000cd00    00000098     rf_multiMode_cc26x2.a : RFCC26X2_multiMode.c.cc26x2.ccs.o (.text:RF_calculateDispatchTime)
                  0000cd98    00000098     drivers_cc26x2.a : TRNGCC26XX.oem4f (.text:TRNGCC26XX_hwiFxn)
                  0000ce30    00000098     maclib_secure_cc26x2_2_4g_tirtos7.a : mac_hl_patch.obj (.text:macAutoPendAddSrcMatchTableEntry)
                  0000cec8    00000096     rtsv7M4_T_le_v4SPD16_eabi.lib : ull_div_t2.asm.obj (.text)
                  0000cf5e    00000002     rf_multiMode_cc26x2.a : rfc.c.cc26x2.ccs.o (.text:NOROM_RFCCpePatchReset)
                  0000cf60    00000094     maclib_secure_cc26x2_2_4g_tirtos7.a : mac_hl_patch.obj (.text:macIncomingSecurityLevelChecking)
                  0000cff4    00000094                                         : mac.obj (.text:macRatCb_A)
                  0000d088    00000092     driverlib.lib : osc.obj (.text:findDenominator$43)
                  0000d11a    00000002     rf_multiMode_cc26x2.a : RFCC26X2_multiMode.c.cc26x2.ccs.o (.text:RF_defaultCallback)
                  0000d11c    00000090     maclib_secure_cc26x2_2_4g_tirtos7.a : mac_hl_patch.obj (.text:MAC_ResumeReq)
                  0000d1ac    00000090     rf_multiMode_cc26x2.a : RFCC26X2_multiMode.c.cc26x2.ccs.o (.text:RF_discardPendCmd)
                  0000d23c    00000090                           : RFCC26X2_multiMode.c.cc26x2.ccs.o (.text:RF_getInfo)
                  0000d2cc    00000090     jdllc.obj (.text:disassoCnfCb$5)
                  0000d35c    00000090     maclib_secure_cc26x2_2_4g_tirtos7.a : mac_hl_patch.obj (.text:macCcmDecrypt)
                  0000d3ec    00000090     jdllc.obj (.text:scanCnfCb$5)
                  0000d47c    0000008e     driverlib.lib : osc.obj (.text:findNumerator$43)
                  0000d50a    00000002     drivers_cc26x2.a : UART2CC26X2.oem4f (.text:UART2CC26X2_eventCallback)
                  0000d50c    0000008c     maclib_osal_tirtos7_cc13x2_26x2.a : osal_port.obj (.text:OsalPort_heapMalloc$39)
                  0000d598    0000008c     api_mac.obj (.text:copyDataInd$8)
                  0000d624    0000008c     maclib_secure_cc26x2_2_4g_tirtos7.a : mac_hl_patch.obj (.text:macCcmEncrypt)
                  0000d6b0    0000008c                                         : mac_radio_tx.obj (.text:macRadioTxPrepCsmaSlottedIeee)
                  0000d73c    0000008c                                         : mac_autopend.obj (.text:macSrcMatchCheckSrcAddr$18)
                  0000d7c8    00000088     driverlib.lib : osc.obj (.text:NOROM_OSCHF_AttemptToSwitchToXosc)
                  0000d850    00000088     nvocmp.obj (.text:NVOCMP_deleteItemApi$15)
                  0000d8d8    00000088     rf_multiMode_cc26x2.a : RFCC26X2_multiMode.c.cc26x2.ccs.o (.text:RF_getTxPower)
                  0000d960    00000088     drivers_cc26x2.a : PowerCC26X2_calibrateRCOSC.oem4f (.text:calibrateRcoscHf2)
                  0000d9e8    00000088                      : PowerCC26X2.oem4f (.text:disableLFClockQualifiers)
                  0000da70    00000088     maclib_secure_cc26x2_2_4g_tirtos7.a : mac_hl_patch.obj (.text:macKeyDescriptorLookup)
                  0000daf8    00000088                                         : mac_mcu.obj (.text:macMcuOverflowSetPeriod)
                  0000db80    00000088                                         : mac_symbol_timer.obj (.text:macSymbolTimerInit)
                  0000dc08    00000088     ti_sysbios_config.obj (.text:ti_sysbios_family_arm_m3_Hwi_initNVIC)
                  0000dc90    00000088     drivers_cc26x2.a : PowerCC26X2_calibrateRCOSC.oem4f (.text:updateSubSecInc)
                  0000dd18    00000084     jdllc.obj (.text:Jdllc_securityInit)
                  0000dd9c    00000084     maclib_secure_cc26x2_2_4g_tirtos7.a : mac_autopend.obj (.text:MAC_SrcMatchEnable)
                  0000de20    00000084     nvocmp.obj (.text:NVOCMP_createItemApi$15)
                  0000dea4    00000084     rf_multiMode_cc26x2.a : RFCC26X2_multiMode.c.cc26x2.ccs.o (.text:RF_issueRadioFreeCb)
                  0000df28    00000084                           : RFCC26X2_multiMode.c.cc26x2.ccs.o (.text:RF_verifyGap)
                  0000dfac    00000084     maclib_secure_cc26x2_2_4g_tirtos7.a : mac_radio.obj (.text:macRadioStartScan)
                  0000e030    00000084                                         : mac_timer.obj (.text:macTimerUpdateSymbolTimer)
                  0000e0b4    00000084     jdllc.obj (.text:syncLossCb$5)
                  0000e138    00000084     ti_sysbios_config.obj (.text:ti_sysbios_family_arm_m3_Hwi_Instance_init)
                  0000e1bc    00000084     ti_sysbios_config.obj (.text:ti_sysbios_gates_GateMutexPri_enter)
                  0000e240    00000080     driverlib.lib : chipinfo.obj (.text:NOROM_ChipInfo_GetChipType)
                  0000e2c0    00000080     drivers_cc26x2.a : NVSCC26XX.oem4f (.text:NVSCC26XX_open)
                  0000e340    00000080     maclib_osal_tirtos7_cc13x2_26x2.a : osal_port.obj (.text:OsalPort_setTimer)
                  0000e3c0    00000080     jdllc.obj (.text:disassocIndCb$5)
                  0000e440    00000080     maclib_secure_cc26x2_2_4g_tirtos7.a : mac_mcu.obj (.text:macMcuOverflowSetCompare)
                  0000e4c0    00000080                                         : mac_radio.obj (.text:macRadioWakeupCb)
                  0000e540    0000007c     nvocmp.obj (.text:NVOCMP_readItemApi$15)
                  0000e5bc    0000007c     rf_multiMode_cc26x2.a : RFCC26X2_multiMode.c.cc26x2.ccs.o (.text:RF_ratFreeChannel)
                  0000e638    0000007c     maclib_osal_tirtos7_cc13x2_26x2.a : osal_port.obj (.text:osalHeapInitFxn)
                  0000e6b4    0000007c     ti_sysbios_config.obj (.text:ti_sysbios_knl_Swi_restoreHwi)
                  0000e730    0000007a     rtsv7M4_T_le_v4SPD16_eabi.lib : memset_t2.asm.obj (.text)
                  0000e7aa    00000002                                   : _lock.c.obj (.text:_nop)
                  0000e7ac    00000078     nvocmp.obj (.text:NVOCMP_checkItem$15)
                  0000e824    00000078     jdllc.obj (.text:dataCnfCb$5)
                  0000e89c    00000078     maclib_secure_cc26x2_2_4g_tirtos7.a : mac_timer.obj (.text:macTimerSetRollover)
                  0000e914    00000078                                         : mac_hl_patch.obj (.text:macTrackStartCallback)
                  0000e98c    00000078     ti_sysbios_config.obj (.text:ti_sysbios_knl_Clock_walkQueueDynamic)
                  0000ea04    00000078     ti_sysbios_config.obj (.text:ti_sysbios_knl_Task_postInit)
                  0000ea7c    00000076     drivers_cc26x2.a : UART2CC26X2.oem4f (.text:UART2CC26X2_readCallback)
                  0000eaf2    00000002                      : PowerCC26X2.oem4f (.text:emptyClockFunc)
                  0000eaf4    00000074     nvocmp.obj (.text:NVOCMP_writeItemApi$15)
                  0000eb68    00000074     drivers_cc26x2.a : PowerCC26X2_calibrateRCOSC.oem4f (.text:PowerCC26X2_auxISR)
                  0000ebdc    00000074     rf_multiMode_cc26x2.a : RFCC26X2_multiMode.c.cc26x2.ccs.o (.text:RF_ratDisableChannel)
                  0000ec50    00000074                           : RFCC26X2_multiMode.c.cc26x2.ccs.o (.text:RF_yield)
                  0000ecc4    00000074     ti_sysbios_config.obj (.text:ti_sysbios_knl_Clock_startI)
                  0000ed38    00000072     rf_multiMode_cc26x2.a : RFCC26X2_multiMode.c.cc26x2.ccs.o (.text:RF_detachOverrides)
                  0000edaa    00000002     drivers_cc26x2.a : CryptoResourceCC26XX.oem4f (.text:errorSpin)
                  0000edac    00000070                      : AESCCMCC26XX.oem4f (.text:AESCCM_cleanup)
                  0000ee1c    00000070     rf_multiMode_cc26x2.a : rfc.c.cc26x2.ccs.o (.text:NOROM_RFCAnaDivTxOverride)
                  0000ee8c    00000070     nvocmp.obj (.text:NVOCMP_eraseNvApi$15)
                  0000eefc    00000070     rf_multiMode_cc26x2.a : RFCC26X2_multiMode.c.cc26x2.ccs.o (.text:RF_getCurrentTime)
                  0000ef6c    00000070     drivers_cc26x2.a : Random.oem4f (.text:Random_seedAutomatic)
                  0000efdc    00000070                      : TemperatureCC26X2.oem4f (.text:Temperature_init)
                  0000f04c    00000070     maclib_secure_cc26x2_2_4g_tirtos7.a : mac_radio_tx.obj (.text:macRadioTxBOBoundary)
                  0000f0bc    00000070     jdllc.obj (.text:sendAssocReq$5)
                  0000f12c    00000070     ti_sysbios_config.obj (.text:ti_sysbios_knl_Idle_init)
                  0000f19c    0000006e     rf_multiMode_cc26x2.a : RFCC26X2_multiMode.c.cc26x2.ccs.o (.text:RF_attachOverrides)
                  0000f20a    0000006e                           : RFCC26X2_multiMode.c.cc26x2.ccs.o (.text:RF_howToSchedule)
                  0000f278    0000006e     rtsv7M4_T_le_v4SPD16_eabi.lib : ll_div_t2.asm.obj (.text)
                  0000f2e6    00000002     maclib_secure_cc26x2_2_4g_tirtos7.a : mac_pwr.obj (.text:macApiPwrOnReq)
                  0000f2e8    0000006d     ti_sysbios_config.obj (.text:ti_sysbios_runtime_System_formatNum)
                  0000f355    00000001     --HOLE-- [fill = 0]
                  0000f356    00000002     maclib_secure_cc26x2_2_4g_tirtos7.a : mac_radio.obj (.text:macRadioSetRE)
                  0000f358    0000006c     drivers_cc26x2.a : GPIOCC26XX.oem4f (.text:GPIO_setConfig)
                  0000f3c4    0000006c     nvocmp.obj (.text:NVOCMP_getDstPage$15)
                  0000f430    0000006c     rf_multiMode_cc26x2.a : RFCC26X2_multiMode.c.cc26x2.ccs.o (.text:RF_dispatchNextEvent)
                  0000f49c    0000006c     drivers_cc26x2.a : UART2CC26X2.oem4f (.text:UART2Support_dmaStopTx)
                  0000f508    0000006c     maclib_secure_cc26x2_2_4g_tirtos7.a : mac_timer.obj (.text:macTimerRealign)
                  0000f574    0000006c                                         : mac_hl_patch.obj (.text:macTrackPeriodCallback)
                  0000f5e0    0000006c     ti_sysbios_config.obj (.text:ti_sysbios_gates_GateMutexPri_leave)
                  0000f64c    0000006c     ti_sysbios_config.obj (.text:ti_sysbios_knl_Swi_run)
                  0000f6b8    00000068     driverlib.lib : osc.obj (.text:NOROM_OSCHF_SwitchToRcOscTurnOffXosc)
                  0000f720    00000068     maclib_osal_tirtos7_cc13x2_26x2.a : osal_port.obj (.text:OsalPort_registerTask)
                  0000f788    00000068     rf_multiMode_cc26x2.a : RFCC26X2_multiMode.c.cc26x2.ccs.o (.text:RF_hwiHw)
                  0000f7f0    00000068     rtsv7M4_T_le_v4SPD16_eabi.lib : copy_decompress_lzss.c.obj (.text:decompress:lzss:__TI_decompress_lzss)
                  0000f858    00000068     maclib_secure_cc26x2_2_4g_tirtos7.a : mac_radio_tx.obj (.text:macRadioTxPrepCsmaUnslottedIeee)
                  0000f8c0    00000068                                         : mac_rx.obj (.text:macRxHaltCleanup)
                  0000f928    00000068                                         : mac_rx_onoff.obj (.text:macRxOn)
                  0000f990    00000068     ti_sysbios_config.obj (.text:ti_sysbios_knl_Swi_Instance_init)
                  0000f9f8    00000068     ti_sysbios_config.obj (.text:ti_sysbios_knl_Task_startup)
                  0000fa60    00000068     jdllc.obj (.text:updateState$5)
                  0000fac8    00000064     drivers_cc26x2.a : AESCCMCC26XX.oem4f (.text:AESCCM_waitForResult)
                  0000fb2c    00000064                      : Button.oem4f (.text:Button_gpioCallbackFxn)
                  0000fb90    00000064     nvocmp.obj (.text:NVOCMP_findSignature$15)
                  0000fbf4    00000064     maclib_osal_tirtos7_cc13x2_26x2.a : osal_port.obj (.text:OsalPort_clearEvent)
                  0000fc58    00000064                                       : osal_port.obj (.text:OsalPort_pwrmgrTaskState)
                  0000fcbc    00000064     drivers_cc26x2.a : UART2CC26X2.oem4f (.text:UART2Support_dmaStopRx)
                  0000fd20    00000064     maclib_secure_cc26x2_2_4g_tirtos7.a : mac.obj (.text:macRequestBackoff)
                  0000fd84    00000064                                         : mac_timer.obj (.text:macSymbolTimerRolloverCallback)
                  0000fde8    00000064                                         : mac_timer.obj (.text:macTimerAddTimer)
                  0000fe4c    00000064     jdllc.obj (.text:sendScanReq$5)
                  0000feb0    00000062     rf_multiMode_cc26x2.a : RFCC26X2_multiMode.c.cc26x2.ccs.o (.text:RF_syncCb)
                  0000ff12    00000002     maclib_secure_cc26x2_2_4g_tirtos7.a : mac_hl_patch.obj (.text:macSetDefaultsByPatch)
                  0000ff14    00000060     drivers_cc26x2.a : AESCCMCC26XX.oem4f (.text:AESCCM_hwiFxn)
                  0000ff74    00000060                      : CryptoResourceCC26XX.oem4f (.text:CryptoResourceCC26XX_constructRTOSObjects)
                  0000ffd4    00000060     rf_multiMode_cc26x2.a : RFCC26X2_multiMode.c.cc26x2.ccs.o (.text:RF_applyRfCorePatch)
                  00010034    00000060     ssf.obj (.text:Ssf_getNetworkInfo)
                  00010094    00000060     drivers_cc26x2.a : TRNGCC26XX.oem4f (.text:TRNGCC26XX_startTrng)
                  000100f4    00000060     maclib_secure_cc26x2_2_4g_tirtos7.a : mac_radio.obj (.text:macGetRadioTxPowerReg)
                  00010154    00000060                                         : mac_timer.obj (.text:macTimerCancel)
                  000101b4    00000060                                         : mac_timer.obj (.text:macTimerGetNextTimer)
                  00010214    00000060     ti_sysbios_config.obj (.text:ti_sysbios_knl_Task_schedule)
                  00010274    0000005e     api_mac.obj (.text:convertTxOptions)
                  000102d2    00000002     rtsv7M4_T_le_v4SPD16_eabi.lib : div0.asm.obj (.text)
                  000102d4    0000005c     nvocmp.obj (.text:NVOCMP_readItem$15)
                  00010330    0000005c     maclib_osal_tirtos7_cc13x2_26x2.a : osal_port.obj (.text:OsalPort_msgReceive)
                  0001038c    0000005c                                       : osal_port.obj (.text:OsalPort_setEvent)
                  000103e8    0000005c     rf_multiMode_cc26x2.a : RFCC26X2_multiMode.c.cc26x2.ccs.o (.text:RF_hwiCpe0PowerFsm)
                  00010444    0000005c     drivers_cc26x2.a : UART2.oem4f (.text:UART2_readCancel)
                  000104a0    0000005c                      : NVSCC26XX.oem4f (.text:doErase)
                  000104fc    0000005c     maclib_secure_cc26x2_2_4g_tirtos7.a : mac_radio.obj (.text:macRadioSetChannel)
                  00010558    0000005c                                         : mac_radio.obj (.text:macRadioSetChannelRx)
                  000105b4    0000005c                                         : mac.obj (.text:macRequestSFDTimeout)
                  00010610    0000005c     ti_sysbios_config.obj (.text:ti_sysbios_family_arm_m3_Hwi_postInit)
                  0001066c    0000005c     ti_sysbios_config.obj (.text:ti_sysbios_knl_Swi_runLoop)
                  000106c8    0000005c     ti_sysbios_config.obj (.text:ti_sysbios_knl_Swi_schedule)
                  00010724    0000005a     drivers_cc26x2.a : UART2.oem4f (.text:UART2_writeCancel)
                  0001077e    00000002     ti_sysbios_config.obj (.text:ti_sysbios_runtime_SysCallback_defaultAbort)
                  00010780    00000058     nvocmp.obj (.text:NVOCMP_getItemLenApi$15)
                  000107d8    00000058     drivers_cc26x2.a : PowerCC26X2_calibrateRCOSC.oem4f (.text:PowerCC26X2_initiateCalibration)
                  00010830    00000058     rf_multiMode_cc26x2.a : RFCC26X2_multiMode.c.cc26x2.ccs.o (.text:RF_TxPowerTable_findValue)
                  00010888    00000058     drivers_cc26x2.a : TRNGCC26XX.oem4f (.text:TRNG_init)
                  000108e0    00000058     maclib_secure_cc26x2_2_4g_tirtos7.a : mac_sleep.obj (.text:macCanSleep)
                  00010938    00000058     sysbios.a : boot.obj (.text)
                  00010990    00000058               : Hwi_asm_switch.obj (.text:ti_sysbios_family_arm_m3_Hwi_initStacks)
                  000109e8    00000058     ti_sysbios_config.obj (.text:ti_sysbios_knl_Semaphore_post)
                  00010a40    00000056     ti_drivers_config.obj (.text:Board_sendExtFlashByte)
                  00010a96    00000056     drivers_cc26x2.a : LED.oem4f (.text:LED_startBlinking)
                  00010aec    00000056     rf_multiMode_cc26x2.a : RFCC26X2_multiMode.c.cc26x2.ccs.o (.text:RF_defaultSubmitPolicy)
                  00010b42    00000002     ti_sysbios_config.obj (.text:ti_sysbios_runtime_SysCallback_defaultExit)
                  00010b44    00000054     drivers_cc26x2.a : AESCCMCC26XX.oem4f (.text:AESCCM_construct)
                  00010b98    00000054     ti_drivers_config.obj (.text:Board_shutDownExtFlash)
                  00010bec    00000054     jdllc.obj (.text:Jdllc_addSecDevice)
                  00010c40    00000054     driverlib.lib : prcm.obj (.text:NOROM_PRCMPowerDomainsAllOff)
                  00010c94    00000054     nvocmp.obj (.text:NVOCMP_doNVCRC$15)
                  00010ce8    00000054     drivers_cc26x2.a : NVSCC26XX.oem4f (.text:NVSCC26XX_init)
                  00010d3c    00000054     rf_multiMode_cc26x2.a : RFCC26X2_multiMode.c.cc26x2.ccs.o (.text:RF_fsmXOSCState)
                  00010d90    00000054     drivers_cc26x2.a : StructRingBuf.oem4f (.text:StructRingBuf_put)
                  00010de4    00000054     maclib_secure_cc26x2_2_4g_tirtos7.a : mac_hl_patch.obj (.text:macIncomingKeyUsagePolicyChecking)
                  00010e38    00000054     api_mac.obj (.text:processScanCnf$8)
                  00010e8c    00000054     ti_sysbios_config.obj (.text:ti_sysbios_family_arm_m3_Hwi_dispatchC)
                  00010ee0    00000054     ti_sysbios_config.obj (.text:ti_sysbios_knl_Clock_init)
                  00010f34    00000050     drivers_cc26x2.a : GPIOCC26XX.oem4f (.text:GPIO_hwiIntFxn)
                  00010f84    00000050     nvocmp.obj (.text:NVOCMP_compactNvApi$15)
                  00010fd4    00000050     drivers_cc26x2.a : TRNGCC26XX.oem4f (.text:TRNGCC26XX_waitForResult)
                  00011024    00000050                      : TemperatureCC26X2.oem4f (.text:Temperature_registerNotifyRange)
                  00011074    00000050                      : UART2CC26X2.oem4f (.text:UART2Support_dmaRefreshRx)
                  000110c4    00000050                      : TemperatureCC26X2.oem4f (.text:degreesToCode)
                  00011114    00000050     maclib_secure_cc26x2_2_4g_tirtos7.a : mac_rx_onoff.obj (.text:macRxOffRequest)
                  00011164    00000050                                         : mac_timer.obj (.text:macTimerStart)
                  000111b4    00000050     ti_sysbios_config.obj (.text:ti_sysbios_family_arm_cc26xx_Timer_dynamicMultiStub)
                  00011204    00000050     ti_sysbios_config.obj (.text:ti_sysbios_runtime_Memory_alloc)
                  00011254    00000050     drivers_cc26x2.a : TemperatureCC26X2.oem4f (.text:walkNotifyList)
                  000112a4    0000004c     cui.obj (.text:CUI_updateCursor$3)
                  000112f0    0000004c     cui.obj (.text:CUI_writeString$3)
                  0001133c    0000004c     driverlib.lib : prcm.obj (.text:NOROM_PRCMPowerDomainsAllOn)
                  00011388    0000004c     nvocmp.obj (.text:NVOCMP_setItemInactive$15)
                  000113d4    0000004c     maclib_osal_tirtos7_cc13x2_26x2.a : osal_port.obj (.text:OsalPort_msgSend)
                  00011420    0000004c     rf_multiMode_cc26x2.a : RFCC26X2_multiMode.c.cc26x2.ccs.o (.text:RF_wakeupNotification)
                  0001146c    0000004c     drivers_cc26x2.a : StructRingBuf.oem4f (.text:StructRingBuf_get)
                  000114b8    0000004c                      : UDMACC26XX.oem4f (.text:UDMACC26XX_open)
                  00011504    0000004c     rtsv7M4_T_le_v4SPD16_eabi.lib : cpy_tbl.c.obj (.text:copy_in)
                  00011550    0000004c     maclib_secure_cc26x2_2_4g_tirtos7.a : mac_low_level.obj (.text:macLowLevelYield)
                  0001159c    0000004c     maclib_osal_tirtos7_cc13x2_26x2.a : osal_port.obj (.text:osalHeapGetStatsFxn)
                  000115e8    0000004c     ti_sysbios_config.obj (.text:ti_sysbios_knl_Swi_post)
                  00011634    00000048     rf_multiMode_cc26x2.a : rfc.c.cc26x2.ccs.o (.text:NOROM_RFCSynthPowerDown)
                  0001167c    00000048     nvocmp.obj (.text:NVOCMP_write$15)
                  000116c4    00000048     drivers_cc26x2.a : NVS.oem4f (.text:NVS_open)
                  0001170c    00000048                      : PowerCC26X2_calibrateRCOSC.oem4f (.text:PowerCC26X2_RCOSC_clockFunc)
                  00011754    00000048                      : PowerCC26X2.oem4f (.text:PowerCC26XX_switchXOSC_HF)
                  0001179c    00000048     rf_multiMode_cc26x2.a : RFCC26X2_multiMode.c.cc26x2.ccs.o (.text:RF_enableHPOSCTemperatureCompensation)
                  000117e4    00000048     ssf.obj (.text:Ssf_configurationUpdate)
                  0001182c    00000048     drivers_cc26x2.a : NVSCC26XX.oem4f (.text:disableFlashCache)
                  00011874    00000048     maclib_secure_cc26x2_2_4g_tirtos7.a : mac_radio.obj (.text:macRadioNeedAdjustPower)
                  000118bc    00000048                                         : mac_timer.obj (.text:macTimerUpdActive)
                  00011904    00000048     drivers_cc26x2.a : PowerCC26X2.oem4f (.text:switchXOSCHF)
                  0001194c    00000048     ssf.obj (.text:uintToString$7)
                  00011994    00000046     drivers_cc26x2.a : RingBuf.oem4f (.text:RingBuf_put)
                  000119da    00000046     ti_sysbios_config.obj (.text:SwiP_construct)
                  00011a20    00000046     maclib_secure_cc26x2_2_4g_tirtos7.a : mac_hl_patch.obj (.text:macDeviceDescriptorLookup)
                  00011a66    00000002     ti_sysbios_config.obj (.text:ti_sysbios_runtime_SysCallback_defaultInit)
                  00011a68    00000046     ti_sysbios_config.obj (.text:ti_sysbios_runtime_Error_print)
                  00011aae    00000002     ti_sysbios_config.obj (.text:ti_sysbios_runtime_SysCallback_defaultPutch)
                  00011ab0    00000044     ti_sysbios_config.obj (.text:BIOS_startFunc)
                  00011af4    00000044     maclib_secure_cc26x2_2_4g_tirtos7.a : mac_timer.obj (.text:MAC_PwrNextTimeout)
                  00011b38    00000044     driverlib.lib : chipinfo.obj (.text:NOROM_ChipInfo_GetHwRevision)
                  00011b7c    00000044     nvocmp.obj (.text:NVOCMP_getFreeNvApi$15)
                  00011bc0    00000044     drivers_cc26x2.a : NVSCC26XX.oem4f (.text:NVSCC26XX_read)
                  00011c04    00000044                      : PWM.oem4f (.text:PWM_init)
                  00011c48    00000044     rf_multiMode_cc26x2.a : RFCC26X2_multiMode.c.cc26x2.ccs.o (.text:RF_updateHpOscOverride)
                  00011c8c    00000044     drivers_cc26x2.a : UART2CC26X2.oem4f (.text:UART2CC26X2_initIO)
                  00011cd0    00000044     maclib_secure_cc26x2_2_4g_tirtos7.a : mac_rx_onoff.obj (.text:macRxDisable)
                  00011d14    00000044                                         : mac_tx.obj (.text:macTxTimestampCallback)
                  00011d58    00000044     jdllc.obj (.text:populateInfo$5)
                  00011d9c    00000044     ti_sysbios_config.obj (.text:ti_sysbios_family_arm_m3_Hwi_disableInterrupt)
                  00011de0    00000044     ti_sysbios_config.obj (.text:ti_sysbios_family_arm_m3_Hwi_enableInterrupt)
                  00011e24    00000044     ti_sysbios_config.obj (.text:ti_sysbios_family_arm_m3_Hwi_getStackInfo)
                  00011e68    00000042     api_mac.obj (.text:copyMacPanDescToApiMacPanDesc$8)
                  00011eaa    00000002     ti_sysbios_config.obj (.text:ti_sysbios_runtime_System_abortSpin)
                  00011eac    00000040     jdllc.obj (.text:Jdllc_sendDisassociationRequest)
                  00011eec    00000040     driverlib.lib : osc.obj (.text:NOROM_OSC_HPOSCRelativeFrequencyOffsetGet)
                  00011f2c    00000040     maclib_osal_tirtos7_cc13x2_26x2.a : osal_port.obj (.text:OsalPort_heapFree$39)
                  00011f6c    00000040     drivers_cc26x2.a : PWM.oem4f (.text:PWM_open)
                  00011fac    00000040                      : PowerCC26X2.oem4f (.text:PowerCC26XX_isStableXOSC_HF)
                  00011fec    00000040     rf_multiMode_cc26x2.a : RFCC26X2_multiMode.c.cc26x2.ccs.o (.text:RF_updatePowerupDuration)
                  0001202c    00000040     drivers_cc26x2.a : Random.oem4f (.text:Random_getNumber)
                  0001206c    00000040                      : TRNGCC26XX.oem4f (.text:TRNGCC26XX_copyToClient)
                  000120ac    00000040                      : UART2.oem4f (.text:UART2_readFull)
                  000120ec    00000040     maclib_osal_tirtos7_cc13x2_26x2.a : util_timer.obj (.text:UtilTimer_construct)
                  0001212c    00000040     maclib_secure_cc26x2_2_4g_tirtos7.a : mac.obj (.text:macRatCb_B)
                  0001216c    00000040                                         : mac_autopend.obj (.text:macSrcMatchSetEnableBit$18)
                  000121ac    00000040                                         : mac_symbol_timer.obj (.text:macSymbolTimerRealignIeee)
                  000121ec    00000040                                         : mac_symbol_timer.obj (.text:macSymbolTimerSetTrigger)
                  0001222c    00000040     rtsv7M4_T_le_v4SPD16_eabi.lib : u_divt2.asm.obj (.text)
                  0001226c    00000040     drivers_cc26x2.a : TemperatureCC26X2.oem4f (.text:setNextThresholds)
                  000122ac    00000040     ti_sysbios_config.obj (.text:ti_sysbios_family_arm_cc26xx_Timer_setThreshold)
                  000122ec    00000040     ti_sysbios_config.obj (.text:ti_sysbios_family_arm_cc26xx_Timer_start)
                  0001232c    00000040     ti_sysbios_config.obj (.text:ti_sysbios_knl_Task_blockI)
                  0001236c    0000003e     drivers_cc26x2.a : CryptoUtils.oem4f (.text:CryptoUtils_buffersMatch)
                  000123aa    0000003e                      : LED.oem4f (.text:LED_setBrightnessLevel)
                  000123e8    0000003e     maclib_osal_tirtos7_cc13x2_26x2.a : osal_port.obj (.text:OsalPort_msgEnqueueMax)
                  00012426    0000003e     drivers_cc26x2.a : RingBuf.oem4f (.text:RingBuf_putAdvance)
                  00012464    0000003e                      : TRNGCC26XX.oem4f (.text:TRNGCC26XX_serviceJob)
                  000124a2    0000003e                      : LED.oem4f (.text:clockTimeoutHandler)
                  000124e0    0000003c     driverlib.lib : osc.obj (.text:InternCapArrayAdjustWithBaseline7001F$43)
                  0001251c    0000003c     jdllc.obj (.text:Jdllc_getJoiningPanId)
                  00012558    0000003c     drivers_cc26x2.a : LED.oem4f (.text:LED_setOff)
                  00012594    0000003c     maclib_secure_cc26x2_2_4g_tirtos7.a : mac_pwr.obj (.text:MAC_PwrOnReq)
                  000125d0    0000003c     nvocmp.obj (.text:NVOCMP_disableCache$15)
                  0001260c    0000003c     rf_multiMode_cc26x2.a : RFCC26X2_multiMode.c.cc26x2.ccs.o (.text:RF_cmdGet)
                  00012648    0000003c                           : RFCC26X2_multiMode.c.cc26x2.ccs.o (.text:RF_cmdStoreEvents)
                  00012684    0000003c     drivers_cc26x2.a : UART2CC26X2.oem4f (.text:UART2CC26X2_finalizeIO)
                  000126c0    0000003c                      : NVSCC26XX.oem4f (.text:checkEraseRange)
                  000126fc    0000003c     jdllc.obj (.text:handleMaxDataFail$5)
                  00012738    0000003c     maclib_secure_cc26x2_2_4g_tirtos7.a : mac_radio.obj (.text:macRadioStopScan)
                  00012774    0000003c                                         : mac_timer.obj (.text:macTimerRecalcUnaligned)
                  000127b0    0000003c                                         : mac_tx.obj (.text:macTxDecrypt)
                  000127ec    0000003c                                         : mac_tx.obj (.text:macTxUpdateIE)
                  00012828    0000003c     ti_sysbios_config.obj (.text:ti_sysbios_family_arm_m3_Hwi_construct2)
                  00012864    0000003c     ti_sysbios_config.obj (.text:ti_sysbios_heaps_HeapCallback_construct)
                  000128a0    0000003c     ti_sysbios_config.obj (.text:ti_sysbios_knl_Task_exit)
                  000128dc    0000003a     maclib_osal_tirtos7_cc13x2_26x2.a : mac_util.obj (.text:Util_bufferUint32)
                  00012916    00000002     ti_sysbios_config.obj (.text:ti_sysbios_runtime_System_exitSpin)
                  00012918    00000038     ti_sysbios_config.obj (.text:ClockP_create)
                  00012950    00000038     ti_sysbios_config.obj (.text:HwiP_construct)
                  00012988    00000038     rf_multiMode_cc26x2.a : RFCC26X2_multiMode.c.cc26x2.ccs.o (.text:RF_checkCmdFsError)
                  000129c0    00000038     drivers_cc26x2.a : UART2CC26X2.oem4f (.text:UART2Support_sendData)
                  000129f8    00000038                      : UART2.oem4f (.text:UART2_rxEnable)
                  00012a30    00000038     maclib_secure_cc26x2_2_4g_tirtos7.a : mac_timer.obj (.text:macTimerAligned)
                  00012a68    00000038                                         : mac_timer.obj (.text:macTimerInit)
                  00012aa0    00000038                                         : mac_tx.obj (.text:macTxFrameRetransmit)
                  00012ad8    00000038     drivers_cc26x2.a : PowerCC26X2.oem4f (.text:notify)
                  00012b10    00000038     jdllc.obj (.text:sendPollReq$5)
                  00012b48    00000038     drivers_cc26x2.a : TemperatureCC26X2.oem4f (.text:temperatureHwiFxn)
                  00012b80    00000038     ti_sysbios_config.obj (.text:ti_sysbios_family_arm_m3_Hwi_init)
                  00012bb8    00000038     ti_sysbios_config.obj (.text:ti_sysbios_knl_Swi_restore)
                  00012bf0    00000038     ti_sysbios_config.obj (.text:ti_sysbios_knl_Task_getObjectCheckValue)
                  00012c28    00000038     ti_sysbios_config.obj (.text:ti_sysbios_knl_Task_processVitalTaskFlag)
                  00012c60    00000038     ti_sysbios_config.obj (.text:ti_sysbios_runtime_Startup_exec)
                  00012c98    00000036     api_mac.obj (.text:ApiMac_convertCapabilityInfo)
                  00012cce    00000036     drivers_cc26x2.a : LED.oem4f (.text:LED_setOn)
                  00012d04    00000036                      : UART2.oem4f (.text:UART2_rxDisable)
                  00012d3a    00000036                      : UDMACC26XX.oem4f (.text:UDMACC26XX_close)
                  00012d70    00000034     ti_sysbios_config.obj (.text:ClockP_construct)
                  00012da4    00000034     driverlib.lib : aes.obj (.text:NOROM_AESStartDMAOperation)
                  00012dd8    00000034                   : sys_ctrl.obj (.text:NOROM_SysCtrlIdle)
                  00012e0c    00000034     nvocmp.obj (.text:NVOCMP_verifyCRC$15)
                  00012e40    00000034     rf_multiMode_cc26x2.a : RFCC26X2_multiMode.c.cc26x2.ccs.o (.text:RF_powerConstraintRelease)
                  00012e74    00000034                           : RFCC26X2_multiMode.c.cc26x2.ccs.o (.text:RF_runDirectImmediateCmd)
                  00012ea8    00000034     drivers_cc26x2.a : RingBuf.oem4f (.text:RingBuf_getConsume)
                  00012edc    00000034                      : RingBuf.oem4f (.text:RingBuf_putPointer)
                  00012f10    00000034     ssf.obj (.text:Ssf_setPollClock)
                  00012f44    00000034     ssf.obj (.text:Ssf_setReadingClock)
                  00012f78    00000034     ssf.obj (.text:Ssf_setScanBackoffClock)
                  00012fac    00000034     ssf.obj (.text:assocAction$7)
                  00012fe0    00000034     maclib_secure_cc26x2_2_4g_tirtos7.a : mac_hl_patch.obj (.text:macCheckPhyRate)
                  00013014    00000034                                         : mac_low_level.obj (.text:macLowLevelDiags)
                  00013048    00000034                                         : mac.obj (.text:macRatDisableChannelB)
                  0001307c    00000034                                         : mac_rx_onoff.obj (.text:macRxOff)
                  000130b0    00000034                                         : mac.obj (.text:macStopCmd)
                  000130e4    00000034                                         : mac_symbol_timer.obj (.text:macSymbolTimerCount)
                  00013118    00000034                                         : mac_tx.obj (.text:macTxAckNotReceivedCallback)
                  0001314c    00000034     rtsv7M4_T_le_v4SPD16_eabi.lib : strncpy.c.obj (.text:strncpy)
                  00013180    00000034     ti_sysbios_config.obj (.text:ti_sysbios_family_arm_m3_Hwi_Instance_finalize)
                  000131b4    00000034     ti_sysbios_config.obj (.text:ti_sysbios_knl_Task_unblockI)
                  000131e8    00000034     ti_sysbios_config.obj (.text:ti_sysbios_runtime_Error_raiseX)
                  0001321c    00000034     ti_sysbios_config.obj (.text:ti_sysbios_runtime_System_atexit)
                  00013250    00000034     ti_sysbios_config.obj (.text:ti_sysbios_runtime_System_processAtExit)
                  00013284    00000034     drivers_cc26x2.a : TemperatureCC26X2.oem4f (.text:updateThresholds)
                  000132b8    00000032     maclib_osal_tirtos7_cc13x2_26x2.a : osal_port.obj (.text:OsalPort_msgExtract)
                  000132ea    00000032     ti_sysbios_config.obj (.text:ti_sysbios_family_arm_cc26xx_Timer_setNextTick)
                  0001331c    00000032     ti_sysbios_config.obj (.text:ti_sysbios_gates_GateMutexPri_insertPri)
                  0001334e    00000002     --HOLE-- [fill = 0]
                  00013350    00000030     ti_sysbios_config.obj (.text:BIOS_atExitFunc)
                  00013380    00000030     ti_drivers_config.obj (.text:Board_wakeUpExtFlash)
                  000133b0    00000030     nvocmp.obj (.text:NVOCMP_changePageState$15)
                  000133e0    00000030     drivers_cc26x2.a : NVSCC26XX.oem4f (.text:NVSCC26XX_erase)
                  00013410    00000030                      : PowerCC26X2.oem4f (.text:Power_releaseConstraint)
                  00013440    00000030                      : PowerCC26X2.oem4f (.text:Power_setConstraint)
                  00013470    00000030     ti_sysbios_config.obj (.text:SemaphoreP_construct)
                  000134a0    00000030     driverlib.lib : osc.obj (.text:SpecialCapArrayWorkaroundEnabledAndNeeded$43)
                  000134d0    00000030     drivers_cc26x2.a : TRNGCC26XX.oem4f (.text:TRNGCC26XX_fillEntropyPool)
                  00013500    00000030                      : TRNGCC26XX.oem4f (.text:TRNG_generateKey)
                  00013530    00000030                      : TemperatureCC26X2.oem4f (.text:Temperature_unregisterNotify)
                  00013560    00000030     ssf.obj (.text:disassocAction$7)
                  00013590    00000030     maclib_secure_cc26x2_2_4g_tirtos7.a : mac_radio.obj (.text:macRadioSetPanCoordinator)
                  000135c0    00000030                                         : mac_rx_onoff.obj (.text:macRxHardDisable)
                  000135f0    00000030                                         : mac_symbol_timer.obj (.text:macSymbolTimerBCWakeUp)
                  00013620    00000030                                         : mac_symbol_timer.obj (.text:macSymbolTimerICallTimerCback)
                  00013650    00000030                                         : mac_timer.obj (.text:macTimerCheckUnAlignedQ)
                  00013680    00000030     ti_sysbios_config.obj (.text:ti_sysbios_family_arm_cc26xx_Timer_getCurrentTick)
                  000136b0    00000030     ti_sysbios_config.obj (.text:ti_sysbios_knl_ClockSupport_init)
                  000136e0    00000030     ti_sysbios_config.obj (.text:ti_sysbios_knl_Clock_Instance_init)
                  00013710    00000030     ti_sysbios_config.obj (.text:ti_sysbios_knl_Clock_getTicksUntilInterrupt)
                  00013740    00000030     ti_sysbios_config.obj (.text:ti_sysbios_knl_Swi_init)
                  00013770    00000030     ti_sysbios_config.obj (.text:ti_sysbios_knl_Swi_setPri)
                  000137a0    00000030     ti_sysbios_config.obj (.text:ti_sysbios_knl_TaskSupport_start)
                  000137d0    00000030     ti_sysbios_config.obj (.text:ti_sysbios_knl_Task_restore)
                  00013800    0000002e     maclib_osal_tirtos7_cc13x2_26x2.a : osal_port.obj (.text:OsalPort_msgDequeue)
                  0001382e    0000002e                                       : osal_port.obj (.text:OsalPort_msgEnqueue)
                  0001385c    0000002e     rf_multiMode_cc26x2.a : RFCC26X2_multiMode.c.cc26x2.ccs.o (.text:RF_queueEnd)
                  0001388a    0000002e     drivers_cc26x2.a : UART2CC26X2.oem4f (.text:UART2Support_enableInts)
                  000138b8    0000002e     ti_sysbios_config.obj (.text:ti_sysbios_family_arm_m3_Hwi_initStack)
                  000138e6    00000002     --HOLE-- [fill = 0]
                  000138e8    0000002c     drivers_cc26x2.a : GPIOCC26XX.oem4f (.text:GPIO_setInterruptConfig)
                  00013914    0000002c     ti_sysbios_config.obj (.text:MemAlloc_alloc)
                  00013940    0000002c     drivers_cc26x2.a : NVS.oem4f (.text:NVS_init)
                  0001396c    0000002c     rf_multiMode_cc26x2.a : RFCC26X2_multiMode.c.cc26x2.ccs.o (.text:RF_executeDirectImmediateCmd)
                  00013998    0000002c     ssf.obj (.text:Ssf_clearNetworkInfo)
                  000139c4    0000002c     drivers_cc26x2.a : TRNGCC26XX.oem4f (.text:TRNGCC26XX_stopTrng)
                  000139f0    0000002c     rf_multiMode_cc26x2.a : rf_patch_cpe_ieee_802_15_4.c.cc26x2.ccs.o (.text:applyIeee802154Patch)
                  00013a1c    0000002c     maclib_secure_cc26x2_2_4g_tirtos7.a : mac_rx_onoff.obj (.text:macRxSoftDisable)
                  00013a48    0000002c                                         : mac_rx_onoff.obj (.text:macRxSoftEnable)
                  00013a74    0000002c                                         : mac_symbol_timer.obj (.text:macSymbolTimerSetRollover)
                  00013aa0    0000002c                                         : saddr.obj (.text:sAddrCmp)
                  00013acc    0000002c     ti_sysbios_config.obj (.text:ti_sysbios_knl_Semaphore_pendTimeout)
                  00013af8    0000002c     ti_sysbios_config.obj (.text:ti_sysbios_knl_Task_init)
                  00013b24    0000002c     ti_sysbios_config.obj (.text:ti_sysbios_runtime_System_putchar)
                  00013b50    0000002a     drivers_cc26x2.a : List.oem4f (.text:List_insert)
                  00013b7a    0000002a     maclib_secure_cc26x2_2_4g_tirtos7.a : mac_autopend.obj (.text:MAC_SrcMatchDeleteEntry)
                  00013ba4    0000002a     rf_multiMode_cc26x2.a : RFCC26X2_multiMode.c.cc26x2.ccs.o (.text:RF_searchAndReplacePAOverride)
                  00013bce    0000002a     drivers_cc26x2.a : RingBuf.oem4f (.text:RingBuf_getPointer)
                  00013bf8    0000002a     maclib_secure_cc26x2_2_4g_tirtos7.a : mac_radio.obj (.text:radioComputeED)
                  00013c22    0000002a     ti_sysbios_config.obj (.text:ti_sysbios_knl_Clock_getTimeout)
                  00013c4c    00000028     ti_sysbios_config.obj (.text:BIOS_init)
                  00013c74    00000028     ti_sysbios_config.obj (.text:BIOS_rtsLock)
                  00013c9c    00000028     cui.obj (.text:CUI_publicAPIChecks$3)
                  00013cc4    00000028     drivers_cc26x2.a : GPIOCC26XX.oem4f (.text:GPIO_setMux)
                  00013cec    00000028     rf_multiMode_cc26x2.a : rfc.c.cc26x2.ccs.o (.text:NOROM_RFCOverrideSearch)
                  00013d14    00000028     nvocmp.obj (.text:NVOCMP_setCompactHdr$15)
                  00013d3c    00000028     drivers_cc26x2.a : PowerCC26X2.oem4f (.text:Power_registerNotify)
                  00013d64    00000028     rf_multiMode_cc26x2.a : RFCC26X2_multiMode.c.cc26x2.ccs.o (.text:RF_calculateDeltaTimeUs)
                  00013d8c    00000028     cui.obj (.text:UartWriteCallback$3)
                  00013db4    00000028     maclib_secure_cc26x2_2_4g_tirtos7.a : mac_rx_onoff.obj (.text:macRxEnable)
                  00013ddc    00000028     drivers_cc26x2.a : PowerCC26X2.oem4f (.text:oscillatorISR)
                  00013e04    00000028                      : NVSCC26XX.oem4f (.text:restoreFlashCache)
                  00013e2c    00000028     ti_sysbios_config.obj (.text:ti_sysbios_family_arm_m3_Hwi_construct)
                  00013e54    00000028     sysbios.a : Hwi_asm.obj (.text:ti_sysbios_family_arm_m3_Hwi_excHandlerAsm)
                  00013e7c    00000028     ti_sysbios_config.obj (.text:ti_sysbios_knl_Semaphore_Instance_init)
                  00013ea4    00000028     ti_sysbios_config.obj (.text:ti_sysbios_knl_Task_moduleStateCheck)
                  00013ecc    00000028     ti_sysbios_config.obj (.text:ti_sysbios_knl_Task_restoreHwi)
                  00013ef4    00000026     drivers_cc26x2.a : List.oem4f (.text:List_put)
                  00013f1a    00000026                      : List.oem4f (.text:List_putHead)
                  00013f40    00000026                      : List.oem4f (.text:List_remove)
                  00013f66    00000026     rtsv7M4_T_le_v4SPD16_eabi.lib : strncat.c.obj (.text:strncat)
                  00013f8c    00000026     sysbios.a : Hwi_asm.obj (.text:ti_sysbios_family_arm_m3_Hwi_pendSV)
                  00013fb2    00000026     ti_sysbios_config.obj (.text:ti_sysbios_runtime_System_vprintf)
                  00013fd8    00000024     ti_sysbios_config.obj (.text:BIOS_registerRTSLock)
                  00013ffc    00000024     driverlib.lib : osc.obj (.text:NOROM_OSCHF_TurnOnXosc)
                  00014020    00000024     rf_multiMode_cc26x2.a : rfc.c.cc26x2.ccs.o (.text:NOROM_RFCDoorbellSendTo)
                  00014044    00000024                           : RFCC26X2_multiMode.c.cc26x2.ccs.o (.text:RF_cmdAlloc)
                  00014068    00000024                           : RFCC26X2_multiMode.c.cc26x2.ccs.o (.text:RF_invokeGlobalCallback)
                  0001408c    00000024     ti_sysbios_config.obj (.text:SemaphoreP_createBinary)
                  000140b0    00000024     ssf.obj (.text:Ssf_displayError)
                  000140d4    00000024     drivers_cc26x2.a : PowerCC26X2_calibrateRCOSC.oem4f (.text:getTdcSemaphore)
                  000140f8    00000024     maclib_secure_cc26x2_2_4g_tirtos7.a : mac_radio.obj (.text:macRadioSwInit)
                  0001411c    00000024                                         : mac.obj (.text:macSetupFsCmd)
                  00014140    00000024                                         : mac_symbol_timer.obj (.text:macSymbolTimerPowerDown)
                  00014164    00000024                                         : mac_timer.obj (.text:macTimer)
                  00014188    00000024     rtsv7M4_T_le_v4SPD16_eabi.lib : memcmp.c.obj (.text:memcmp)
                  000141ac    00000024     ti_sysbios_config.obj (.text:ti_sysbios_family_arm_cc26xx_Timer_getMaxTicks)
                  000141d0    00000024     ti_sysbios_config.obj (.text:ti_sysbios_family_arm_m3_Hwi_setPriority)
                  000141f4    00000024     ti_sysbios_config.obj (.text:ti_sysbios_gates_GateMutexPri_Instance_init)
                  00014218    00000024     ti_sysbios_config.obj (.text:ti_sysbios_knl_Task_allBlockedFunction)
                  0001423c    00000024     ti_sysbios_config.obj (.text:ti_sysbios_knl_Task_enter)
                  00014260    00000024     maclib_secure_cc26x2_2_4g_tirtos7.a : mac_tx.obj (.text:txGo$25)
                  00014284    00000022     ti_drivers_config.obj (.text:Board_init)
                  000142a6    00000022     drivers_cc26x2.a : LED.oem4f (.text:LED_stopBlinking)
                  000142c8    00000022                      : List.oem4f (.text:List_get)
                  000142ea    00000022     maclib_osal_tirtos7_cc13x2_26x2.a : osal_port.obj (.text:OsalPort_msgAllocate)
                  0001430c    00000020     ti_sysbios_config.obj (.text:BIOS_removeRTSLock)
                  0001432c    00000020     ti_sysbios_config.obj (.text:BIOS_rtsUnlock)
                  0001434c    00000020     cui.obj (.text:CUI_getClientIndex$3)
                  0001436c    00000020     cui.obj (.text:CUI_updateRemLen$3)
                  0001438c    00000020     maclib_secure_cc26x2_2_4g_tirtos7.a : mac_autopend.obj (.text:MAC_SrcMatchAckAllPending)
                  000143ac    00000020     nvocmp.obj (.text:NVOCMP_readByte$15)
                  000143cc    00000020     maclib_osal_tirtos7_cc13x2_26x2.a : osal_port.obj (.text:OsalPort_memcmp)
                  000143ec    00000020                                       : osal_port.obj (.text:OsalPort_msgDeallocate)
                  0001440c    00000020     drivers_cc26x2.a : PowerCC26X2.oem4f (.text:Power_unregisterNotify)
                  0001442c    00000020     rf_multiMode_cc26x2.a : RFCC26X2_multiMode.c.cc26x2.ccs.o (.text:RF_clkPowerUp)
                  0001444c    00000020                           : RFCC26X2_multiMode.c.cc26x2.ccs.o (.text:RF_hwiCpe0ChangePhy)
                  0001446c    00000020                           : RFCC26X2_multiMode.c.cc26x2.ccs.o (.text:RF_isStateTransitionAllowed)
                  0001448c    00000020                           : RFCC26X2_multiMode.c.cc26x2.ccs.o (.text:RF_ratIsRunning)
                  000144ac    00000020                           : RFCC26X2_multiMode.c.cc26x2.ccs.o (.text:RF_setTxPower)
                  000144cc    00000020     ti_sysbios_config.obj (.text:SemaphoreP_constructBinary)
                  000144ec    00000020     sensor.obj (.text:Sensor_sendIdentifyLedRequest)
                  0001450c    00000020     drivers_cc26x2.a : UART2.oem4f (.text:UART2_read)
                  0001452c    00000020     crc.obj (.text:crc_update)
                  0001454c    00000020     maclib_secure_cc26x2_2_4g_tirtos7.a : mac_radio.obj (.text:macGetRadioState)
                  0001456c    00000020                                         : mac_radio.obj (.text:macRadioEnergyDetectStop)
                  0001458c    00000020                                         : mac_radio.obj (.text:macRadioSetIEEEAddr)
                  000145ac    00000020                                         : mac_rx.obj (.text:macRxSFDTimerExpiry)
                  000145cc    00000020     ssf.obj (.text:processKeyChangeCallback$7)
                  000145ec    00000020     ssf.obj (.text:processScanBackoffTimeoutCallback$7)
                  0001460c    00000020     drivers_cc26x2.a : TemperatureCC26X2.oem4f (.text:setTempLowerLimit)
                  0001462c    00000020                      : TemperatureCC26X2.oem4f (.text:setTempUpperLimit)
                  0001464c    00000020     ti_sysbios_config.obj (.text:ti_sysbios_knl_Clock_create)
                  0001466c    00000020     ti_sysbios_config.obj (.text:ti_sysbios_knl_Task_construct)
                  0001468c    0000001e     maclib_osal_tirtos7_cc13x2_26x2.a : osal_port.obj (.text:OsalPort_buildUint32)
                  000146aa    0000001e     drivers_cc26x2.a : PowerCC26X2.oem4f (.text:Power_getTransitionLatency)
                  000146c8    0000001e                      : UART2CC26X2.oem4f (.text:UART2Support_disableRx)
                  000146e6    0000001e     rf_multiMode_cc26x2.a : rf_patch_cpe_ieee_802_15_4.c.cc26x2.ccs.o (.text:configureIeee802154Patch)
                  00014704    0000001e     maclib_secure_cc26x2_2_4g_tirtos7.a : mac_hl_patch.obj (.text:macPibIndex)
                  00014722    0000001e     ssf.obj (.text:moveCursorLeft$7)
                  00014740    0000001e     ssf.obj (.text:moveCursorRight$7)
                  0001475e    0000001e     drivers_cc26x2.a : Button.oem4f (.text:msToTicks)
                  0001477c    0000001e                      : LED.oem4f (.text:msToTicks)
                  0001479a    0000001e     rtsv7M4_T_le_v4SPD16_eabi.lib : ll_asr_t2.asm.obj (.text)
                  000147b8    0000001e     sysbios.a : Hwi_asm_switch.obj (.text:ti_sysbios_family_arm_m3_Hwi_switchAndRunFunc)
                  000147d6    0000001e     ti_sysbios_config.obj (.text:ti_sysbios_knl_Semaphore_create)
                  000147f4    0000001e     ti_sysbios_config.obj (.text:ti_sysbios_knl_Semaphore_destruct)
                  00014812    0000001e     ti_sysbios_config.obj (.text:ti_sysbios_knl_Task_getModuleStateCheckValue)
                  00014830    0000001c     drivers_cc26x2.a : GPIOCC26XX.oem4f (.text:GPIO_read)
                  0001484c    0000001c     jdllc.obj (.text:Jdllc_setChanMask)
                  00014868    0000001c     driverlib.lib : chipinfo.obj (.text:NOROM_ChipInfo_GetChipFamily)
                  00014884    0000001c                   : flash.obj (.text:NOROM_FlashProgram)
                  000148a0    0000001c                   : flash.obj (.text:NOROM_FlashSectorErase)
                  000148bc    0000001c     nvocmp.obj (.text:NVOCMP_writeByte$15)
                  000148d8    0000001c     drivers_cc26x2.a : NVSCC26XX.oem4f (.text:NVSCC26XX_getAttrs)
                  000148f4    0000001c                      : NVSCC26XX.oem4f (.text:NVSCC26XX_lock)
                  00014910    0000001c     rf_multiMode_cc26x2.a : RFCC26X2_multiMode.c.cc26x2.ccs.o (.text:RF_ScheduleCmdParams_init)
                  0001492c    0000001c                           : RFCC26X2_multiMode.c.cc26x2.ccs.o (.text:RF_clkInactivityCallback)
                  00014948    0000001c                           : RFCC26X2_multiMode.c.cc26x2.ccs.o (.text:RF_getPAOverrideOffsetAndValue)
                  00014964    0000001c                           : RFCC26X2_multiMode.c.cc26x2.ccs.o (.text:RF_getRssi)
                  00014980    0000001c                           : RFCC26X2_multiMode.c.cc26x2.ccs.o (.text:RF_powerConstraintSet)
                  0001499c    0000001c     ssf.obj (.text:Ssf_initializeReadingClock)
                  000149b8    0000001c     drivers_cc26x2.a : UDMACC26XX.oem4f (.text:UDMACC26XX_initHw)
                  000149d4    0000001c     cui.obj (.text:UartReadCallback$3)
                  000149f0    0000001c     maclib_secure_cc26x2_2_4g_tirtos7.a : mac_mcu.obj (.text:macMcuTimerCapture)
                  00014a0c    0000001c                                         : mac.obj (.text:macNopBackoffTimerExpiry)
                  00014a28    0000001c                                         : mac_rx.obj (.text:macRxAckTxDoneCallback)
                  00014a44    0000001c                                         : mac_timer.obj (.text:macTimerRemoveTimer)
                  00014a60    0000001c     ssf.obj (.text:processPollTimeoutCallback$7)
                  00014a7c    0000001c     ssf.obj (.text:processReadingTimeoutCallback$7)
[...]
10039ea5  macUpdateCsmPhyParam                                            
10039eb9  macGetCSMPhy                                                    
10039ec1  macNoAction                                                     
10039ec5  MAC_MlmeSetReq                                                  
1003a115  macMRFSKGetPhyDesc                                              
1003a169  MAC_MlmeGetReq                                                  
1003a1b9  MAC_GetPHYParamReq                                              
1003a1f9  MAC_SetPHYParamReq                                              
1003a239  macPibReset                                                     
1003a275  MAC_MlmeGetReqSize                                              
1003a29d  macIEEEGetPhyDesc                                               
1003a2ad  macApiScanReq                                                   
1003a599  macScanRxBeacon                                                 
1003a839  macScanComplete                                                 
1003a8b9  macScanStartTimer                                               
1003a931  macScanCnfInit                                                  
1003a96d  macScanFailedInProgress                                         
1003a99d  MAC_MlmeSetSecurityReq                                          
1003ac6d  macSecurityPibReset                                             
1003af09  MAC_MlmeGetSecurityReq                                          
1003b101  MAC_MlmeGetSecurityReqSize                                      
1003b159  MAC_MlmeGetPointerSecurityReq                                   
1003b199  macSecurityPibIndex                                             
1003b9f1  macUpdatePanId                                                  
1003ba75  macGetEUIIndex                                                  
1003bb81  macGetEUI                                                       
1003c6e9  macWrapperGetDefaultSourceKey                                   
20000000  ti_sysbios_family_arm_m3_Hwi_ramVectors                         
2000010c  RAM_MAC_BASE_ADDR                                               
20001871  Main_assertReason                                               
20001874  macUser0Cfg                                                     
20001888  appTask                                                         
200018e0  Main_user1Cfg                                                   
2000213f  AppTaskId                                                       
20002150  pMacCbackQueryRetransmit                                        
20002154  pMacCbackCheckPending                                           
20002158  macSem                                                          
20002198  macTask                                                         
20002a20  cuiMultiMenu                                                    
20002bd0  menuBuff                                                        
20003480  ti_sysbios_knl_Idle_initDone                                    
20003484  PowerCC26XX_taskKey                                             
20003488  PowerCC26XX_swiKey                                              
2000348c  ti_sysbios_knl_Task_defaultStackHeap                            
20003490  ti_sysbios_runtime_Memory_defaultHeapInstance                   
20003494  ti_sysbios_gates_GateMutexPri_Module_state                      
2000349c  ti_sysbios_heaps_HeapCallback_Module_state                      
200034a4  ti_sysbios_knl_Semaphore_Module_state                           
200034b4  ti_sysbios_family_arm_cc26xx_Timer_Module_state                 
200034c0  ti_sysbios_runtime_Error_ignore                                 
200034cc  ti_sysbios_runtime_System_Module_state                          
200034d8  ti_sysbios_hal_Seconds_Module_state                             
200034ec  BIOS_heapCallbackObject                                         
20003508  BIOS_rtsGate                                                    
20003524  ti_sysbios_knl_Swi_Module_state                                 
2000354c  BIOS_Module_state                                               
20003578  ti_sysbios_family_arm_m3_Hwi_Module_state                       
200035b4  ti_sysbios_knl_Task_Module_state                                
200035f0  ti_sysbios_knl_Idle_taskStruct                                  
20003648  ti_sysbios_knl_ClockSupport_timerStruct                         
200036a8  ti_sysbios_knl_Clock_Module_state                               
20003710  taskCnt                                                         
20003720  heapmgrMemFreeTotal                                             
20003724  heapmgrMemFreeError                                             
20003730  HEAPMGR_SIZE                                                    
20003734  taskTbl                                                         
2000389c  PowerCC26X2_module                                              
20003a0c  Ssf_resetReseason                                               
20003a12  Ssf_resetCount                                                  
20003a40  ssfCuiHndl                                                      
20003a54  sensorStatusLine                                                
20003b60  RF_cmdNop                                                       
20003b70  RF_cmdNopFg                                                     
20003b80  RF_cmdRxAckCmd                                                  
20003b94  RF_cmdFsRx                                                      
20003bac  RF_cmdFsTx                                                      
20003bc4  RF_cmdIEEETx                                                    
20003bdc  RF_cmdRadioSetup                                                
20003bfc  RF_cmdIEEECsma                                                  
20003c1c  RF_cmdIEEERx                                                    
20003c58  initBroadcastMsg                                                
20003c5a  parentFound                                                     
20003c62  Jdllc_events                                                    
20003ca4  Jdllc_statistics                                                
20003d52  Sensor_events                                                   
20003d58  totalE2EDelaySum                                                
20003d5c  endToEndDelay                                                   
20003dac  Sensor_msgStats                                                 
20003e24  gpioPinConfigs                                                  
20003ea0  fhObject                                                        
20003f0c  RF_prop_ieee154                                                 
20003f1c  txPowerTable_2400_pa5                                           
20003f6e  gAction                                                         
20003f6f  NVOCMP_size                                                     
20003f9c  NVOCMP_nvHandle                                                 
20003fcc  ieeeCoexEnabled                                                 
20003fce  rxCmdHandle                                                     
20003fd0  macRfDrvTblPtr                                                  
20003fd4  lastPostCmd                                                     
20003fd8  macSfdDetectCback                                               
20003fdc  macTxTimestamp                                                  
20003fe0  pMacRadioConfig                                                 
20003ff4  macRxOutputIeee                                                 
20004004  macFrmFilter                                                    
20004014  configureSubMenu                                                
20004054  ssfMainMenu                                                     
20004098  pRfMode                                                         
2000409c  pRfPowerTable                                                   
200040a0  pMaxPower                                                       
200040a4  RF_handle                                                       
200040a8  macPhyTxPower                                                   
200040b0  RF_params                                                       
200040d0  appTaskId                                                       
200040d8  appEvents                                                       
200040e0  ApiMac_extAddr                                                  
200040e8  appSem                                                          
20004104  commissionSubMenu                                               
20004138  macBeaconPayload                                                
2000416c  pMacDataTx                                                      
20004170  macDataTxIndirect                                               
20004174  macDataRequeueIndirect                                          
20004178  macDataRxBeaconCritical                                         
2000417c  macDataTxBeaconComplete                                         
20004180  macDataSetSched                                                 
20004184  macDataCheckSched                                               
20004188  macDataCheckTxTime                                              
2000418c  macDataBeaconRequeue                                            
20004190  csmPhy                                                          
20004194  macTimerRollover                                                
20004198  macTimerNewRollover                                             
2000419c  macSpecUsecsPerSymbol                                           
200041a0  macPrevPeriodRatCount                                           
200041a4  macSymbolTimerRollover                                          
200041a8  macSymbolTimerTrigger                                           
200041c4  appSubMenu                                                      
200041ec  macTxSlottedDelayFactor                                         
200041ed  macTxType                                                       
200041ee  macTxBe                                                         
200041ef  macTxGpInterframeDelay                                          
200041f0  txAckReq                                                        
200041f3  txSeqn                                                          
200041f5  numTx                                                           
200041f6  macTxCsmaBackoffDelay                                           
200041f8  macCsmaRtcTimerId                                               
200041fc  macAckDbg                                                       
20004210  _hposcCoeffs                                                    
20004234  macActionSet                                                    
20004278  macBeaconMargin                                                 
20004298  macStateTbl                                                     
200042bc  macCfg                                                          
200042cc  pOverrides_ieee154                                              
200042e4  pClockHandleEDScan                                              
200042e8  lastRatChanA                                                    
200042e9  lastRatChanB                                                    
200042ea  macRxCmdActive                                                  
200042eb  macTxCmdActive                                                  
200042ec  macFsCmdActive                                                  
200042ed  macRxPreempted                                                  
200042ee  numRfCmd                                                        
200042ef  numRxCmd                                                        
200042f0  numRxPostCmd                                                    
200042f1  CryptoResourceCC26XX_pollingFlag                                
200042f4  txCmdHandle                                                     
200042f6  macRadioAckIeeeFrame                                            
200042fc  _lock                                                           
20004300  _unlock                                                         
20004304  RFCC26XX_schedulerPolicy                                        
2000431c  macSrcMatchIsAckAllPending                                      
2000431d  macSrcResIndex                                                  
20004320  macTasksEvents                                                  
20004324  macTxSlottedDelay                                               
20004325  bInSwi                                                          
20004326  macSrcMatchIsEnabled                                            
20004327  macRadioYielded                                                 
2000432c  errno                                                           
20004330  main_func_sp                                                    
20004336  macSleepState                                                   
20004338  ti_sysbios_runtime_Startup_done                                 
20004340  ti_sysbios_knl_Idle_taskStack                                   
20004540  uart2CC26X2Objects                                              
20004838  enhancedAckBuf                                                  
20004934  ti_sysbios_family_arm_m3_Hwi_dispatchTable                      
20004a0c  LEDObjects                                                      
20004ac4  macPib                                                          
20004b4c  gpioCallbackFunctions                                           
20004bc8  gpioUserArgs                                                    
20004c44  macScan                                                         
20004c98  CryptoResourceCC26XX_accessSemaphore                            
20004ce8  CryptoResourceCC26XX_operationSemaphore                         
20004d38  cuiMultiMenuData                                                
20004d84  ButtonObjects                                                   
20004dcc  macSecurityPib                                                  
20004e0c  macBeaconCoord                                                  
20004e48  macDeviceAction1                                                
20004e80  macBeaconDevice                                                 
20004eb4  macMgmtAction1                                                  
20004ee4  macSrcExtAddrList                                               
20004f14  ti_sysbios_knl_Swi_readyQs                                      
20004f44  ti_sysbios_knl_Task_readyQs                                     
20004f74  macCoord                                                        
20004fa0  macDevice                                                       
20004fcc  macRxFilter                                                     
20004fcd  rxPromiscuousMode                                               
20004fd0  rxSeqNum                                                        
20004fd8  macRxDataEntryOffset                                            
20004fdc  rxRadioBufferPtr                                                
20004fe8  macRxDataEntryQueue                                             
20004ff0  coexMetricsStruct                                               
20004ffc  macStatistics                                                   
20005050  macBeacon                                                       
20005070  udmaCC26XXObject                                                
20005100  CryptoResourceCC26XX_hwi                                        
2000511c  macCoordAction2                                                 
20005138  macReset                                                        
20005154  macSrcShortAddrList                                             
20005170  aesccmCC26XXObjects                                             
20005188  macScanAction                                                   
200051c8  macDeviceAction2                                                
200051dc  macMgmtAction2                                                  
200051f0  macBeaconDeviceAction                                           
20005200  macCoordAction3                                                 
20005210  macData                                                         
20005220  macDataTxDelay                                                  
2000523c  macMain                                                         
20005250  macBeaconCoordAction1                                           
20005258  macCoordAction1                                                 
20005260  AESCCM_handle                                                   
20005264  macCryptoDrvTblPtr                                              
20005268  macRxSymbol                                                     
2000526c  macTimerActive                                                  
20005270  nvsCC26XXObjects                                                
20005274  ti_sysbios_runtime_System_atexitHandlers                        
20005278  timerAlignedQ                                                   
2000527c  timerUnalignedQ                                                 
20005282  lastRxPriority                                                  
20005283  lastTxPriority                                                  
20005284  macAckTxActive                                                  
20005285  macMgmt                                                         
20005286  macPanCoordinator                                               
20005287  macPhyChannel                                                   
20005288  macPwr                                                          
20005289  macRxActive                                                     
2000528a  macRxEnableFlags                                                
2000528b  macRxOutgoingAckFlag                                            
2000528c  macSymbolTimerImpending                                         
2000528d  macTaskId                                                       
2000528e  macTxActive                                                     
2000528f  macUnitBackoffPeriod                                            
20005290  rxFhRsl                                                         
20005291  heapStart                                                       
20013aa0  __stack                                                         
20013aa0  heapEnd                                                         
20014000  __STACK_END                                                     
20014000  __STACK_TOP                                                     
ffffffff  __TI_pprof_out_hndl                                             
ffffffff  __TI_prof_data_size                                             
ffffffff  __TI_prof_data_start                                            
ffffffff  __binit__                                                       
ffffffff  binit                                                           
UNDEFED   ITM_flush                                                       
UNDEFED   ITM_restore                                                     
UNDEFED   PIN_hwi_bypass                                                  
UNDEFED   PWM_config                                                      
UNDEFED   PWM_count                                                       
UNDEFED   SHT$$INIT_ARRAY$$Base                                           
UNDEFED   SHT$$INIT_ARRAY$$Limit                                          

[1458 symbols]
