******************************************************************************
                  TI ARM Linker PC v20.2.5                     
******************************************************************************
>> Linked Fri Mar 18 10:04:41 2022

OUTPUT FILE NAME:   <simple_peripheral_LP_CC2652RB_tirtos_ccs.out>
ENTRY POINT SYMBOL: "ResetISR"  address: 000145ed


MEMORY CONFIGURATION

         name            origin    length      used     unused   attr    fill
----------------------  --------  ---------  --------  --------  ----  --------
  FLASH                 00000000   00056000  00020c31  000353cf  R  X
  FLASH_LAST_PAGE       00056000   00002000  00000058  00001fa8  R  X
  RTOS_SRAM             20000000   0000012c  000000e4  00000048  RW X
  SRAM                  20000fdf   00013021  00002e51  000101d0  RW X


SEGMENT ALLOCATION MAP

run origin  load origin   length   init length attrs members
----------  ----------- ---------- ----------- ----- -------
00000000    00000000    0001cc38   0001cc38    r-x
  00000000    00000000    0000003c   0000003c    r-- .resetVecs
  0000003c    0000003c    0001a344   0001a344    r-x .text
  0001a380    0001a380    0000212d   0000212d    r-- .const
  0001c4b0    0001c4b0    00000144   00000144    r-- .rodata
  0001c5f8    0001c5f8    00000640   00000640    r-- .cinit
00048000    00048000    00004000   00000000    rw-
  00048000    00048000    00004000   00000000    rw- .TI.bound:flashBuf0
00057fa8    00057fa8    00000058   00000058    r--
  00057fa8    00057fa8    00000058   00000058    r-- .ccfg
20000100    20000100    0000000c   00000000    rw-
  20000100    20000100    00000004   00000000    rw- .data:xdcRomConstPtr
  20000104    20000104    00000004   00000000    rw- .data:xdcRomExternFuncPtr
  20000108    20000108    00000004   00000000    rw- .data:xdcRomStatePtr
20000fe0    20000fe0    00002a51   00000000    rw-
  20000fe0    20000fe0    00001672   00000000    rw- .data
  20002658    20002658    000013d9   00000000    rw- .bss
20013c00    20013c00    00000400   00000000    rw-
  20013c00    20013c00    00000400   00000000    rw- .stack


SECTION ALLOCATION MAP

 output                                  attributes/
section   page    origin      length       input sections
--------  ----  ----------  ----------   ----------------
.cinit     0    0001c5f8    00000640     
                  0001c5f8    000005eb     (.cinit..data.load) [load image, compression = lzss]
                  0001cbe3    00000001     --HOLE-- [fill = 0]
                  0001cbe4    0000000c     (__TI_handler_table)
                  0001cbf0    00000008     (.cinit..bss.load) [load image, compression = zero_init]
                  0001cbf8    00000008     (.cinit..data:xdcRomConstPtr.load) [load image, compression = lzss]
                  0001cc00    00000008     (.cinit..data:xdcRomExternFuncPtr.load) [load image, compression = lzss]
                  0001cc08    00000008     (.cinit..data:xdcRomStatePtr.load) [load image, compression = lzss]
                  0001cc10    00000028     (__TI_cinit_table)

.init_array 
*          0    00000000    00000000     UNINITIALIZED

.ccfg      0    00057fa8    00000058     
                  00057fa8    00000058     ti_devices_config.obj (.ccfg:retain)

.data:xdcRomConstPtr 
*          0    20000100    00000004     UNINITIALIZED
                  20000100    00000004     simple_peripheral_app_pem4f.oem4f (.data:xdcRomConstPtr)

.data:xdcRomExternFuncPtr 
*          0    20000104    00000004     UNINITIALIZED
                  20000104    00000004     simple_peripheral_app_pem4f.oem4f (.data:xdcRomExternFuncPtr)

.data:xdcRomStatePtr 
*          0    20000108    00000004     UNINITIALIZED
                  20000108    00000004     simple_peripheral_app_pem4f.oem4f (.data:xdcRomStatePtr)

.data      0    20000fe0    00001672     UNINITIALIZED
                  20000fe0    00000508     rf_multiMode_cc26x2.a : RFCC26X2_multiMode.c.cc26x2.ccs.o (.data:$O1$$)
                  200014e8    000001d4     devinfoservice.obj (.data:$O13$$)
                  200016bc    000001a4     simple_peripheral.obj (.data:$O5$$)
                  20001860    00000170     drivers_cc26x2.a : PowerCC26X2.oem4f (.data:PowerCC26X2_module)
                  200019d0    00000124     simple_gatt_profile.obj (.data:$O15$$)
                  20001af4    0000010c     simple_peripheral_app_pem4f.oem4f (.data:ROM_stateStruct)
                  20001c00    000000f8     StackWrapper.a : gapbondmgr.o (.data)
                  20001cf8    000000b0     OneLib.a : gapgattserver.o (.data)
                  20001da8    0000009c     icall.obj (.data:$O16$$)
                  20001e44    00000090     ti_ble_config.obj (.data:$O1$$)
                  20001ed4    0000007c     ti_drivers_config.obj (.data:gpioPinConfigs)
                  20001f50    00000064     OneLib.a : ll_config.o (.data)
                  20001fb4    00000060     ti_radio_config.obj (.data:$O2$$)
                  20002014    00000060     nvocmp.obj (.data:$O8$$)
                  20002074    00000060     ti_radio_config.obj (.data:pOverrides_bleCommon)
                  200020d4    0000004c     simple_peripheral_app_pem4f.oem4f (.data:ti_sysbios_knl_Task_Object__table__V)
                  20002120    00000048     board_key.obj (.data:$O3$$)
                  20002168    00000048     simple_peripheral_app_pem4f.oem4f (.data:ti_sysbios_family_arm_cc26xx_Timer_Object__table__V)
                  200021b0    00000040     OneLib.a : gattservapp.o (.data)
                  200021f0    00000040              : sm_pairing.o (.data)
                  20002230    0000003c     rcosc_calibration.obj (.data:$O4$$)
                  2000226c    0000003c     icall_user_config.obj (.data:nvintfFncStruct)
                  200022a8    00000038     simple_peripheral_app_pem4f.oem4f (.data:ti_sysbios_gates_GateMutex_Object__table__V)
                  200022e0    00000030     simple_peripheral_app_pem4f.oem4f (.data:ti_sysbios_knl_Swi_Module_State_0_readyQ__A)
                  20002310    00000030     simple_peripheral_app_pem4f.oem4f (.data:ti_sysbios_knl_Swi_Object__table__V)
                  20002340    00000030     simple_peripheral_app_pem4f.oem4f (.data:ti_sysbios_knl_Task_Module_State_0_readyQ__A)
                  20002370    00000024     driverlib.lib : osc.obj (.data:$O22$$)
                  20002394    00000024     ble_user_config.obj (.data:eccParams_NISTP256)
                  200023b8    00000020     drivers_cc26x2.a : TRNGCC26XX.oem4f (.data:entropyPoolBuffer)
                  200023d8    00000020     simple_peripheral_app_pem4f.oem4f (.data:ti_sysbios_knl_Clock_Object__table__V)
                  200023f8    00000020     simple_peripheral_app_pem4f.oem4f (.data:xdc_runtime_Error_IgnoreBlock)
                  20002418    0000001c     ti_radio_config.obj (.data:pOverrides_ble2Mbps)
                  20002434    00000018     ti_radio_config.obj (.data:pOverrides_ble1Mbps)
                  2000244c    00000018     simple_peripheral_app_pem4f.oem4f (.data:ti_sysbios_family_arm_m3_Hwi_Object__table__V)
                  20002464    00000014     two_btn_menu.obj (.data:$O7$$)
                  20002478    00000014     StackWrapper.a : osal.o (.data)
                  2000248c    00000014     ti_radio_config.obj (.data:pOverrides_bleCoded)
                  200024a0    00000011     simple_gatt_profile.obj (.data:simpleProfileChar1UserDesp$19)
                  200024b1    00000011     simple_gatt_profile.obj (.data:simpleProfileChar2UserDesp$19)
                  200024c2    00000011     simple_gatt_profile.obj (.data:simpleProfileChar3UserDesp$19)
                  200024d3    00000011     simple_gatt_profile.obj (.data:simpleProfileChar4UserDesp$19)
                  200024e4    00000011     simple_gatt_profile.obj (.data:simpleProfileChar5UserDesp$19)
                  200024f5    00000001     OneLib.a : gapgattserver.o (.data)
                  200024f6    00000002              : ll.o (.data)
                  200024f8    00000010              : gattservapp.o (.data)
                  20002508    00000010              : ll_data.o (.data)
                  20002518    00000010     icall_user_config.obj (.data:bleAppServiceInfoTable)
                  20002528    00000010     main.obj (.data:user0Cfg)
                  20002538    0000000c     simple_peripheral_app_pem4f.oem4f (.data:ti_sysbios_heaps_HeapCallback_Object__table__V)
                  20002544    00000009     devinfoservice.obj (.data)
                  2000254d    00000001     OneLib.a : gapgattserver.o (.data)
                  2000254e    00000002              : ll_config.o (.data)
                  20002550    00000009     drivers_cc26x2.a : PINCC26XX.oem4f (.data)
                  20002559    00000001     OneLib.a : gapgattserver.o (.data)
                  2000255a    00000002     StackWrapper.a : osal_cbtimer.o (.data)
                  2000255c    00000008     icall_cc2650.obj (.data:$O18$$)
                  20002564    00000008     ble_user_config.obj (.data:$O19$$)
                  2000256c    00000008     icall_api_lite.obj (.data:$O20$$)
                  20002574    00000008     rtsv7M4_T_le_v4SPD16_eabi.lib : _lock.c.obj (.data:$O25$$)
                  2000257c    00000008     OneLib.a : gapgattserver.o (.data)
                  20002584    00000008     rf_multiMode_cc26x2.a : RFCC26X2_multiMode.c.cc26x2.ccs.o (.data:RFCC26XX_schedulerPolicy)
                  2000258c    00000008     icall_api_lite.obj (.data)
                  20002594    00000008     drivers_cc26x2.a : TRNGCC26XX.oem4f (.data:jobList)
                  2000259c    00000008     simple_peripheral_app_pem4f.oem4f (.data:ti_sysbios_family_arm_m3_Hwi_Module__root__V)
                  200025a4    00000008     simple_peripheral_app_pem4f.oem4f (.data:ti_sysbios_gates_GateHwi_Module__root__V)
                  200025ac    00000008     simple_peripheral_app_pem4f.oem4f (.data:ti_sysbios_gates_GateMutexPri_Module__root__V)
                  200025b4    00000008     simple_peripheral_app_pem4f.oem4f (.data:ti_sysbios_gates_GateMutex_Module__root__V)
                  200025bc    00000008     simple_peripheral_app_pem4f.oem4f (.data:ti_sysbios_hal_Hwi_Module__root__V)
                  200025c4    00000008     simple_peripheral_app_pem4f.oem4f (.data:ti_sysbios_heaps_HeapCallback_Module__root__V)
                  200025cc    00000008     simple_peripheral_app_pem4f.oem4f (.data:ti_sysbios_heaps_HeapMem_Module__root__V)
                  200025d4    00000008     simple_peripheral_app_pem4f.oem4f (.data:ti_sysbios_knl_Clock_Module__root__V)
                  200025dc    00000008     simple_peripheral_app_pem4f.oem4f (.data:ti_sysbios_knl_Event_Module__root__V)
                  200025e4    00000008     simple_peripheral_app_pem4f.oem4f (.data:ti_sysbios_knl_Mailbox_Module__root__V)
                  200025ec    00000008     simple_peripheral_app_pem4f.oem4f (.data:ti_sysbios_knl_Queue_Module__root__V)
                  200025f4    00000008     simple_peripheral_app_pem4f.oem4f (.data:ti_sysbios_knl_Semaphore_Module__root__V)
                  200025fc    00000008     simple_peripheral_app_pem4f.oem4f (.data:ti_sysbios_knl_Swi_Module__root__V)
                  20002604    00000008     simple_peripheral_app_pem4f.oem4f (.data:ti_sysbios_knl_Task_Module__root__V)
                  2000260c    00000005     drivers_cc26x2.a : TemperatureCC26X2.oem4f (.data)
                  20002611    00000005     simple_gatt_profile.obj (.data)
                  20002616    00000002     drivers_cc26x2.a : CryptoResourceCC26XX.oem4f (.data)
                  20002618    00000004     OneLib.a : ll_slave_end_causes.o (.data)
                  2000261c    00000004     StackWrapper.a : hal_assert.o (.data)
                  20002620    00000004     ble_user_config_stack.obj (.data)
                  20002624    00000004     rtsv7M4_T_le_v4SPD16_eabi.lib : stkdepth_vars.c.obj (.data)
                  20002628    00000004     simple_peripheral_app_pem4f.oem4f (.data:ti_sysbios_family_arm_m3_Hwi_Module_State_0_excContext__A)
                  2000262c    00000004     simple_peripheral_app_pem4f.oem4f (.data:ti_sysbios_family_arm_m3_Hwi_Module_State_0_excStack__A)
                  20002630    00000004     simple_peripheral_app_pem4f.oem4f (.data:ti_sysbios_knl_Task_Module_State_0_idleTask__A)
                  20002634    00000002     drivers_cc26x2.a : PKAResourceCC26XX.oem4f (.data)
                  20002636    00000002                      : TRNGCC26XX.oem4f (.data)
                  20002638    00000002     simple_peripheral_app_pem4f.oem4f (.data:ti_sysbios_family_arm_m3_Hwi_Module_State_0_excActive__A)
                  2000263a    00000001     OneLib.a : gapgattserver.o (.data)
                  2000263b    00000001              : gapgattserver.o (.data)
                  2000263c    00000001              : gapgattserver.o (.data)
                  2000263d    00000001              : gattservapp.o (.data)
                  2000263e    00000001              : gattservapp.o (.data)
                  2000263f    00000001              : ll.o (.data)
                  20002640    00000001              : ll_ae.o (.data)
                  20002641    00000001              : ll_data.o (.data)
                  20002642    00000001              : ll_scheduler.o (.data)
                  20002643    00000001              : sm_task.o (.data)
                  20002644    00000001     StackWrapper.a : gap.o (.data)
                  20002645    00000001                    : gap.o (.data)
                  20002646    00000001                    : hal_assert.o (.data)
                  20002647    00000001     simple_peripheral.obj (.data:argPeriodic)
                  20002648    00000001     simple_peripheral.obj (.data:argRpaRead)
                  20002649    00000001     drivers_cc26x2.a : AESCCMCC26XX.oem4f (.data)
                  2000264a    00000001                      : AESCTRCC26XX.oem4f (.data)
                  2000264b    00000001                      : AESCTRDRBGXX.oem4f (.data)
                  2000264c    00000001                      : AESECBCC26XX.oem4f (.data)
                  2000264d    00000001                      : ECDHCC26X2.oem4f (.data)
                  2000264e    00000001                      : GPIOCC26XX.oem4f (.data)
                  2000264f    00000001                      : NVS.oem4f (.data)
                  20002650    00000001                      : UART.oem4f (.data)
                  20002651    00000001     rf_multiMode_cc26x2.a : rf_patch_cpe_bt5.c.cc26x2.ccs.o (.data)

.bss       0    20002658    000013d9     UNINITIALIZED
                  20002658    00000400     (.common:spTaskStack)
                  20002a58    00000300     simple_peripheral_app_pem4f.oem4f (.bss:taskStackSection)
                  20002d58    000001ac     (.common:uartCC26XXObjects)
                  20002f04    00000004     OneLib.a : gapgattserver.o (.bss)
                  20002f08    00000100              : ll.o (.bss)
                  20003008    000000d8     (.common:ti_sysbios_family_arm_m3_Hwi_dispatchTable)
                  200030e0    00000084     (.common:trngCC26XXObjects)
                  20003164    00000080     ti_drivers_config.obj (.bss:displayUARTBuffer)
                  200031e4    0000007c     (.common:gpioCallbackFunctions)
                  20003260    0000007c     (.common:gpioUserArgs)
                  200032dc    0000007c     (.common:pinHandleTable)
                  20003358    00000078     StackWrapper.a : osal_cbtimer.o (.bss)
                  200033d0    00000064     simple_peripheral_menu.obj (.bss:$O6$$)
                  20003434    00000058     (.common:aesctrdrbgXXObjects)
                  2000348c    00000050     drivers_cc26x2.a : PINCC26XX.oem4f (.bss:pinSemaphore)
                  200034dc    00000050     (.common:CryptoResourceCC26XX_accessSemaphore)
                  2000352c    00000050     (.common:CryptoResourceCC26XX_operationSemaphore)
                  2000357c    00000050     (.common:PKAResourceCC26XX_accessSemaphore)
                  200035cc    00000050     (.common:PKAResourceCC26XX_operationSemaphore)
                  2000361c    00000044     (.common:aesctrCC26XXObjects)
                  20003660    0000003c     StackWrapper.a : osal_snv_wrapper.o (.bss)
                  2000369c    0000003c     drivers_cc26x2.a : PINCC26XX.oem4f (.bss:pinSwi)
                  200036d8    00000028     (.common:aesecbCC26XXObjects)
                  20003700    00000024     OneLib.a : ll.o (.bss)
                  20003724    00000020              : gattservapp.o (.bss)
                  20003744    00000020     StackWrapper.a : gapbondmgr.o (.bss)
                  20003764    00000020                    : gapbondmgr.o (.bss)
                  20003784    00000020     drivers_cc26x2.a : PINCC26XX.oem4f (.bss:pinGpioConfigTable)
                  200037a4    00000020     ti_drivers_config.obj (.bss:uartCC26XXRingBuffer0)
                  200037c4    00000020     (.common:ecdhCC26X2Objects)
                  200037e4    0000001c     drivers_cc26x2.a : TRNGCC26XX.oem4f (.bss:TRNGCC26XX_hwi)
                  20003800    0000001c                      : TemperatureCC26X2.oem4f (.bss:batmonHwi)
                  2000381c    0000001c                      : TRNGCC26XX.oem4f (.bss:entropyPool)
                  20003838    0000001c                      : GPIOCC26XX.oem4f (.bss:gpioHwi)
                  20003854    0000001c                      : PINCC26XX.oem4f (.bss:pinHwi)
                  20003870    0000001c     (.common:CryptoResourceCC26XX_hwi)
                  2000388c    0000001c     (.common:PKAResourceCC26XX_hwi)
                  200038a8    00000018     OneLib.a : gapgattserver.o (.bss)
                  200038c0    00000018              : ll_common.o (.bss)
                  200038d8    00000018     (.common:aesccmCC26XXObjects)
                  200038f0    00000014     rf_multiMode_cc26x2.a : RFCC26X2_multiMode.c.cc26x2.ccs.o (.bss:RF_ratSyncCmd)
                  20003904    00000014     drivers_cc26x2.a : Random.oem4f (.bss:state)
                  20003918    00000010     OneLib.a : ll.o (.bss)
                  20003928    00000010     util.obj (.bss:str$1$8)
                  20003938    0000000c     OneLib.a : ll.o (.bss)
                  20003944    0000000c              : ll.o (.bss)
                  20003950    0000000c              : ll_scheduler.o (.bss)
                  2000395c    0000000c     drivers_cc26x2.a : NVSCC26XX.oem4f (.bss)
                  20003968    0000000c     (.common:displayUartObject)
                  20003974    00000008     OneLib.a : ll.o (.bss)
                  2000397c    00000008              : ll.o (.bss)
                  20003984    00000008              : ll_ae.o (.bss)
                  2000398c    00000008     drivers_cc26x2.a : TemperatureCC26X2.oem4f (.bss:notificationList)
                  20003994    00000004     OneLib.a : gattservapp.o (.bss)
                  20003998    00000004              : linkdb.o (.bss)
                  2000399c    00000004              : ll.o (.bss)
                  200039a0    00000004              : ll.o (.bss)
                  200039a4    00000004              : ll.o (.bss)
                  200039a8    00000004              : ll.o (.bss)
                  200039ac    00000004              : ll.o (.bss)
                  200039b0    00000004              : ll_ae.o (.bss)
                  200039b4    00000004              : ll_common.o (.bss)
                  200039b8    00000004              : ll_enc.o (.bss)
                  200039bc    00000004              : ll_privacy.o (.bss)
                  200039c0    00000004     StackWrapper.a : gapbondmgr.o (.bss)
                  200039c4    00000004                    : gapbondmgr.o (.bss)
                  200039c8    00000004                    : osal.o (.bss)
                  200039cc    00000004                    : osal.o (.bss)
                  200039d0    00000004                    : osal.o (.bss)
                  200039d4    00000004                    : osal.o (.bss)
                  200039d8    00000004                    : osal.o (.bss)
                  200039dc    00000004                    : osal.o (.bss)
                  200039e0    00000004                    : osal_bufmgr.o (.bss)
                  200039e4    00000004                    : osal_clock.o (.bss)
                  200039e8    00000004                    : osal_clock.o (.bss)
                  200039ec    00000004                    : osal_timers.o (.bss)
                  200039f0    00000004                    : osal_timers.o (.bss)
                  200039f4    00000004                    : osal_timers.o (.bss)
                  200039f8    00000004     drivers_cc26x2.a : ECDHCC26X2.oem4f (.bss)
                  200039fc    00000004                      : PINCC26XX.oem4f (.bss)
                  20003a00    00000004     (.common:PowerCC26XX_swiKey)
                  20003a04    00000004     (.common:PowerCC26XX_taskKey)
                  20003a08    00000004     (.common:nvsCC26XXObjects)
                  20003a0c    00000004     (.common:tasksEvents)
                  20003a10    00000002     OneLib.a : gapgattserver.o (.bss)
                  20003a12    00000002              : ll.o (.bss)
                  20003a14    00000002              : ll_slave_end_causes.o (.bss)
                  20003a16    00000002     StackWrapper.a : osal_pwrmgr.o (.bss)
                  20003a18    00000001     OneLib.a : gapgattserver.o (.bss)
                  20003a19    00000001              : gattservapp.o (.bss)
                  20003a1a    00000001              : hci_tl.o (.bss)
                  20003a1b    00000001              : hci_tl.o (.bss)
                  20003a1c    00000001              : hci_tl.o (.bss)
                  20003a1d    00000001              : hci_tl.o (.bss)
                  20003a1e    00000001              : hci_tl.o (.bss)
                  20003a1f    00000001              : hci_tl.o (.bss)
                  20003a20    00000001              : ll.o (.bss)
                  20003a21    00000001              : ll.o (.bss)
                  20003a22    00000001              : ll.o (.bss)
                  20003a23    00000001              : ll.o (.bss)
                  20003a24    00000001              : ll_ae.o (.bss)
                  20003a25    00000001              : ll_config.o (.bss)
                  20003a26    00000001              : ll_config.o (.bss)
                  20003a27    00000001              : ll_enc.o (.bss)
                  20003a28    00000001              : ll_isr.o (.bss)
                  20003a29    00000001              : sm_task.o (.bss)
                  20003a2a    00000001     StackWrapper.a : ble_dispatch_lite.o (.bss)
                  20003a2b    00000001                    : gapbondmgr.o (.bss)
                  20003a2c    00000001                    : gapbondmgr.o (.bss)
                  20003a2d    00000001                    : hal_assert.o (.bss)
                  20003a2e    00000001                    : osal.o (.bss)
                  20003a2f    00000001                    : osal_pwrmgr.o (.bss)
                  20003a30    00000001     rf_multiMode_cc26x2.a : RFCC26X2_multiMode.c.cc26x2.ccs.o (.bss)

.vtable    0    20003a31    00000000     UNINITIALIZED

.vtable_ram 
*          0    20003a31    00000000     UNINITIALIZED

vtable_ram 
*          0    20003a31    00000000     UNINITIALIZED

.sysmem    0    20003a31    00000000     UNINITIALIZED

.nonretenvar 
*          0    20003a31    00000000     UNINITIALIZED

.stack     0    20013c00    00000400     UNINITIALIZED
                  20013c00    00000400     --HOLE--

.bootVecs 
*          0    00000000    00000008     DSECT
                  00000000    00000008     boot.aem4f : boot.oem4f (.bootVecs)

.resetVecs 
*          0    00000000    0000003c     
                  00000000    0000003c     simple_peripheral_app_pem4f.oem4f (.resetVecs)

.vecs      0    20000000    000000d8     NOLOAD SECTION
                  20000000    000000d8     simple_peripheral_app_pem4f.oem4f (.vecs)

xdc.meta   0    00000000    00000113     COPY SECTION
                  00000000    00000113     simple_peripheral_app_pem4f.oem4f (xdc.meta)

xdc.noload 
*          0    00000000    00000000     COPY SECTION

.TI.bound:flashBuf0 
*          0    00048000    00004000     UNINITIALIZED
                  00048000    00004000     ti_drivers_config.obj (.TI.bound:flashBuf0)

.text      0    0000003c    0001a344     
                  0000003c    00000d38     simple_peripheral.obj (.text:SimplePeripheral_taskFxn$5)
                  00000d74    00000b60     StackWrapper.a : gapbondmgr.o (.text)
                  000018d4    000006f8     OneLib.a : ll_adv_end_causes.o (.text)
                  00001fcc    00000658     StackWrapper.a : gapbondmgr.o (.text)
                  00002624    00000528     simple_peripheral.obj (.text:SimplePeripheral_processGapMessage$5)
                  00002b4c    000004f0     OneLib.a : ll_ae.o (.text)
                  0000303c    000004c0     rf_multiMode_cc26x2.a : RFCC26X2_multiMode.c.cc26x2.ccs.o (.text:RF_fsmActiveState)
                  000034fc    00000488     OneLib.a : ll_slave_end_causes.o (.text)
                  00003984    00000470              : ll_isr.o (.text)
                  00003df4    00000448              : ll.o (.text)
                  0000423c    000003c8              : ble.o (.text)
                  00004604    000003c8              : ll_scheduler.o (.text)
                  000049cc    000003c4              : ll_slave_end_causes.o (.text)
                  00004d90    00000348              : ll_ae.o (.text)
                  000050d8    00000334              : ll_scheduler.o (.text)
                  0000540c    00000330              : ll_ae.o (.text)
                  0000573c    00000320              : ll.o (.text)
                  00005a5c    000002d4              : ll_isr.o (.text)
                  00005d30    00000298     rf_multiMode_cc26x2.a : RFCC26X2_multiMode.c.cc26x2.ccs.o (.text:RF_open)
                  00005fc8    00000298     StackWrapper.a : gapbondmgr.o (.text)
                  00006260    00000274     OneLib.a : ll_ae.o (.text)
                  000064d4    00000268              : ll_isr.o (.text)
                  0000673c    0000025c     nvocmp.obj (.text:NVOCMP_addItem$10)
                  00006998    0000025c     OneLib.a : ll_common.o (.text)
                  00006bf4    0000025c     StackWrapper.a : gapbondmgr.o (.text)
                  00006e50    00000248     OneLib.a : ll_data.o (.text)
                  00007098    0000022c     drivers_cc26x2.a : ECDHCC26X2.oem4f (.text:ECDHCC26X2_runFSM)
                  000072c4    0000021c     nvocmp.obj (.text:NVOCMP_initNv$10)
                  000074e0    00000218     drivers_cc26x2.a : PINCC26XX.oem4f (.text:PIN_init)
                  000076f8    00000210     rf_multiMode_cc26x2.a : RFCC26X2_multiMode.c.cc26x2.ccs.o (.text:RF_scheduleCmd)
                  00007908    00000204     OneLib.a : gattservapp.o (.text)
                  00007b0c    000001f8     osal_icall_ble.obj (.text:stack_main)
                  00007d04    000001e8     OneLib.a : ll.o (.text)
                  00007eec    000001e0     StackWrapper.a : osal.o (.text)
                  000080cc    000001dc     rf_multiMode_cc26x2.a : RFCC26X2_multiMode.c.cc26x2.ccs.o (.text:RF_dispatchNextCmd)
                  000082a8    000001bc     main.obj (.text:AssertHandler)
                  00008464    000001a8     OneLib.a : ll_scheduler.o (.text)
                  0000860c    00000198     drivers_cc26x2.a : PowerCC26X2.oem4f (.text:Power_sleep)
                  000087a4    00000196     OneLib.a : ll_common.o (.text)
                  0000893a    00000002     ti_drivers_config.obj (.text:Board_initHook)
                  0000893c    00000190     drivers_cc26x2.a : PowerCC26X2_calibrateRCOSC.oem4f (.text:calibrateRcoscHf1)
                  00008acc    0000018c                      : PowerCC26X2_calibrateRCOSC.oem4f (.text:runCalibrateFsm)
                  00008c58    00000188     nvocmp.obj (.text:NVOCMP_compact$10)
                  00008de0    00000184     simple_peripheral.obj (.text:SimplePeripheral_doAutoConnect)
                  00008f64    00000184     icall.obj (.text:icall_directAPI)
                  000090e8    00000180     OneLib.a : ll_ae.o (.text)
                  00009268    0000017c              : ll_isr.o (.text)
                  000093e4    00000178              : ll_scheduler.o (.text)
                  0000955c    00000174              : gattservapp.o (.text)
                  000096d0    0000016c     drivers_cc26x2.a : PowerCC26X2.oem4f (.text:Power_init)
                  0000983c    0000016c     driverlib.lib : osc.obj (.text:findHposcCoefficients$33)
                  000099a8    00000168     OneLib.a : ll_common.o (.text)
                  00009b10    00000164     drivers_cc26x2.a : AESCTRCC26XX.oem4f (.text:AESCTR_processData)
                  00009c74    00000162     StackWrapper.a : osal.o (.text)
                  00009dd6    00000002     ble_user_config.obj (.text:DefaultAssertCback)
                  00009dd8    00000160     OneLib.a : ll_ae.o (.text)
                  00009f38    00000158     driverlib.lib : sys_ctrl.obj (.text:NOROM_SysCtrlStandby)
                  0000a090    00000158     OneLib.a : ll_common.o (.text)
                  0000a1e8    00000154     rf_multiMode_cc26x2.a : RFCC26X2_multiMode.c.cc26x2.ccs.o (.text:RF_radioOpDoneCb)
                  0000a33c    00000154     drivers_cc26x2.a : UARTCC26XX.oem4f (.text:UARTCC26XX_hwiIntFxn)
                  0000a490    00000150     OneLib.a : gap_task.o (.text)
                  0000a5e0    00000150              : ll_ae.o (.text)
                  0000a730    0000014c              : ll_isr.o (.text)
                  0000a87c    00000148     drivers_cc26x2.a : AESECBCC26XX.oem4f (.text:AESECB_addDataInternal)
                  0000a9c4    00000144     rf_multiMode_cc26x2.a : RFCC26X2_multiMode.c.cc26x2.ccs.o (.text:RF_fsmSetupState)
                  0000ab08    00000144     StackWrapper.a : gap.o (.text)
                  0000ac4c    00000140     OneLib.a : gattservapp.o (.text)
                  0000ad8c    00000140     drivers_cc26x2.a : UARTCC26XX.oem4f (.text:UARTCC26XX_open)
                  0000aecc    0000013c                      : AESCCMCC26XX.oem4f (.text:AESCCM_startOperation)
                  0000b008    0000013a                      : UARTCC26XX.oem4f (.text:UARTCC26XX_read)
                  0000b142    00000002     display_cc26x2.a : DisplayUart.oem4f (.text:DisplayUartAnsi_init)
                  0000b144    00000138     drivers_cc26x2.a : ECDHCC26X2.oem4f (.text:ECDH_computeSharedSecret)
                  0000b27c    00000138                      : NVSCC26XX.oem4f (.text:NVSCC26XX_write)
                  0000b3b4    00000138     rf_multiMode_cc26x2.a : RFCC26X2_multiMode.c.cc26x2.ccs.o (.text:RF_abortCmd)
                  0000b4ec    00000138                           : RFCC26X2_multiMode.c.cc26x2.ccs.o (.text:RF_ratSetupChannel)
                  0000b624    00000130     nvocmp.obj (.text:NVOCMP_compactPage$10)
                  0000b754    00000120     OneLib.a : ll_common.o (.text)
                  0000b874    00000120              : ll_data.o (.text)
                  0000b994    00000120     rf_multiMode_cc26x2.a : RFCC26X2_multiMode.c.cc26x2.ccs.o (.text:RF_close)
                  0000bab4    00000120     drivers_cc26x2.a : PowerCC26X2.oem4f (.text:configureXOSCHF)
                  0000bbd4    0000011c     OneLib.a : ll_isr.o (.text)
                  0000bcf0    00000114              : ll_common.o (.text)
                  0000be04    00000114     drivers_cc26x2.a : PINCC26XX.oem4f (.text:PINCC26XX_setIoCfg)
                  0000bf18    0000010c     OneLib.a : gatt_client.o (.text)
                  0000c024    00000106     simple_peripheral_app_pem4f.oem4f (.text:xdc_runtime_System_printfExtend__I)
                  0000c12a    00000002     rom_init.obj (.text:MAP_HCI_CteRequestFailedEvent)
                  0000c12c    00000104     rf_multiMode_cc26x2.a : RFCC26X2_multiMode.c.cc26x2.ccs.o (.text:RF_hwiCpe0Active)
                  0000c230    00000104     simple_peripheral.obj (.text:SimplePeripheral_doSetConnPhy)
                  0000c334    00000100     nvocmp.obj (.text:NVOCMP_findItem$10)
                  0000c434    000000fe     OneLib.a : ll_scheduler.o (.text)
                  0000c532    00000002     rom_init.obj (.text:MAP_llClearPeriodicAdvSets)
                  0000c534    000000fc     OneLib.a : ll_scheduler.o (.text)
                  0000c630    000000fc     driverlib.lib : setup.obj (.text:TrimAfterColdResetWakeupFromShutDown$31)
                  0000c72c    000000f8                   : setup.obj (.text:NOROM_SetupTrimDevice)
                  0000c824    000000f8     OneLib.a : sm_rsppairing.o (.text)
                  0000c91c    000000f8     rf_multiMode_cc26x2.a : RFCC26X2_multiMode.c.cc26x2.ccs.o (.text:RF_decodeOverridePointers)
                  0000ca14    000000f4     OneLib.a : ll_scheduler.o (.text)
                  0000cb08    000000f4     two_btn_menu.obj (.text:tbm_displayItemPage)
                  0000cbfc    000000f0     OneLib.a : ll_ae.o (.text)
                  0000ccec    000000f0     rf_multiMode_cc26x2.a : RFCC26X2_multiMode.c.cc26x2.ccs.o (.text:RF_fsmPowerUpState)
                  0000cddc    000000ec     OneLib.a : gap_advertiser.o (.text)
                  0000cec8    000000e8     drivers_cc26x2.a : GPIOCC26XX.oem4f (.text:GPIO_init)
                  0000cfb0    000000e4     OneLib.a : gapgattserver.o (.text)
                  0000d094    000000e4              : ll_ae.o (.text)
                  0000d178    000000e0     rf_multiMode_cc26x2.a : RFCC26X2_multiMode.c.cc26x2.ccs.o (.text:RF_control)
                  0000d258    000000e0     StackWrapper.a : osal_timers.o (.text)
                  0000d338    000000e0     drivers_cc26x2.a : UARTCC26XX.oem4f (.text:UARTCC26XX_write)
                  0000d418    000000dc     driverlib.lib : aes.obj (.text:NOROM_AESWriteToKeyStore)
                  0000d4f4    000000dc     OneLib.a : ll_ae.o (.text)
                  0000d5d0    000000d8     rf_multiMode_cc26x2.a : RFCC26X2_multiMode.c.cc26x2.ccs.o (.text:RF_pendCmd)
                  0000d6a8    000000d8     simple_peripheral.obj (.text:SimplePeripheral_menuSwitchCb$5)
                  0000d780    000000d4     drivers_cc26x2.a : ECDHCC26X2.oem4f (.text:ECDH_generatePublicKey)
                  0000d854    000000d2     rf_multiMode_cc26x2.a : RFCC26X2_multiMode.c.cc26x2.ccs.o (.text:RF_updatePaConfiguration)
                  0000d926    00000002     rom_init.obj (.text:MAP_llClearPeriodicScanSets)
                  0000d928    000000d0     simple_peripheral.obj (.text:SimplePeripheral_processParamUpdate$5)
                  0000d9f8    000000cc     OneLib.a : hci_event.o (.text)
                  0000dac4    000000cc     rf_multiMode_cc26x2.a : RFCC26X2_multiMode.c.cc26x2.ccs.o (.text:RF_swiHw)
                  0000db90    000000cc     StackWrapper.a : osal.o (.text)
                  0000dc5c    000000cc     main.obj (.text:main)
                  0000dd28    000000c8     OneLib.a : gap_scanner.o (.text)
                  0000ddf0    000000c8              : gapgattserver.o (.text)
                  0000deb8    000000c8              : ll.o (.text)
                  0000df80    000000c8              : ll_ae.o (.text)
                  0000e048    000000c8     dpl_cc26x2.a : PowerCC26X2_tirtos.oem4f (.text:PowerCC26XX_standbyPolicy)
                  0000e110    000000c4     drivers_cc26x2.a : AESCTRDRBGXX.oem4f (.text:AESCTRDRBG_getRandomBytes)
                  0000e1d4    000000c0     nvocmp.obj (.text:NVOCMP_erase$10)
                  0000e294    000000c0     OneLib.a : ll.o (.text)
                  0000e354    000000c0              : ll_isr.o (.text)
                  0000e414    000000c0     drivers_cc26x2.a : PowerCC26X2.oem4f (.text:Power_releaseDependency)
                  0000e4d4    000000c0     simple_gatt_profile.obj (.text:SimpleProfile_SetParameter)
                  0000e594    000000c0     drivers_cc26x2.a : TRNGCC26XX.oem4f (.text:TRNG_getRandom)
                  0000e654    000000bc                      : AESCTRDRBGXX.oem4f (.text:AESCTRDRBG_construct)
                  0000e710    000000bc     OneLib.a : ble.o (.text)
                  0000e7cc    000000bc              : ll_ecc.o (.text)
                  0000e888    000000bc              : ll_scheduler.o (.text)
                  0000e944    000000bc     rf_multiMode_cc26x2.a : RFCC26X2_multiMode.c.cc26x2.ccs.o (.text:RF_initRadioSetup)
                  0000ea00    000000b8     OneLib.a : ll.o (.text)
                  0000eab8    000000b8              : ll_slave_end_causes.o (.text)
                  0000eb70    000000b8     drivers_cc26x2.a : PowerCC26X2.oem4f (.text:Power_setDependency)
                  0000ec28    000000b8     StackWrapper.a : gapbondmgr.o (.text)
                  0000ece0    000000b8     drivers_cc26x2.a : UARTCC26XX.oem4f (.text:UARTCC26XX_initHw)
                  0000ed98    000000b6     driverlib.lib : osc.obj (.text:multiplyColumns$33)
                  0000ee4e    000000b4     drivers_cc26x2.a : AESCTRDRBGXX.oem4f (.text:AESCTRDRBG_reseed)
                  0000ef02    00000002     rom_init.obj (.text:MAP_llDmmDynamicFree)
                  0000ef04    000000b0     OneLib.a : ll_enc.o (.text)
                  0000efb4    000000b0     devinfoservice.obj (.text:devInfo_ReadAttrCB$16)
                  0000f064    000000ac     display_cc26x2.a : DisplayUart.oem4f (.text:DisplayUartAnsi_clearLines)
                  0000f110    000000ac     drivers_cc26x2.a : ECDHCC26X2.oem4f (.text:ECDHCC26X2_hwiFxn)
                  0000f1bc    000000ac     nvocmp.obj (.text:NVOCMP_initNvApi$10)
                  0000f268    000000ac     OneLib.a : ll_ae.o (.text)
                  0000f314    000000ac     drivers_cc26x2.a : PINCC26XX.oem4f (.text:PIN_open)
                  0000f3c0    000000a8     OneLib.a : hci_data.o (.text)
                  0000f468    000000a8              : ll.o (.text)
                  0000f510    000000a8              : ll_common.o (.text)
                  0000f5b8    000000a8     StackWrapper.a : gapbondmgr.o (.text)
                  0000f660    000000a7     display_cc26x2.a : DisplayUart.oem4f (.text:DisplayUartAnsi_open)
                  0000f707    00000001     --HOLE-- [fill = 0]
                  0000f708    000000a4     OneLib.a : ll_ae.o (.text)
                  0000f7ac    000000a4     rf_multiMode_cc26x2.a : RFCC26X2_multiMode.c.cc26x2.ccs.o (.text:RF_ratRestartChannels)
                  0000f850    000000a4     StackWrapper.a : gapbondmgr.o (.text)
                  0000f8f4    000000a4                    : osal_cbtimer.o (.text)
                  0000f998    000000a4     driverlib.lib : osc.obj (.text:findHposcPc$33)
                  0000fa3c    000000a0     OneLib.a : gattservapp.o (.text)
                  0000fadc    000000a0              : ll_common.o (.text)
                  0000fb7c    000000a0              : ll_scheduler.o (.text)
                  0000fc1c    000000a0     rf_multiMode_cc26x2.a : RFCC26X2_multiMode.c.cc26x2.ccs.o (.text:RF_cmdDispatchTime)
                  0000fcbc    000000a0     auto_init.aem4f : auto_init.oem4f (.text)
                  0000fd5c    000000a0     rom_sysbios.aem4f : rom_sysbios.obj (.text:ti_sysbios_knl_Task_setPri__E)
                  0000fdfc    0000009f     display_cc26x2.a : DisplayUart.oem4f (.text:DisplayUartAnsi_vprintf)
                  0000fe9b    00000001     --HOLE-- [fill = 0]
                  0000fe9c    0000009c     nvocmp.obj (.text:NVOCMP_readHeader$10)
                  0000ff38    0000009c     OneLib.a : ll_common.o (.text)
                  0000ffd4    0000009c              : ll_ecc.o (.text)
                  00010070    0000009c     rf_multiMode_cc26x2.a : RFCC26X2_multiMode.c.cc26x2.ccs.o (.text:RF_hposcRfCompensateFxn)
                  0001010c    0000009c     drivers_cc26x2.a : TRNGCC26XX.oem4f (.text:TRNG_construct)
                  000101a8    0000009c     rtsv7M4_T_le_v4SPD16_eabi.lib : memcpy_t2.asm.obj (.text)
                  00010244    00000098     driverlib.lib : osc.obj (.text:NOROM_OSC_HPOSCInitializeFrequencyOffsetParameters)
                  000102dc    00000098     OneLib.a : gattservapp.o (.text)
                  00010374    00000098              : hci_event.o (.text)
                  0001040c    00000098     rf_multiMode_cc26x2.a : RFCC26X2_multiMode.c.cc26x2.ccs.o (.text:RF_calculateDispatchTime)
                  000104a4    00000098     drivers_cc26x2.a : TRNGCC26XX.oem4f (.text:TRNGCC26XX_hwiFxn)
                  0001053c    00000096     rtsv7M4_T_le_v4SPD16_eabi.lib : ull_div_t2.asm.obj (.text)
                  000105d2    00000002     rom_init.obj (.text:MAP_llDmmSetThreshold)
                  000105d4    00000094     icall.obj (.text:ICall_setTimer)
                  00010668    00000094     OneLib.a : gatt_server.o (.text)
                  000106fc    00000094              : ll.o (.text)
                  00010790    00000094              : ll_common.o (.text)
                  00010824    00000094              : ll_scheduler.o (.text)
                  000108b8    00000092              : gap_task.o (.text)
                  0001094a    00000092     drivers_cc26x2.a : UARTCC26XX.oem4f (.text:UARTCC26XX_writeCancel)
                  000109dc    00000092     driverlib.lib : osc.obj (.text:findDenominator$33)
                  00010a6e    00000002     rom_init.obj (.text:MAP_llMaster_TaskEnd)
                  00010a70    00000090     OneLib.a : ll.o (.text)
                  00010b00    00000090              : ll_ae.o (.text)
                  00010b90    00000090     rf_multiMode_cc26x2.a : RFCC26X2_multiMode.c.cc26x2.ccs.o (.text:RF_discardPendCmd)
                  00010c20    00000090                           : RFCC26X2_multiMode.c.cc26x2.ccs.o (.text:RF_getInfo)
                  00010cb0    00000090     osal_icall_ble.obj (.text:osalInitTasks)
                  00010d40    00000090     simple_gatt_profile.obj (.text:simpleProfile_WriteAttrCB)
                  00010dd0    0000008e     drivers_cc26x2.a : CryptoUtils.oem4f (.text:CryptoUtils_reverseCopyPad)
                  00010e5e    0000008e     driverlib.lib : osc.obj (.text:findNumerator$33)
                  00010eec    0000008c     icall.obj (.text:ICall_heapMalloc)
                  00010f78    0000008c     rom_sysbios.aem4f : rom_sysbios.obj (.text:ti_sysbios_gates_GateMutexPri_enter__E)
                  00011004    0000008a     drivers_cc26x2.a : AESCTRDRBGXX.oem4f (.text:AESCTRDRBGXX_updateState)
                  0001108e    00000088                      : AESCTRCC26XX.oem4f (.text:AESCTR_startOneStepOperation)
                  00011116    00000002     rom_init.obj (.text:MAP_llPeriodicAdv_PostProcess)
                  00011118    00000088     driverlib.lib : osc.obj (.text:NOROM_OSCHF_AttemptToSwitchToXosc)
                  000111a0    00000088     OneLib.a : ll_isr.o (.text)
                  00011228    00000088     StackWrapper.a : osal_cbtimer.o (.text)
                  000112b0    00000088     drivers_cc26x2.a : PowerCC26X2_calibrateRCOSC.oem4f (.text:calibrateRcoscHf2)
                  00011338    00000088                      : PowerCC26X2.oem4f (.text:disableLFClockQualifiers)
                  000113c0    00000088     gattservapp_util.obj (.text:gattServApp_SendNotiInd$18)
                  00011448    00000088     drivers_cc26x2.a : PowerCC26X2_calibrateRCOSC.oem4f (.text:updateSubSecInc)
                  000114d0    00000084     OneLib.a : ll_ae.o (.text)
                  00011554    00000084     rf_multiMode_cc26x2.a : RFCC26X2_multiMode.c.cc26x2.ccs.o (.text:RF_issueRadioFreeCb)
                  000115d8    00000084                           : RFCC26X2_multiMode.c.cc26x2.ccs.o (.text:RF_verifyGap)
                  0001165c    00000084     simple_peripheral.obj (.text:SimplePeripheral_updatePHYStat$5)
                  000116e0    00000084     drivers_cc26x2.a : UARTCC26XX.oem4f (.text:UARTCC26XX_close)
                  00011764    00000084                      : UARTCC26XX.oem4f (.text:writeTxFifoFlush)
                  000117e8    00000080     driverlib.lib : chipinfo.obj (.text:NOROM_ChipInfo_GetChipType)
                  00011868    00000080     drivers_cc26x2.a : NVSCC26XX.oem4f (.text:NVSCC26XX_open)
                  000118e8    00000080     OneLib.a : ll_enc.o (.text)
                  00011968    00000080     rom_sysbios.aem4f : rom_sysbios.obj (.text:ti_sysbios_family_arm_cc26xx_Timer_start__E)
                  000119e8    0000007e     OneLib.a : gap_task.o (.text)
                  00011a66    00000002     rom_init.obj (.text:MAP_llProcessPeriodicScanRxFIFO)
                  00011a68    0000007c     drivers_cc26x2.a : AESCTRCC26XX.oem4f (.text:AESCTR_hwiFxn)
                  00011ae4    0000007c     nvocmp.obj (.text:NVOCMP_readItemApi$10)
                  00011b60    0000007c     OneLib.a : ll_common.o (.text)
                  00011bdc    0000007c     rf_multiMode_cc26x2.a : RFCC26X2_multiMode.c.cc26x2.ccs.o (.text:RF_ratFreeChannel)
                  00011c58    0000007c     StackWrapper.a : gapbondmgr.o (.text)
                  00011cd4    0000007a     OneLib.a : gattservapp.o (.text)
                  00011d4e    0000007a     rtsv7M4_T_le_v4SPD16_eabi.lib : memset_t2.asm.obj (.text)
                  00011dc8    00000078     icall.obj (.text:ICall_heapInit)
                  00011e40    00000078     nvocmp.obj (.text:NVOCMP_checkItem$10)
                  00011eb8    00000078     OneLib.a : ll_common.o (.text)
                  00011f30    00000078     StackWrapper.a : osal_cbtimer.o (.text)
                  00011fa8    00000078     rom_sysbios.aem4f : rom_sysbios.obj (.text:ti_sysbios_heaps_HeapMem_allocUnprotected__E)
                  00012020    00000076     OneLib.a : ll_common.o (.text)
                  00012096    00000076     StackWrapper.a : gap.o (.text)
                  0001210c    00000074     nvocmp.obj (.text:NVOCMP_writeItemApi$10)
                  00012180    00000074     OneLib.a : ll_enc.o (.text)
                  000121f4    00000074     drivers_cc26x2.a : PowerCC26X2_calibrateRCOSC.oem4f (.text:PowerCC26X2_auxISR)
                  00012268    00000074     rf_multiMode_cc26x2.a : RFCC26X2_multiMode.c.cc26x2.ccs.o (.text:RF_ratDisableChannel)
                  000122dc    00000074     rom_sysbios.aem4f : rom_sysbios.obj (.text:ti_sysbios_gates_GateMutexPri_leave__E)
                  00012350    00000072     rf_multiMode_cc26x2.a : RFCC26X2_multiMode.c.cc26x2.ccs.o (.text:RF_detachOverrides)
                  000123c2    00000002     rom_init.obj (.text:MAP_llSetPeriodicSyncInfo)
                  000123c4    00000070     drivers_cc26x2.a : AESCCMCC26XX.oem4f (.text:AESCCM_cleanup)
                  00012434    00000070     icall.obj (.text:ICall_heapGetStats)
                  000124a4    00000070     rf_multiMode_cc26x2.a : rfc.c.cc26x2.ccs.o (.text:NOROM_RFCAnaDivTxOverride)
                  00012514    00000070     nvocmp.obj (.text:NVOCMP_eraseNvApi$10)
                  00012584    00000070     OneLib.a : gatt_server.o (.text)
                  000125f4    00000070              : ll_ae.o (.text)
                  00012664    00000070              : ll_common.o (.text)
                  000126d4    00000070              : ll_enc.o (.text)
                  00012744    00000070     rf_multiMode_cc26x2.a : RFCC26X2_multiMode.c.cc26x2.ccs.o (.text:RF_getCurrentTime)
                  000127b4    00000070     drivers_cc26x2.a : Random.oem4f (.text:Random_seedAutomatic)
                  00012824    00000070     StackWrapper.a : osal.o (.text)
                  00012894    00000070     drivers_cc26x2.a : TemperatureCC26X2.oem4f (.text:Temperature_init)
                  00012904    0000006e     OneLib.a : gatt_server.o (.text)
                  00012972    0000006e     rf_multiMode_cc26x2.a : RFCC26X2_multiMode.c.cc26x2.ccs.o (.text:RF_attachOverrides)
                  000129e0    0000006e                           : RFCC26X2_multiMode.c.cc26x2.ccs.o (.text:RF_howToSchedule)
                  00012a4e    0000006e     rtsv7M4_T_le_v4SPD16_eabi.lib : ll_div_t2.asm.obj (.text)
                  00012abc    0000006d     rom_sysbios.aem4f : rom_sysbios.obj (.text:xdc_runtime_System_formatNum__I)
                  00012b29    00000001     --HOLE-- [fill = 0]
                  00012b2a    00000002     rom_init.obj (.text:MAP_llTerminatePeriodicScan)
                  00012b2c    0000006c     drivers_cc26x2.a : AESCTRCC26XX.oem4f (.text:AESCTR_construct)
                  00012b98    0000006c                      : AESECBCC26XX.oem4f (.text:AESECB_construct)
                  00012c04    0000006c                      : AESECBCC26XX.oem4f (.text:AESECB_hwiFxn)
                  00012c70    0000006c                      : GPIOCC26XX.oem4f (.text:GPIO_setConfig)
                  00012cdc    0000006c     nvocmp.obj (.text:NVOCMP_getDstPage$10)
                  00012d48    0000006c     OneLib.a : ll_isr.o (.text)
                  00012db4    0000006c     rf_multiMode_cc26x2.a : RFCC26X2_multiMode.c.cc26x2.ccs.o (.text:RF_dispatchNextEvent)
                  00012e20    0000006c     simple_peripheral.obj (.text:SimplePeripheral_clearConnListEntry$5)
                  00012e8c    0000006c     StackWrapper.a : osal_cbtimer.o (.text)
                  00012ef8    0000006c     drivers_cc26x2.a : UARTCC26XX.oem4f (.text:UARTCC26XX_initIO)
                  00012f64    00000068                      : AESECBCC26XX.oem4f (.text:AESECB_waitForResult)
                  00012fcc    00000068                      : CryptoUtils.oem4f (.text:CryptoUtils_copyPad)
                  00013034    00000068     icall.obj (.text:ICall_enrollService)
                  0001309c    00000068     icall.obj (.text:ICall_send)
                  00013104    00000068     icall.obj (.text:ICall_sendServiceComplete)
                  0001316c    00000068     driverlib.lib : osc.obj (.text:NOROM_OSCHF_SwitchToRcOscTurnOffXosc)
                  000131d4    00000068     OneLib.a : gap_task.o (.text)
                  0001323c    00000068              : gattservapp.o (.text)
                  000132a4    00000068              : ll.o (.text)
                  0001330c    00000068              : ll_ae.o (.text)
                  00013374    00000068     rf_multiMode_cc26x2.a : RFCC26X2_multiMode.c.cc26x2.ccs.o (.text:RF_hwiHw)
                  000133dc    00000068     StackWrapper.a : osal_timers.o (.text)
                  00013444    00000068     rtsv7M4_T_le_v4SPD16_eabi.lib : copy_decompress_lzss.c.obj (.text:decompress:lzss:__TI_decompress_lzss)
                  000134ac    00000066     OneLib.a : ll_common.o (.text)
                  00013512    00000066     StackWrapper.a : icall_lite_translation.o (.text)
                  00013578    00000064     drivers_cc26x2.a : AESCCMCC26XX.oem4f (.text:AESCCM_waitForResult)
                  000135dc    00000064     nvocmp.obj (.text:NVOCMP_findSignature$10)
                  00013640    00000064     OneLib.a : gapgattserver.o (.text)
                  000136a4    00000064              : gattservapp.o (.text)
                  00013708    00000064              : ll_isr.o (.text)
                  0001376c    00000064              : ll_scheduler.o (.text)
                  000137d0    00000064     drivers_cc26x2.a : UARTCC26XX.oem4f (.text:UARTCC26XX_control)
                  00013834    00000062     gattservapp_util.obj (.text:GATTServApp_ProcessCCCWriteReq)
                  00013896    00000062     rf_multiMode_cc26x2.a : RFCC26X2_multiMode.c.cc26x2.ccs.o (.text:RF_syncCb)
                  000138f8    00000062     drivers_cc26x2.a : UARTCC26XX.oem4f (.text:UARTCC26XX_swiIntFxn)
                  0001395a    00000002     rom_init.obj (.text:MAP_llUpdateCteState)
                  0001395c    00000060     drivers_cc26x2.a : AESCCMCC26XX.oem4f (.text:AESCCM_hwiFxn)
                  000139bc    00000060                      : CryptoResourceCC26XX.oem4f (.text:CryptoResourceCC26XX_constructRTOSObjects)
                  00013a1c    00000060     icall.obj (.text:ICall_createRemoteTasksAtRuntime)
                  00013a7c    00000060     OneLib.a : ll_common.o (.text)
                  00013adc    00000060              : sm_pairing.o (.text)
                  00013b3c    00000060     drivers_cc26x2.a : PKAResourceCC26XX.oem4f (.text:PKAResourceCC26XX_constructRTOSObjects)
                  00013b9c    00000060     rf_multiMode_cc26x2.a : RFCC26X2_multiMode.c.cc26x2.ccs.o (.text:RF_applyRfCorePatch)
                  00013bfc    00000060     StackWrapper.a : gapbondmgr.o (.text)
                  00013c5c    00000060     drivers_cc26x2.a : TRNGCC26XX.oem4f (.text:TRNGCC26XX_startTrng)
                  00013cbc    0000005e     icall.obj (.text:ICall_fetchMsg)
                  00013d1a    0000005e     OneLib.a : ll_common.o (.text)
                  00013d78    0000005c     display_cc26x2.a : Display.oem4f (.text:Display_doOpen)
                  00013dd4    0000005c     icall.obj (.text:ICall_pwrUpdActivityCounter)
                  00013e30    0000005c     nvocmp.obj (.text:NVOCMP_readItem$10)
                  00013e8c    0000005c     OneLib.a : gap_perilinkmgr.o (.text)
                  00013ee8    0000005c              : ll_scheduler.o (.text)
                  00013f44    0000005c              : sm_intpairing.o (.text)
                  00013fa0    0000005c              : sm_rsppairing.o (.text)
                  00013ffc    0000005c     rf_multiMode_cc26x2.a : RFCC26X2_multiMode.c.cc26x2.ccs.o (.text:RF_hwiCpe0PowerFsm)
                  00014058    0000005c     simple_peripheral.obj (.text:SimplePeripheral_updateRPA$5)
                  000140b4    0000005c     drivers_cc26x2.a : NVSCC26XX.oem4f (.text:doErase)
                  00014110    0000005c     simple_gatt_profile.obj (.text:simpleProfile_ReadAttrCB)
                  0001416c    0000005c     drivers_cc26x2.a : UARTCC26XX.oem4f (.text:startTxFifoEmptyClk)
                  000141c8    0000005c     simple_peripheral_app_pem4f.oem4f (.text:xdc_runtime_Startup_getState__I)
                  00014224    00000058     drivers_cc26x2.a : ECDHCC26X2.oem4f (.text:ECDH_construct)
                  0001427c    00000058     icall.obj (.text:ICall_wait)
                  000142d4    00000058     OneLib.a : ll_ae.o (.text)
                  0001432c    00000058              : ll_common.o (.text)
                  00014384    00000058              : ll_enc.o (.text)
                  000143dc    00000058              : ll_isr.o (.text)
                  00014434    00000058              : sm_pairing.o (.text)
                  0001448c    00000058     drivers_cc26x2.a : PowerCC26X2_calibrateRCOSC.oem4f (.text:PowerCC26X2_initiateCalibration)
                  000144e4    00000058     simple_peripheral.obj (.text:SimplePeripheral_enqueueMsg$5)
                  0001453c    00000058     StackWrapper.a : sm_ecc.o (.text)
                  00014594    00000058     drivers_cc26x2.a : TRNGCC26XX.oem4f (.text:TRNG_init)
                  000145ec    00000058     boot.aem4f : boot.oem4f (.text)
                  00014644    00000058     rom_sysbios.aem4f : rom_sysbios.obj (.text:ti_sysbios_heaps_HeapMem_alloc__E)
                  0001469c    00000056     ti_drivers_config.obj (.text:Board_sendExtFlashByte)
                  000146f2    00000056     rf_multiMode_cc26x2.a : RFCC26X2_multiMode.c.cc26x2.ccs.o (.text:RF_defaultSubmitPolicy)
                  00014748    00000054     drivers_cc26x2.a : AESCCMCC26XX.oem4f (.text:AESCCM_construct)
                  0001479c    00000054     ti_drivers_config.obj (.text:Board_shutDownExtFlash)
                  000147f0    00000054     driverlib.lib : prcm.obj (.text:NOROM_PRCMPowerDomainsAllOff)
                  00014844    00000054     nvocmp.obj (.text:NVOCMP_doNVCRC$10)
                  00014898    00000054     drivers_cc26x2.a : NVSCC26XX.oem4f (.text:NVSCC26XX_init)
                  000148ec    00000054     OneLib.a : gattservapp.o (.text)
                  00014940    00000054              : hci_event.o (.text)
                  00014994    00000054              : ll.o (.text)
                  000149e8    00000054              : ll_ae.o (.text)
                  00014a3c    00000054              : ll_ae.o (.text)
                  00014a90    00000054              : ll_ae.o (.text)
                  00014ae4    00000054     rf_multiMode_cc26x2.a : RFCC26X2_multiMode.c.cc26x2.ccs.o (.text:RF_fsmXOSCState)
                  00014b38    00000054     StackWrapper.a : osal_bufmgr.o (.text)
                  00014b8c    00000054     drivers_cc26x2.a : StructRingBuf.oem4f (.text:StructRingBuf_put)
                  00014be0    00000054     dpl_cc26x2.a : SwiP_tirtos.oem4f (.text:SwiP_construct)
                  00014c34    00000054     util.obj (.text:Util_convertBdAddr2Str)
                  00014c88    00000054     rf_multiMode_cc26x2.a : rf_patch_cpe_bt5.c.cc26x2.ccs.o (.text:configureBt5Patch)
                  00014cdc    00000052     OneLib.a : gap_centlinkmgr.o (.text)
                  00014d2e    00000050     drivers_cc26x2.a : AESCTRDRBGXX.oem4f (.text:AESCTRDRBGXX_addBigendCounter)
                  00014d7e    00000002     rom_init.obj (.text:MAP_llUpdatePeriodicAdvChainPacket)
                  00014d80    00000050     drivers_cc26x2.a : GPIOCC26XX.oem4f (.text:GPIO_hwiIntFxn)
                  00014dd0    00000050     nvocmp.obj (.text:NVOCMP_compactNvApi$10)
                  00014e20    00000050     OneLib.a : gap_perilinkmgr.o (.text)
                  00014e70    00000050              : hci_tl.o (.text)
                  00014ec0    00000050              : ll_common.o (.text)
                  00014f10    00000050              : ll_enc.o (.text)
                  00014f60    00000050     StackWrapper.a : osal.o (.text)
                  00014fb0    00000050                    : osal_clock.o (.text)
                  00015000    00000050     drivers_cc26x2.a : TRNGCC26XX.oem4f (.text:TRNGCC26XX_waitForResult)
                  00015050    00000050                      : TemperatureCC26X2.oem4f (.text:Temperature_registerNotifyRange)
                  000150a0    00000050                      : TemperatureCC26X2.oem4f (.text:degreesToCode)
                  000150f0    00000050                      : TemperatureCC26X2.oem4f (.text:walkNotifyList)
                  00015140    0000004e     StackWrapper.a : gap.o (.text)
                  0001518e    00000002     rf_multiMode_cc26x2.a : rfc.c.cc26x2.ccs.o (.text:NOROM_RFCCpePatchReset)
                  00015190    0000004c     icall.obj (.text:ICall_newTask$23)
                  000151dc    0000004c     driverlib.lib : prcm.obj (.text:NOROM_PRCMPowerDomainsAllOn)
                  00015228    0000004c     nvocmp.obj (.text:NVOCMP_loadApiPtrsMin)
                  00015274    0000004c     nvocmp.obj (.text:NVOCMP_setItemInactive$10)
                  000152c0    0000004c     OneLib.a : ble.o (.text)
                  0001530c    0000004c              : gap_scanner.o (.text)
                  00015358    0000004c              : ll_scheduler.o (.text)
                  000153a4    0000004c              : ll_scheduler.o (.text)
                  000153f0    0000004c     rf_multiMode_cc26x2.a : RFCC26X2_multiMode.c.cc26x2.ccs.o (.text:RF_wakeupNotification)
                  0001543c    0000004c     drivers_cc26x2.a : StructRingBuf.oem4f (.text:StructRingBuf_get)
                  00015488    0000004c                      : UARTCC26XX.oem4f (.text:UARTCC26XX_readCancel)
                  000154d4    0000004c     util.obj (.text:Util_constructClock)
                  00015520    0000004c     rtsv7M4_T_le_v4SPD16_eabi.lib : cpy_tbl.c.obj (.text:copy_in)
                  0001556c    00000048     rf_multiMode_cc26x2.a : rfc.c.cc26x2.ccs.o (.text:NOROM_RFCSynthPowerDown)
                  000155b4    00000048     nvocmp.obj (.text:NVOCMP_write$10)
                  000155fc    00000048     drivers_cc26x2.a : NVS.oem4f (.text:NVS_open)
                  00015644    00000048     OneLib.a : att_util.o (.text)
                  0001568c    00000048              : gattservapp.o (.text)
                  000156d4    00000048              : ll.o (.text)
                  0001571c    00000048              : ll.o (.text)
                  00015764    00000048              : ll_common.o (.text)
                  000157ac    00000048     drivers_cc26x2.a : PowerCC26X2_calibrateRCOSC.oem4f (.text:PowerCC26X2_RCOSC_clockFunc)
                  000157f4    00000048                      : PowerCC26X2.oem4f (.text:PowerCC26XX_switchXOSC_HF)
                  0001583c    00000048     rf_multiMode_cc26x2.a : RFCC26X2_multiMode.c.cc26x2.ccs.o (.text:RF_enableHPOSCTemperatureCompensation)
                  00015884    00000048     drivers_cc26x2.a : NVSCC26XX.oem4f (.text:disableFlashCache)
                  000158cc    00000048                      : PowerCC26X2.oem4f (.text:switchXOSCHF)
                  00015914    00000048                      : UARTCC26XX.oem4f (.text:writeFinishedDoCallback)
                  0001595c    00000046                      : RingBuf.oem4f (.text:RingBuf_put)
                  000159a2    00000002     OneLib.a : ll.o (.text)
                  000159a4    00000044     drivers_cc26x2.a : ECDHCC26X2.oem4f (.text:ECDHCC26X2_waitForResult)
                  000159e8    00000044     nvocmp.obj (.text:NVOCMP_getFreeNvApi$10)
                  00015a2c    00000044     drivers_cc26x2.a : NVSCC26XX.oem4f (.text:NVSCC26XX_read)
                  00015a70    00000044     OneLib.a : ll.o (.text)
                  00015ab4    00000044              : ll.o (.text)
                  00015af8    00000044              : ll_ae.o (.text)
                  00015b3c    00000044              : ll_ae.o (.text)
                  00015b80    00000044              : ll_common.o (.text)
                  00015bc4    00000044     drivers_cc26x2.a : PINCC26XX.oem4f (.text:PIN_swi)
                  00015c08    00000044     rf_multiMode_cc26x2.a : RFCC26X2_multiMode.c.cc26x2.ccs.o (.text:RF_updateHpOscOverride)
                  00015c4c    00000044     simple_peripheral.obj (.text:SimplePeripheral_doSelectConn)
                  00015c90    00000044     simple_gatt_profile.obj (.text:SimpleProfile_GetParameter)
                  00015cd4    00000044     StackWrapper.a : osal.o (.text)
                  00015d18    00000044                    : osal_timers.o (.text)
                  00015d5c    00000044     drivers_cc26x2.a : UART.oem4f (.text:UART_init)
                  00015da0    00000042     OneLib.a : ll.o (.text)
                  00015de2    00000042              : ll_common.o (.text)
                  00015e24    00000040     dpl_cc26x2.a : ClockP_tirtos.oem4f (.text:ClockP_construct)
                  00015e64    00000040     drivers_cc26x2.a : ECDHCC26X2.oem4f (.text:ECDHCC26X2_convertReturnValue)
                  00015ea4    00000040                      : ECDHCC26X2.oem4f (.text:ECDHCC26X2_getPublicKeyResult)
                  00015ee4    00000040     driverlib.lib : osc.obj (.text:NOROM_OSC_HPOSCRelativeFrequencyOffsetGet)
                  00015f24    00000040     OneLib.a : gap_configmgr.o (.text)
                  00015f64    00000040              : gattservapp.o (.text)
                  00015fa4    00000040              : linkdb.o (.text)
                  00015fe4    00000040              : ll_common.o (.text)
                  00016024    00000040              : ll_common.o (.text)
                  00016064    00000040              : sm_intpairing.o (.text)
                  000160a4    00000040     drivers_cc26x2.a : PowerCC26X2.oem4f (.text:PowerCC26XX_isStableXOSC_HF)
                  000160e4    00000040     rf_multiMode_cc26x2.a : RFCC26X2_multiMode.c.cc26x2.ccs.o (.text:RF_updatePowerupDuration)
                  00016124    00000040     drivers_cc26x2.a : Random.oem4f (.text:Random_getNumber)
                  00016164    00000040                      : RingBuf.oem4f (.text:RingBuf_get)
                  000161a4    00000040     StackWrapper.a : osal.o (.text)
                  000161e4    00000040                    : osal_bufmgr.o (.text)
                  00016224    00000040                    : osal_bufmgr.o (.text)
                  00016264    00000040                    : osal_timers.o (.text)
                  000162a4    00000040     drivers_cc26x2.a : TRNGCC26XX.oem4f (.text:TRNGCC26XX_copyToClient)
                  000162e4    00000040                      : UART.oem4f (.text:UART_open)
                  00016324    00000040     rtsv7M4_T_le_v4SPD16_eabi.lib : u_divt2.asm.obj (.text)
                  00016364    00000040     drivers_cc26x2.a : TemperatureCC26X2.oem4f (.text:setNextThresholds)
                  000163a4    00000040     rom_sysbios.aem4f : rom_sysbios.obj (.text:ti_sysbios_family_arm_cc26xx_Timer_setThreshold__I)
                  000163e4    00000040                       : rom_sysbios.obj (.text:ti_sysbios_heaps_HeapCallback_Module_startup__E)
                  00016424    0000003e     drivers_cc26x2.a : AESECBCC26XX.oem4f (.text:AESECB_startOperation)
                  00016462    0000003e                      : CryptoUtils.oem4f (.text:CryptoUtils_buffersMatch)
                  000164a0    0000003e     dpl_cc26x2.a : HwiP_tirtos.oem4f (.text:HwiP_construct)
                  000164de    0000003e     OneLib.a : ll_common.o (.text)
                  0001651c    0000003e     simple_peripheral.obj (.text:SimplePeripheral_passcodeCb$5)
                  0001655a    0000003e     drivers_cc26x2.a : TRNGCC26XX.oem4f (.text:TRNGCC26XX_serviceJob)
                  00016598    0000003c     driverlib.lib : osc.obj (.text:InternCapArrayAdjustWithBaseline7001F$33)
                  000165d4    0000003c     nvocmp.obj (.text:NVOCMP_disableCache$10)
                  00016610    0000003c     OneLib.a : gap_linkmgr.o (.text)
                  0001664c    0000003c              : gattservapp.o (.text)
                  00016688    0000003c              : gattservapp.o (.text)
                  000166c4    0000003c              : gattservapp.o (.text)
                  00016700    0000003c              : linkdb.o (.text)
                  0001673c    0000003c              : ll_ae.o (.text)
                  00016778    0000003c     rf_multiMode_cc26x2.a : RFCC26X2_multiMode.c.cc26x2.ccs.o (.text:RF_cmdGet)
                  000167b4    0000003c                           : RFCC26X2_multiMode.c.cc26x2.ccs.o (.text:RF_cmdStoreEvents)
                  000167f0    0000003c     simple_peripheral.obj (.text:SimplePeripheral_createTask)
                  0001682c    0000003c     simple_peripheral.obj (.text:SimplePeripheral_stopAutoPhyChange$5)
                  00016868    0000003c     StackWrapper.a : osal.o (.text)
                  000168a4    0000003c                    : osal.o (.text)
                  000168e0    0000003c                    : osal.o (.text)
                  0001691c    0000003c                    : osal_timers.o (.text)
                  00016958    0000003c                    : sm_ecc.o (.text)
                  00016994    0000003c     drivers_cc26x2.a : UARTCC26XX.oem4f (.text:UARTCC26XX_finalizeIO)
                  000169d0    0000003c                      : NVSCC26XX.oem4f (.text:checkEraseRange)
                  00016a0c    0000003c     rom_sysbios.aem4f : rom_sysbios.obj (.text:ti_sysbios_family_arm_m3_Hwi_construct2__E)
                  00016a48    0000003a     StackWrapper.a : osal.o (.text)
                  00016a82    00000002     OneLib.a : ll.o (.text)
                  00016a84    00000038     drivers_cc26x2.a : AESCTRCC26XX.oem4f (.text:AESCTR_cleanup)
                  00016abc    00000038     board_key.obj (.text:Board_keyCallback$3)
                  00016af4    00000038     OneLib.a : hci.o (.text)
                  00016b2c    00000038              : linkdb.o (.text)
                  00016b64    00000038              : ll_ae.o (.text)
                  00016b9c    00000038              : ll_ae.o (.text)
                  00016bd4    00000038              : ll_common.o (.text)
                  00016c0c    00000038              : ll_enc.o (.text)
                  00016c44    00000038              : ll_scheduler.o (.text)
                  00016c7c    00000038              : sm_rsppairing.o (.text)
                  00016cb4    00000038     drivers_cc26x2.a : PINCC26XX.oem4f (.text:PIN_setConfig)
                  00016cec    00000038     rf_multiMode_cc26x2.a : RFCC26X2_multiMode.c.cc26x2.ccs.o (.text:RF_checkCmdFsError)
                  00016d24    00000038     simple_peripheral.obj (.text:SimplePeripheral_setPhy$5)
                  00016d5c    00000038     StackWrapper.a : osal_timers.o (.text)
                  00016d94    00000038     drivers_cc26x2.a : PowerCC26X2.oem4f (.text:notify)
                  00016dcc    00000038                      : UARTCC26XX.oem4f (.text:readData)
                  00016e04    00000038     two_btn_menu.obj (.text:tbm_goTo)
                  00016e3c    00000038     drivers_cc26x2.a : TemperatureCC26X2.oem4f (.text:temperatureHwiFxn)
                  00016e74    00000038     rom_sysbios.aem4f : rom_sysbios.obj (.text:ti_sysbios_family_arm_cc26xx_Timer_getCurrentTick__E)
                  00016eac    00000038     drivers_cc26x2.a : UARTCC26XX.oem4f (.text:writeData)
                  00016ee4    00000036     StackWrapper.a : ble_dispatch_lite.o (.text)
                  00016f1a    00000002     rf_multiMode_cc26x2.a : RFCC26X2_multiMode.c.cc26x2.ccs.o (.text:RF_defaultCallback)
                  00016f1c    00000034     drivers_cc26x2.a : AESECBCC26XX.oem4f (.text:AESECB_cleanup)
                  00016f50    00000034     gattservapp_util.obj (.text:GATTServApp_InitCharCfg)
                  00016f84    00000034     icall.obj (.text:ICall_heapFree)
                  00016fb8    00000034     icall.obj (.text:ICall_searchServiceEntity)
                  00016fec    00000034     driverlib.lib : aes.obj (.text:NOROM_AESStartDMAOperation)
                  00017020    00000034                   : sys_ctrl.obj (.text:NOROM_SysCtrlIdle)
                  00017054    00000034     nvocmp.obj (.text:NVOCMP_verifyCRC$10)
                  00017088    00000034     OneLib.a : hci.o (.text)
                  000170bc    00000034              : hci_tl.o (.text)
                  000170f0    00000034              : ll_ae.o (.text)
                  00017124    00000034              : ll_scheduler.o (.text)
                  00017158    00000034              : ll_scheduler.o (.text)
                  0001718c    00000034     rf_multiMode_cc26x2.a : RFCC26X2_multiMode.c.cc26x2.ccs.o (.text:RF_powerConstraintRelease)
                  000171c0    00000034                           : RFCC26X2_multiMode.c.cc26x2.ccs.o (.text:RF_runDirectImmediateCmd)
                  000171f4    00000034     simple_peripheral.obj (.text:SimplePeripheral_clockHandler$5)
                  00017228    00000034     driverlib.lib : osc.obj (.text:SpecialCapArrayWorkaroundEnabledAndNeeded$33)
                  0001725c    00000034     StackWrapper.a : gapbondmgr.o (.text)
                  00017290    00000034                    : icall_startup.o (.text)
                  000172c4    00000034     drivers_cc26x2.a : UARTCC26XX.oem4f (.text:readData2RingBuf)
                  000172f8    00000034     two_btn_menu.obj (.text:tbm_findActiveItem)
                  0001732c    00000034     rom_sysbios.aem4f : rom_sysbios.obj (.text:ti_sysbios_knl_Swi_setPri__E)
                  00017360    00000034     drivers_cc26x2.a : TemperatureCC26X2.oem4f (.text:updateThresholds)
                  00017394    00000032     icall.obj (.text:ICall_fetchServiceMsg)
                  000173c6    00000032     rom_sysbios.aem4f : rom_sysbios.obj (.text:ti_sysbios_family_arm_cc26xx_Timer_setNextTick__E)
                  000173f8    00000032                       : rom_sysbios.obj (.text:ti_sysbios_gates_GateMutexPri_insertPri__I)
                  0001742a    00000002     StackWrapper.a : common_rom_init.o (.text)
                  0001742c    00000030     ti_drivers_config.obj (.text:Board_init)
                  0001745c    00000030     ti_drivers_config.obj (.text:Board_wakeUpExtFlash)
                  0001748c    00000030     icall.obj (.text:ICall_dispatch$23)
                  000174bc    00000030     icall.obj (.text:ICall_msecs2Ticks$23)
                  000174ec    00000030     icall.obj (.text:ICall_primEntityId2ServiceId$23)
                  0001751c    00000030     icall.obj (.text:ICall_searchTask$23)
                  0001754c    00000030     nvocmp.obj (.text:NVOCMP_changePageState$10)
                  0001757c    00000030     drivers_cc26x2.a : NVSCC26XX.oem4f (.text:NVSCC26XX_erase)
                  000175ac    00000030     OneLib.a : gattservapp.o (.text)
                  000175dc    00000030              : ll_scheduler.o (.text)
                  0001760c    00000030     drivers_cc26x2.a : PowerCC26X2.oem4f (.text:Power_releaseConstraint)
                  0001763c    00000030                      : PowerCC26X2.oem4f (.text:Power_setConstraint)
                  0001766c    00000030     StackWrapper.a : osal_timers.o (.text)
                  0001769c    00000030     drivers_cc26x2.a : TRNGCC26XX.oem4f (.text:TRNGCC26XX_fillEntropyPool)
                  000176cc    00000030                      : TRNGCC26XX.oem4f (.text:TRNG_generateKey)
                  000176fc    00000030                      : TemperatureCC26X2.oem4f (.text:Temperature_unregisterNotify)
                  0001772c    00000030     rf_multiMode_cc26x2.a : rf_patch_cpe_bt5.c.cc26x2.ccs.o (.text:applyBt5Patch)
                  0001775c    00000030     simple_peripheral_app_pem4f.oem4f (.text:ti_sysbios_BIOS_atExitFunc__I)
                  0001778c    00000030     simple_peripheral_app_pem4f.oem4f (.text:ti_sysbios_BIOS_startFunc__I)
                  000177bc    00000030     rom_sysbios.aem4f : rom_sysbios.obj (.text:ti_sysbios_family_arm_cc26xx_Timer_initDevice__I)
                  000177ec    00000030     simple_peripheral_app_pem4f.oem4f (.text:ti_sysbios_gates_GateMutexPri_Object__create__S)
                  0001781c    00000030     simple_peripheral_app_pem4f.oem4f (.text:ti_sysbios_gates_GateMutexPri_create)
                  0001784c    00000030     simple_peripheral_app_pem4f.oem4f (.text:ti_sysbios_heaps_HeapCallback_Object__create__S)
                  0001787c    00000030     rom_sysbios.aem4f : rom_sysbios.obj (.text:ti_sysbios_knl_Clock_getTimeout__E)
                  000178ac    0000002e     icall_cc2650.obj (.text:ICallPlatform_pwrDispenseImpl$24)
                  000178da    0000002e     icall_cc2650.obj (.text:ICallPlatform_pwrRequireImpl$24)
                  00017908    0000002e     OneLib.a : gattservapp.o (.text)
                  00017936    0000002e     rf_multiMode_cc26x2.a : RFCC26X2_multiMode.c.cc26x2.ccs.o (.text:RF_queueEnd)
                  00017964    0000002c     drivers_cc26x2.a : GPIO.oem4f (.text:GPIO_resetConfig)
                  00017990    0000002c     icall.obj (.text:ICall_getLocalMsgEntityId)
                  000179bc    0000002c     icall.obj (.text:ICall_msgEnqueue$23)
                  000179e8    0000002c     drivers_cc26x2.a : NVS.oem4f (.text:NVS_init)
                  00017a14    0000002c     OneLib.a : gatt_task.o (.text)
                  00017a40    0000002c              : gattservapp.o (.text)
                  00017a6c    0000002c     rf_multiMode_cc26x2.a : RFCC26X2_multiMode.c.cc26x2.ccs.o (.text:RF_executeDirectImmediateCmd)
                  00017a98    0000002c     rom_init.obj (.text:ROM_Init)
                  00017ac4    0000002c     dpl_cc26x2.a : SemaphoreP_tirtos.oem4f (.text:SemaphoreP_constructBinary)
                  00017af0    0000002c                  : SemaphoreP_tirtos.oem4f (.text:SemaphoreP_createBinary)
                  00017b1c    0000002c     StackWrapper.a : hal_assert.o (.text)
                  00017b48    0000002c                    : osal_bufmgr.o (.text)
                  00017b74    0000002c     drivers_cc26x2.a : TRNGCC26XX.oem4f (.text:TRNGCC26XX_stopTrng)
                  00017ba0    0000002c     simple_peripheral_app_pem4f.oem4f (.text:ti_sysbios_gates_GateMutexPri_Handle__label__S)
                  00017bcc    0000002c     simple_peripheral_app_pem4f.oem4f (.text:ti_sysbios_heaps_HeapCallback_Handle__label__S)
                  00017bf8    0000002c     rom_sysbios.aem4f : rom_sysbios.obj (.text:ti_sysbios_knl_Clock_getTicksUntilInterrupt__E)
                  00017c24    0000002a     display_cc26x2.a : DisplayUart.oem4f (.text:DisplayUartAnsi_clear)
                  00017c4e    0000002a                      : Display.oem4f (.text:Display_doPrintf)
                  00017c78    0000002a     drivers_cc26x2.a : List.oem4f (.text:List_insert)
                  00017ca2    0000002a     rf_multiMode_cc26x2.a : RFCC26X2_multiMode.c.cc26x2.ccs.o (.text:RF_searchAndReplacePAOverride)
                  00017ccc    0000002a     simple_peripheral.obj (.text:SimplePeripheral_pairStateCb$5)
                  00017cf6    00000002     StackWrapper.a : hal_assert.o (.text)
                  00017cf8    00000028     drivers_cc26x2.a : GPIOCC26XX.oem4f (.text:GPIO_setMux)
                  00017d20    00000028     rf_multiMode_cc26x2.a : rfc.c.cc26x2.ccs.o (.text:NOROM_RFCOverrideSearch)
                  00017d48    00000028     nvocmp.obj (.text:NVOCMP_setCompactHdr$10)
                  00017d70    00000028     OneLib.a : gattservapp.o (.text)
                  00017d98    00000028              : ll_common.o (.text)
                  00017dc0    00000028     drivers_cc26x2.a : PowerCC26X2.oem4f (.text:Power_registerNotify)
                  00017de8    00000028     rf_multiMode_cc26x2.a : RFCC26X2_multiMode.c.cc26x2.ccs.o (.text:RF_calculateDeltaTimeUs)
                  00017e10    00000028                           : RFCC26X2_multiMode.c.cc26x2.ccs.o (.text:RF_runScheduleCmd)
                  00017e38    00000028     StackWrapper.a : osal.o (.text)
                  00017e60    00000028                    : osal_snv_wrapper.o (.text)
                  00017e88    00000028                    : osal_snv_wrapper.o (.text)
                  00017eb0    00000028                    : osal_snv_wrapper.o (.text)
                  00017ed8    00000028     drivers_cc26x2.a : PowerCC26X2.oem4f (.text:oscillatorISR)
                  00017f00    00000028                      : NVSCC26XX.oem4f (.text:restoreFlashCache)
                  00017f28    00000028     two_btn_menu.obj (.text:tbm_setItemStatus)
                  00017f50    00000026     drivers_cc26x2.a : AESCTRCC26XX.oem4f (.text:AESCTR_setOperationInProgress)
                  00017f76    00000026     icall.obj (.text:ICall_sendServiceMsg)
                  00017f9c    00000026     drivers_cc26x2.a : List.oem4f (.text:List_put)
                  00017fc2    00000026                      : List.oem4f (.text:List_putHead)
[...]
20000fcb  maxTxPwrForDTM                                                  
20000fcc  onePktPerEvt                                                    
20000fcd  numComplPkts                                                    
20000fce  numComplPktsLimit                                               
20000fcf  numComplPktsFlush                                               
20000fd0  fastTxRespTime                                                  
20000fd1  slOverride                                                      
20000fd2  rxFifoFlowCtrl                                                  
20000fd3  numTxDataBufs                                                   
20000fd4  maxNumConns                                                     
20000fd5  aeCurHandle                                                     
20000fd6  aeCurAdvEnableHandle                                            
20000fd7  aeCurConnHandle                                                 
20000fd8  extScanIndex                                                    
20000fd9  extInitIndex                                                    
20000fda  scanState                                                       
20000fdb  lastPrimPhy                                                     
20000fdc  lastScanRsp                                                     
20000fdd  smTaskID                                                        
20000fde  SM_appExpectingKey                                              
200016bd  autoConnect                                                     
200016c4  dispHandle                                                      
20001750  spTask                                                          
20001860  PowerCC26X2_module                                              
20001af4  ROM_stateStruct                                                 
20001af4  ti_sysbios_knl_Clock_Module__state__V                           
20001b20  ti_sysbios_family_arm_cc26xx_TimestampProvider_Module__state__V 
20001b24  xdc_runtime_Startup_Module__state__V                            
20001b2c  xdc_runtime_Registry_Module__state__V                           
20001b34  ti_sysbios_BIOS_Module__state__V                                
20001b58  ti_sysbios_knl_Swi_Module__state__V                             
20001b74  ti_sysbios_knl_Task_Module__state__V                            
20001bb8  xdc_runtime_Memory_Module__state__V                             
20001bbc  xdc_runtime_System_Module__state__V                             
20001bc4  ti_sysbios_family_arm_m3_Hwi_Module__state__V                   
20001bf8  ti_sysbios_family_arm_cc26xx_Timer_Module__state__V             
20001cf8  gapAttrTbl                                                      
20001dac  ICall_enterCriticalSection                                      
20001db0  ICall_leaveCriticalSection                                      
20001db4  ICall_dispatcher                                                
20001dc8  heapmgrMemFreeTotal                                             
20001dd4  HEAPMGR_SIZE                                                    
20001e44  pairMode                                                        
20001e45  mitm                                                            
20001e46  ioCap                                                           
20001e47  bonding                                                         
20001e48  secureConnection                                                
20001e49  authenPairingOnly                                               
20001e4a  autoSyncWL                                                      
20001e4b  eccReGenPolicy                                                  
20001e4c  KeySize                                                         
20001e4d  removeLRUBond                                                   
20001e4e  KeyDistList                                                     
20001e4f  eccDebugKeys                                                    
20001e50  allowDebugKeys                                                  
20001e51  eraseBondWhileInConn                                            
20001e54  pRandomAddress                                                  
20001e58  advData1                                                        
20001e63  advData2                                                        
20001e6e  attDeviceName                                                   
20001e83  scanResData1                                                    
20001e9c  advParams1                                                      
20001eb8  advParams2                                                      
20001ed4  gpioPinConfigs                                                  
20001f50  llUserConfig                                                    
20001fb4  RF_modeBle                                                      
20001fc4  txPowerTable_2400_pa5                                           
20002016  gAction                                                         
20002017  NVOCMP_size                                                     
20002044  NVOCMP_nvHandle                                                 
20002074  pOverrides_bleCommon                                            
200020d4  ti_sysbios_knl_Task_Object__table__V                            
20002124  appKeyChangeHandler                                             
20002128  hKeyPins                                                        
2000212c  keyPinsCfg                                                      
20002138  keyPins                                                         
20002168  ti_sysbios_family_arm_cc26xx_Timer_Object__table__V             
200021b0  gattAttrTbl                                                     
200021f0  sm_eccKeys_sc_host_debug                                        
20002234  injectCalibrationPowerNotifyObj                                 
2000226c  nvintfFncStruct                                                 
200022a8  ti_sysbios_gates_GateMutex_Object__table__V                     
200022e0  ti_sysbios_knl_Swi_Module_State_0_readyQ__A                     
20002310  ti_sysbios_knl_Swi_Object__table__V                             
20002340  ti_sysbios_knl_Task_Module_State_0_readyQ__A                    
20002370  _hposcCoeffs                                                    
20002394  eccParams_NISTP256                                              
200023d8  ti_sysbios_knl_Clock_Object__table__V                           
200023f8  xdc_runtime_Error_IgnoreBlock                                   
20002418  pOverrides_ble2Mbps                                             
20002434  pOverrides_ble1Mbps                                             
2000244c  ti_sysbios_family_arm_m3_Hwi_Object__table__V                   
20002464  tbmRowItemLast                                                  
2000248c  pOverrides_bleCoded                                             
200024f5  deviceNameCharProps                                             
200024f6  disconnectImmedConnId                                           
200024f8  gattAttrTbl_gatt_no_service_changed                             
20002508  sizeInfo                                                        
20002518  bleAppServiceInfoTable                                          
20002528  user0Cfg                                                        
20002538  ti_sysbios_heaps_HeapCallback_Object__table__V                  
2000254d  appearanceCharProps                                             
2000254e  llUserConfig_maxPduSize                                         
20002550  pinUpperBound                                                   
20002554  pinLowerBound                                                   
20002559  periConnParamCharProps                                          
2000255a  baseTaskID                                                      
20002564  bleUserCfg_maxPduSize                                           
20002568  appAssertCback                                                  
2000256c  pfnBMFree                                                       
20002570  lastAppOpcodeIdxSent                                            
20002574  _lock                                                           
20002578  _unlock                                                         
2000257c  periConnParameters                                              
20002584  RFCC26XX_schedulerPolicy                                        
2000258c  pfnBMAlloc                                                      
20002590  pRfErrCb                                                        
2000259c  ti_sysbios_family_arm_m3_Hwi_Module__root__V                    
200025a4  ti_sysbios_gates_GateHwi_Module__root__V                        
200025ac  ti_sysbios_gates_GateMutexPri_Module__root__V                   
200025b4  ti_sysbios_gates_GateMutex_Module__root__V                      
200025bc  ti_sysbios_hal_Hwi_Module__root__V                              
200025c4  ti_sysbios_heaps_HeapCallback_Module__root__V                   
200025cc  ti_sysbios_heaps_HeapMem_Module__root__V                        
200025d4  ti_sysbios_knl_Clock_Module__root__V                            
200025dc  ti_sysbios_knl_Event_Module__root__V                            
200025e4  ti_sysbios_knl_Mailbox_Module__root__V                          
200025ec  ti_sysbios_knl_Queue_Module__root__V                            
200025f4  ti_sysbios_knl_Semaphore_Module__root__V                        
200025fc  ti_sysbios_knl_Swi_Module__root__V                              
20002604  ti_sysbios_knl_Task_Module__root__V                             
20002616  CryptoResourceCC26XX_pollingFlag                                
20002618  patchedSlaveCtrlPktList                                         
2000261c  halAssertCback                                                  
20002620  icallServiceTblPtr                                              
20002624  main_func_sp                                                    
20002628  ti_sysbios_family_arm_m3_Hwi_Module_State_0_excContext__A       
2000262c  ti_sysbios_family_arm_m3_Hwi_Module_State_0_excStack__A         
20002630  ti_sysbios_knl_Task_Module_State_0_idleTask__A                  
20002634  PKAResourceCC26XX_pollingFlag                                   
20002638  ti_sysbios_family_arm_m3_Hwi_Module_State_0_excActive__A        
2000263a  centAddrResCharProps                                            
2000263b  centAddrRes                                                     
2000263c  resolvablePrivateAddressOnlyCharProps                           
2000263d  GATTServApp_gatt_no_service_changed                             
2000263f  qosDefaultPriorityConnParameter                                 
20002640  extScanChanMap                                                  
20002641  sizeOfAllExtConnParam                                           
20002642  rfRatHandle                                                     
20002643  smAllowDebugKeysMode                                            
20002644  gapEndAppTaskID                                                 
20002645  gapAppTaskID                                                    
20002646  legacyMode                                                      
20002647  argPeriodic                                                     
20002648  argRpaRead                                                      
20002658  spTaskStack                                                     
20002a58  ti_sysbios_knl_Task_Instance_State_0_stack__A                   
20002d58  uartCC26XXObjects                                               
20002f04  ggs_AppCBs                                                      
20002f08  rfObject                                                        
20003008  ti_sysbios_family_arm_m3_Hwi_dispatchTable                      
200030e0  trngCC26XXObjects                                               
200031e4  gpioCallbackFunctions                                           
20003260  gpioUserArgs                                                    
200032dc  pinHandleTable                                                  
20003358  cbTimers                                                        
200033d0  spMenuMain                                                      
200033e4  spMenuSelectConn                                                
200033f8  spMenuPerConn                                                   
2000340c  spMenuConnPhy                                                   
20003420  spMenuAutoConnect                                               
20003434  aesctrdrbgXXObjects                                             
200034dc  CryptoResourceCC26XX_accessSemaphore                            
2000352c  CryptoResourceCC26XX_operationSemaphore                         
2000357c  PKAResourceCC26XX_accessSemaphore                               
200035cc  PKAResourceCC26XX_operationSemaphore                            
2000361c  aesctrCC26XXObjects                                             
20003660  nvFptrs                                                         
200036d8  aesecbCC26XXObjects                                             
20003700  llCteSamples                                                    
20003724  req                                                             
20003744  gapBond_remoteOobData                                           
20003764  gapBond_localOobData                                            
200037c4  ecdhCC26X2Objects                                               
20003870  CryptoResourceCC26XX_hwi                                        
2000388c  PKAResourceCC26XX_hwi                                           
200038a8  deviceName                                                      
200038c0  llCoex                                                          
200038d8  aesccmCC26XXObjects                                             
20003918  rfMode                                                          
20003938  llCteTest                                                       
20003944  cteAntennaProp                                                  
20003950  llTaskList                                                      
20003968  displayUartObject                                               
20003974  defaultChannelMap                                               
2000397c  secondaryAdvChannelMap                                          
20003984  llRfCmdPreemption                                               
20003998  BDAddrPerConnHandle                                             
2000399c  llCte                                                           
200039a0  llConnExtParam                                                  
200039a4  extStackSettings                                                
200039a8  trngHandle                                                      
200039ac  LSTORecoveryArr                                                 
200039b0  pNextAdvSet                                                     
200039b4  llCurrentMappedChan                                             
200039b8  drbgHandle                                                      
200039bc  pRpaCfg                                                         
200039c0  gapBond_lruBondList                                             
200039c4  gapBondStateNodeHead                                            
200039c8  osal_syncHandle                                                 
200039cc  osal_tickperiod                                                 
200039d0  osal_max_msecs                                                  
200039d4  osal_icallMsg_hook                                              
200039d8  osal_qHead                                                      
200039dc  osal_eventloop_hook                                             
200039e8  OSAL_timeSeconds                                                
200039ec  timerHead                                                       
200039f4  osal_last_timestamp                                             
20003a00  PowerCC26XX_swiKey                                              
20003a04  PowerCC26XX_taskKey                                             
20003a08  nvsCC26XXObjects                                                
20003a0c  tasksEvents                                                     
20003a10  appearance                                                      
20003a12  maximumPduSize                                                  
20003a16  pwrmgr_attribute                                                
20003a18  resolvablePrivateAddressOnly                                    
20003a19  GATTServApp_att_delayed_req                                     
20003a1a  hciTaskID                                                       
20003a1b  hciL2capTaskID                                                  
20003a1c  hciGapTaskID                                                    
20003a1d  hciSmpTaskID                                                    
20003a1e  hciTestTaskID                                                   
20003a1f  hciVsEvtMask                                                    
20003a20  scanReqRpt                                                      
20003a21  secondaryAdvChannelMapPopCount                                  
20003a22  qosDefaultPriorityAdvParameter                                  
20003a23  maxNumCteDataBufs                                               
20003a24  numActiveAdvSets                                                
20003a25  wlSize                                                          
20003a26  rlSize                                                          
20003a27  decryptResult                                                   
20003a28  llUnhandleNextIntFlag                                           
20003a29  smAuthenPairingOnlyMode                                         
20003a2a  icall_liteTaskId                                                
20003a2b  gapBond_removeLRUBond                                           
20003a2c  gapBond_syncRL                                                  
20003a2d  assertSubcause                                                  
20003a2e  osal_entity                                                     
20003a2f  pwrmgr_initialized                                              
20003a31  heapStart                                                       
20013c00  __stack                                                         
20013c00  heapEnd                                                         
20014000  __STACK_END                                                     
20014000  __STACK_TOP                                                     
20014000  __UNUSED_SRAM_end__                                             
e000e000  ti_sysbios_family_arm_m3_Hwi_nvic                               
ffffffff  __TI_pprof_out_hndl                                             
ffffffff  __TI_prof_data_size                                             
ffffffff  __TI_prof_data_start                                            
ffffffff  __binit__                                                       
ffffffff  __c_args__                                                      
ffffffff  binit                                                           
UNDEFED   ITM_flush                                                       
UNDEFED   ITM_restore                                                     
UNDEFED   SHT$$INIT_ARRAY$$Base                                           
UNDEFED   SHT$$INIT_ARRAY$$Limit                                          

[3051 symbols]
